Archive member included because of file (symbol)

c:/yagarto/bin/../lib/gcc/arm-elf/4.3.2\libgcc.a(_udivsi3.o)
                              obj/flash-bl_ff.o (__udivsi3)
c:/yagarto/bin/../lib/gcc/arm-elf/4.3.2\libgcc.a(_divsi3.o)
                              obj/flash-bl_fat.o (__divsi3)
c:/yagarto/bin/../lib/gcc/arm-elf/4.3.2\libgcc.a(_umodsi3.o)
                              obj/flash-bl_fat.o (__umodsi3)
c:/yagarto/bin/../lib/gcc/arm-elf/4.3.2\libgcc.a(_dvmd_tls.o)
                              c:/yagarto/bin/../lib/gcc/arm-elf/4.3.2\libgcc.a(_udivsi3.o) (__div0)
c:/yagarto/bin/../lib/gcc/arm-elf/4.3.2/../../../../arm-elf/lib\libg.a(lib_a-ctype_.o)
                              obj/flash-bl_fat.o (__ctype_ptr)
c:/yagarto/bin/../lib/gcc/arm-elf/4.3.2/../../../../arm-elf/lib\libg.a(lib_a-malloc.o)
                              obj/flash-bl_fat.o (free)
c:/yagarto/bin/../lib/gcc/arm-elf/4.3.2/../../../../arm-elf/lib\libg.a(lib_a-mallocr.o)
                              c:/yagarto/bin/../lib/gcc/arm-elf/4.3.2/../../../../arm-elf/lib\libg.a(lib_a-malloc.o) (_malloc_r)
c:/yagarto/bin/../lib/gcc/arm-elf/4.3.2/../../../../arm-elf/lib\libg.a(lib_a-memcpy.o)
                              obj/flash-bl_fat.o (memcpy)
c:/yagarto/bin/../lib/gcc/arm-elf/4.3.2/../../../../arm-elf/lib\libg.a(lib_a-memset.o)
                              obj/flash-bl_fat.o (memset)
c:/yagarto/bin/../lib/gcc/arm-elf/4.3.2/../../../../arm-elf/lib\libg.a(lib_a-mlock.o)
                              c:/yagarto/bin/../lib/gcc/arm-elf/4.3.2/../../../../arm-elf/lib\libg.a(lib_a-mallocr.o) (__malloc_lock)
c:/yagarto/bin/../lib/gcc/arm-elf/4.3.2/../../../../arm-elf/lib\libg.a(lib_a-sbrkr.o)
                              c:/yagarto/bin/../lib/gcc/arm-elf/4.3.2/../../../../arm-elf/lib\libg.a(lib_a-mallocr.o) (_sbrk_r)
c:/yagarto/bin/../lib/gcc/arm-elf/4.3.2/../../../../arm-elf/lib\libg.a(lib_a-strchr.o)
                              obj/flash-bl_fat.o (strchr)
c:/yagarto/bin/../lib/gcc/arm-elf/4.3.2/../../../../arm-elf/lib\libg.a(lib_a-strcmp.o)
                              obj/flash-bl_fat.o (strcmp)
c:/yagarto/bin/../lib/gcc/arm-elf/4.3.2/../../../../arm-elf/lib\libg.a(lib_a-strcpy.o)
                              obj/flash-bl_fat.o (strcpy)
c:/yagarto/bin/../lib/gcc/arm-elf/4.3.2/../../../../arm-elf/lib\libg.a(lib_a-strlen.o)
                              obj/flash-bl_fat.o (strlen)
c:/yagarto/bin/../lib/gcc/arm-elf/4.3.2/../../../../arm-elf/lib\libg.a(lib_a-strncpy.o)
                              obj/flash-bl_blconfgui.o (strncpy)
c:/yagarto/bin/../lib/gcc/arm-elf/4.3.2/../../../../arm-elf/lib\libg.a(lib_a-strnlen.o)
                              obj/flash-bl_rprintf.o (strnlen)
c:/yagarto/bin/../lib/gcc/arm-elf/4.3.2/../../../../arm-elf/lib\libg.a(lib_a-strstr.o)
                              obj/flash-bl_blconfgui.o (strstr)
c:/yagarto/bin/../lib/gcc/arm-elf/4.3.2/../../../../arm-elf/lib\libg.a(lib_a-syscalls.o)
                              c:/yagarto/bin/../lib/gcc/arm-elf/4.3.2/../../../../arm-elf/lib\libg.a(lib_a-sbrkr.o) (_sbrk)
c:/yagarto/bin/../lib/gcc/arm-elf/4.3.2/../../../../arm-elf/lib\libg.a(lib_a-errno.o)
                              c:/yagarto/bin/../lib/gcc/arm-elf/4.3.2/../../../../arm-elf/lib\libg.a(lib_a-syscalls.o) (__errno)
c:/yagarto/bin/../lib/gcc/arm-elf/4.3.2/../../../../arm-elf/lib\libg.a(lib_a-findfp.o)
                              c:/yagarto/bin/../lib/gcc/arm-elf/4.3.2/../../../../arm-elf/lib\libg.a(lib_a-syscalls.o) (__sinit)
c:/yagarto/bin/../lib/gcc/arm-elf/4.3.2/../../../../arm-elf/lib\libg.a(lib_a-freer.o)
                              c:/yagarto/bin/../lib/gcc/arm-elf/4.3.2/../../../../arm-elf/lib\libg.a(lib_a-malloc.o) (_free_r)
c:/yagarto/bin/../lib/gcc/arm-elf/4.3.2/../../../../arm-elf/lib\libg.a(lib_a-fwalk.o)
                              c:/yagarto/bin/../lib/gcc/arm-elf/4.3.2/../../../../arm-elf/lib\libg.a(lib_a-findfp.o) (_fwalk)
c:/yagarto/bin/../lib/gcc/arm-elf/4.3.2/../../../../arm-elf/lib\libg.a(lib_a-impure.o)
                              c:/yagarto/bin/../lib/gcc/arm-elf/4.3.2/../../../../arm-elf/lib\libg.a(lib_a-malloc.o) (_impure_ptr)
c:/yagarto/bin/../lib/gcc/arm-elf/4.3.2/../../../../arm-elf/lib\libg.a(lib_a-reent.o)
                              c:/yagarto/bin/../lib/gcc/arm-elf/4.3.2/../../../../arm-elf/lib\libg.a(lib_a-sbrkr.o) (errno)
c:/yagarto/bin/../lib/gcc/arm-elf/4.3.2/../../../../arm-elf/lib\libg.a(lib_a-stdio.o)
                              c:/yagarto/bin/../lib/gcc/arm-elf/4.3.2/../../../../arm-elf/lib\libg.a(lib_a-findfp.o) (__sclose)
c:/yagarto/bin/../lib/gcc/arm-elf/4.3.2/../../../../arm-elf/lib\libg.a(lib_a-writer.o)
                              c:/yagarto/bin/../lib/gcc/arm-elf/4.3.2/../../../../arm-elf/lib\libg.a(lib_a-stdio.o) (_write_r)
c:/yagarto/bin/../lib/gcc/arm-elf/4.3.2/../../../../arm-elf/lib\libg.a(lib_a-closer.o)
[...]
Memory Configuration

Name             Origin             Length             Attributes
sram             0x00200000         0x00008000         w !xr
flash            0x00100000         0x00080000         xr
*default*        0x00000000         0xffffffff

Linker script and memory map

LOAD c:/yagarto/bin/../lib/gcc/arm-elf/4.3.2/../../../../arm-elf/lib\libm.a
LOAD obj/flash-bl_board_cstartup-bl.o
LOAD obj/flash-bl_main.o
LOAD obj/flash-bl_board_lowlevel.o
LOAD obj/flash-bl_pmc.o
LOAD obj/flash-bl_ff.o
LOAD obj/flash-bl_diskio.o
LOAD obj/flash-bl_fat.o
LOAD obj/flash-bl_serial.o
LOAD obj/flash-bl_spi.o
LOAD obj/flash-bl_i2c.o
LOAD obj/flash-bl_sdcard.o
LOAD obj/flash-bl_usb_bot.o
LOAD obj/flash-bl_usb_drv.o
LOAD obj/flash-bl_usb_dsc.o
LOAD obj/flash-bl_usb_lun.o
LOAD obj/flash-bl_usb_sbc_func.o
LOAD obj/flash-bl_usb_std.o
LOAD obj/flash-bl_delay.o
LOAD obj/flash-bl_rprintf.o
LOAD obj/flash-bl_screen.o
LOAD obj/flash-bl_oled.o
LOAD obj/flash-bl_font.o
LOAD obj/flash-bl_blconfgui.o
LOAD obj/flash-bl_nvmrc.o
LOAD obj/flash-bl_ugscrdrv.o
LOAD obj/flash-bl_microgui.o
LOAD obj/flash-bl_abort.o
LOAD obj/flash-bl_interrupt_utils.o
LOAD obj/flash-bl_usb_irq.o
LOAD obj/flash-bl_time.o
START GROUP
LOAD c:/yagarto/bin/../lib/gcc/arm-elf/4.3.2\libgcc.a
LOAD c:/yagarto/bin/../lib/gcc/arm-elf/4.3.2/../../../../arm-elf/lib\libg.a
LOAD c:/yagarto/bin/../lib/gcc/arm-elf/4.3.2/../../../../arm-elf/lib\libc.a
END GROUP

.fixed          0x00100000    0x16ec4
                0x00100000                . = ALIGN (0x4)
                0x00100000                _sfixed = .
 *(.text*)
 .text          0x00100000       0xa0 obj/flash-bl_board_cstartup-bl.o
                0x00100000                entry
 .text.main     0x001000a0      0xc90 obj/flash-bl_main.o
                0x001000a0                main
 .text.init_lowlevel_io
                0x00100d30      0x274 obj/flash-bl_main.o
                0x00100d30                init_lowlevel_io
 .text.chargerManager
                0x00100fa4      0x3a4 obj/flash-bl_main.o
                0x00100fa4                chargerManager
 .text.chargerStat
                0x00101348      0x3d0 obj/flash-bl_main.o
                0x00101348                chargerStat
 .text.defaultSpuriousHandler
                0x00101718       0x10 obj/flash-bl_board_lowlevel.o
                0x00101718                defaultSpuriousHandler
 .text.defaultFiqHandler
                0x00101728       0x10 obj/flash-bl_board_lowlevel.o
                0x00101728                defaultFiqHandler
 .text.defaultIrqHandler
                0x00101738       0x10 obj/flash-bl_board_lowlevel.o
                0x00101738                defaultIrqHandler
 .text.BOARD_RemapRam
                0x00101748       0x1c obj/flash-bl_board_lowlevel.o
                0x00101748                BOARD_RemapRam
 .text.LowLevelInit
                0x00101764      0x210 obj/flash-bl_board_lowlevel.o
                0x00101764                LowLevelInit
 .text.pioInit  0x00101974      0x240 obj/flash-bl_board_lowlevel.o
                0x00101974                pioInit
 .text.mem_cpy  0x00101bb4       0x88 obj/flash-bl_ff.o
 .text.mem_set  0x00101c3c       0x74 obj/flash-bl_ff.o
 .text.mem_cmp  0x00101cb0       0xc4 obj/flash-bl_ff.o
 .text.chk_chr  0x00101d74       0x64 obj/flash-bl_ff.o
 .text.move_window
                0x00101dd8      0x1a4 obj/flash-bl_ff.o
 .text.sync     0x00101f7c      0x2dc obj/flash-bl_ff.o
 .text.get_fat  0x00102258      0x2f4 obj/flash-bl_ff.o
                0x00102258                get_fat
 .text.put_fat  0x0010254c      0x40c obj/flash-bl_ff.o
                0x0010254c                put_fat
 .text.remove_chain
                0x00102958      0x138 obj/flash-bl_ff.o
 .text.create_chain
                0x00102a90      0x234 obj/flash-bl_ff.o
 .text.clust2sect
                0x00102cc4       0x7c obj/flash-bl_ff.o
                0x00102cc4                clust2sect
 .text.dir_sdi  0x00102d40      0x22c obj/flash-bl_ff.o
 .text.dir_next
                0x00102f6c      0x394 obj/flash-bl_ff.o
 .text.dir_find
                0x00103300      0x144 obj/flash-bl_ff.o
 .text.dir_read
                0x00103444      0x120 obj/flash-bl_ff.o
 .text.dir_register
                0x00103564      0x180 obj/flash-bl_ff.o
 .text.create_name
                0x001036e4      0x3bc obj/flash-bl_ff.o
 .text.get_fileinfo
                0x00103aa0      0x240 obj/flash-bl_ff.o
 .text.follow_path
                0x00103ce0      0x1f8 obj/flash-bl_ff.o
 .text.check_fs
                0x00103ed8      0x1b0 obj/flash-bl_ff.o
 .text.chk_mounted
                0x00104088      0xab4 obj/flash-bl_ff.o
 .text.validate
                0x00104b3c       0xac obj/flash-bl_ff.o
 .text.f_mount  0x00104be8       0xa0 obj/flash-bl_ff.o
                0x00104be8                f_mount
 .text.f_open   0x00104c88      0x578 obj/flash-bl_ff.o
                0x00104c88                f_open
 .text.f_read   0x00105200      0x5b8 obj/flash-bl_ff.o
                0x00105200                f_read
 .text.f_write  0x001057b8      0x660 obj/flash-bl_ff.o
                0x001057b8                f_write
 .text.f_sync   0x00105e18      0x338 obj/flash-bl_ff.o
                0x00105e18                f_sync
 .text.f_close  0x00106150       0x58 obj/flash-bl_ff.o
                0x00106150                f_close
 .text.f_opendir
                0x001061a8      0x1ac obj/flash-bl_ff.o
                0x001061a8                f_opendir
 .text.f_readdir
                0x00106354      0x140 obj/flash-bl_ff.o
                0x00106354                f_readdir
 .text.f_stat   0x00106494       0xd0 obj/flash-bl_ff.o
                0x00106494                f_stat
 .text.disk_initialize
                0x00106564       0x24 obj/flash-bl_diskio.o
                0x00106564                disk_initialize
 .text.disk_status
                0x00106588       0x24 obj/flash-bl_diskio.o
                0x00106588                disk_status
 .text.disk_read
                0x001065ac       0xd0 obj/flash-bl_diskio.o
                0x001065ac                disk_read
 .text.disk_write
                0x0010667c       0xd4 obj/flash-bl_diskio.o
                0x0010667c                disk_write
 .text.disk_ioctl
                0x00106750       0x3c obj/flash-bl_diskio.o
                0x00106750                disk_ioctl
 .text.get_fattime
                0x0010678c       0x1c obj/flash-bl_diskio.o
                0x0010678c                get_fattime
 .text.readsector
                0x001067a8       0x88 obj/flash-bl_fat.o
 .text.fat_init
                0x00106830      0x58c obj/flash-bl_fat.o
                0x00106830                fat_init
 .text.dbg_usart_init
                0x00106dbc       0x88 obj/flash-bl_serial.o
                0x00106dbc                dbg_usart_init
 .text.dbg_usart_putchar
                0x00106e44       0x48 obj/flash-bl_serial.o
                0x00106e44                dbg_usart_putchar
 .text.spi_init
                0x00106e8c       0xcc obj/flash-bl_spi.o
                0x00106e8c                spi_init
 .text.spi_byte
                0x00106f58       0xe8 obj/flash-bl_spi.o
                0x00106f58                spi_byte
 .text.i2cMasterConf
                0x00107040      0x154 obj/flash-bl_i2c.o
                0x00107040                i2cMasterConf
 .text.i2cWriteByte
                0x00107194       0xe0 obj/flash-bl_i2c.o
                0x00107194                i2cWriteByte
 .text.i2cReadByte
                0x00107274      0x118 obj/flash-bl_i2c.o
                0x00107274                i2cReadByte
 .text.i2cMultipleReadByteStart
                0x0010738c       0x44 obj/flash-bl_i2c.o
                0x0010738c                i2cMultipleReadByteStart
 .text.i2cMultipleReadByteRead
                0x001073d0       0xa4 obj/flash-bl_i2c.o
                0x001073d0                i2cMultipleReadByteRead
 .text.i2cMultipleReadByteEnd
                0x00107474      0x108 obj/flash-bl_i2c.o
                0x00107474                i2cMultipleReadByteEnd
 .text.sd_card_detect
                0x0010757c       0x18 obj/flash-bl_sdcard.o
                0x0010757c                sd_card_detect
 .text.sd_command
                0x00107594      0x150 obj/flash-bl_sdcard.o
                0x00107594                sd_command
 .text.sd_send_dummys
                0x001076e4       0x64 obj/flash-bl_sdcard.o
                0x001076e4                sd_send_dummys
 .text.sd_get_response
                0x00107748       0x80 obj/flash-bl_sdcard.o
                0x00107748                sd_get_response
 .text.sd_get_datatoken
                0x001077c8       0x80 obj/flash-bl_sdcard.o
                0x001077c8                sd_get_datatoken
 .text.sd_init  0x00107848      0x400 obj/flash-bl_sdcard.o
                0x00107848                sd_init
 .text.sd_info  0x00107c48      0x41c obj/flash-bl_sdcard.o
                0x00107c48                sd_info
 .text.sd_readsector
                0x00108064      0x1e8 obj/flash-bl_sdcard.o
                0x00108064                sd_readsector
 .text.sd_writesector
                0x0010824c      0x244 obj/flash-bl_sdcard.o
                0x0010824c                sd_writesector
 .text.bot_reset
                0x00108490       0x44 obj/flash-bl_usb_bot.o
                0x00108490                bot_reset
 .text.bot_callback
                0x001084d4       0x68 obj/flash-bl_usb_bot.o
                0x001084d4                bot_callback
 .text.bot_get_command_information
                0x0010853c       0x88 obj/flash-bl_usb_bot.o
 .text.bot_pre_process_command
                0x001085c4      0x408 obj/flash-bl_usb_bot.o
 .text.bot_post_process_command
                0x001089cc       0xb0 obj/flash-bl_usb_bot.o
 .text.bot_process_command
                0x00108a7c      0x254 obj/flash-bl_usb_bot.o
 .text.bot_request_handler
                0x00108cd0      0x254 obj/flash-bl_usb_bot.o
                0x00108cd0                bot_request_handler
 .text.bot_init
                0x00108f24       0x9c obj/flash-bl_usb_bot.o
                0x00108f24                bot_init
 .text.bot_state_machine
                0x00108fc0      0x3a0 obj/flash-bl_usb_bot.o
                0x00108fc0                bot_state_machine
 .text.usb_power_detect
                0x00109360       0x4c obj/flash-bl_usb_drv.o
                0x00109360                usb_power_detect
 .text.last_set_bit
                0x001093ac      0x134 obj/flash-bl_usb_drv.o
                0x001093ac                last_set_bit
 .text.usb_check_bus_status
                0x001094e0      0x17c obj/flash-bl_usb_drv.o
                0x001094e0                usb_check_bus_status
 .text.usb_enable_device
                0x0010965c       0xe4 obj/flash-bl_usb_drv.o
                0x0010965c                usb_enable_device
 .text.usb_disable_device
                0x00109740       0xe4 obj/flash-bl_usb_drv.o
                0x00109740                usb_disable_device
 .text.usb_bus_reset_handler
                0x00109824       0xf8 obj/flash-bl_usb_drv.o
                0x00109824                usb_bus_reset_handler
 .text.usb_end_of_transfer
                0x0010991c      0x240 obj/flash-bl_usb_drv.o
                0x0010991c                usb_end_of_transfer
 .text.usb_configure_endpoint
                0x00109b5c      0x354 obj/flash-bl_usb_drv.o
                0x00109b5c                usb_configure_endpoint
 .text.usb_send_zlp0
                0x00109eb0       0x50 obj/flash-bl_usb_drv.o
                0x00109eb0                usb_send_zlp0
 .text.usb_set_address
                0x00109f00       0xe0 obj/flash-bl_usb_drv.o
                0x00109f00                usb_set_address
 .text.usb_clear_rx_flag
                0x00109fe0      0x198 obj/flash-bl_usb_drv.o
 .text.usb_writepayload
                0x0010a178      0x328 obj/flash-bl_usb_drv.o
 .text.usb_write
                0x0010a4a0      0x3c8 obj/flash-bl_usb_drv.o
                0x0010a4a0                usb_write
 .text.usb_getpayload
                0x0010a868      0x3bc obj/flash-bl_usb_drv.o
 .text.usb_read
                0x0010ac24      0x2f8 obj/flash-bl_usb_drv.o
                0x0010ac24                usb_read
 .text.usb_endpoint_handler
                0x0010af1c      0xd8c obj/flash-bl_usb_drv.o
                0x0010af1c                usb_endpoint_handler
 .text.usb_stall
                0x0010bca8       0xb0 obj/flash-bl_usb_drv.o
                0x0010bca8                usb_stall
 .text.usb_halt
                0x0010bd58      0x2c4 obj/flash-bl_usb_drv.o
                0x0010bd58                usb_halt
 .text.usb_set_configuration
                0x0010c01c      0x134 obj/flash-bl_usb_drv.o
                0x0010c01c                usb_set_configuration
 .text.lun_init
                0x0010c150      0x2d0 obj/flash-bl_usb_lun.o
                0x0010c150                lun_init
 .text.lun_read
                0x0010c420       0xd0 obj/flash-bl_usb_lun.o
                0x0010c420                lun_read
 .text.lun_write
                0x0010c4f0       0xd0 obj/flash-bl_usb_lun.o
                0x0010c4f0                lun_write
 .text.sbc_inquiry
                0x0010c5c0      0x190 obj/flash-bl_usb_sbc_func.o
 .text.sbc_read_capacity10
                0x0010c750      0x150 obj/flash-bl_usb_sbc_func.o
 .text.sbc_write10
                0x0010c8a0      0x4cc obj/flash-bl_usb_sbc_func.o
 .text.sbc_read10
                0x0010cd6c      0x4cc obj/flash-bl_usb_sbc_func.o
 .text.sbc_mode_sense6
                0x0010d238      0x148 obj/flash-bl_usb_sbc_func.o
 .text.sbc_request_sense
                0x0010d380      0x16c obj/flash-bl_usb_sbc_func.o
 .text.sbc_test_unit_ready
                0x0010d4ec       0xd8 obj/flash-bl_usb_sbc_func.o
 .text.sbc_update_sense_data
                0x0010d5c4       0x84 obj/flash-bl_usb_sbc_func.o
                0x0010d5c4                sbc_update_sense_data
 .text.sbc_get_command_information
                0x0010d648      0x314 obj/flash-bl_usb_sbc_func.o
                0x0010d648                sbc_get_command_information
 .text.sbc_process_command
                0x0010d95c      0x208 obj/flash-bl_usb_sbc_func.o
                0x0010d95c                sbc_process_command
 .text.usb_std_configure_endpoints
                0x0010db64       0x60 obj/flash-bl_usb_std.o
 .text.usb_std_req_handler
                0x0010dbc4      0x694 obj/flash-bl_usb_std.o
                0x0010dbc4                usb_std_req_handler
 .text.delay    0x0010e258       0xa4 obj/flash-bl_delay.o
                0x0010e258                delay
 .text.delayms  0x0010e2fc       0x58 obj/flash-bl_delay.o
                0x0010e2fc                delayms
 .text.rprintf  0x0010e354      0xa30 obj/flash-bl_rprintf.o
                0x0010e354                rprintf
 .text.scrInit  0x0010ed84       0x98 obj/flash-bl_screen.o
                0x0010ed84                scrInit
 .text.scrWriteRect
                0x0010ee1c      0x42c obj/flash-bl_screen.o
                0x0010ee1c                scrWriteRect
 .text.scrWriteBitmap
                0x0010f248      0x474 obj/flash-bl_screen.o
                0x0010f248                scrWriteBitmap
 .text.oledWriteCommand
                0x0010f6bc       0x6c obj/flash-bl_oled.o
                0x0010f6bc                oledWriteCommand
 .text.oledInitHw
                0x0010f728      0x420 obj/flash-bl_oled.o
                0x0010f728                oledInitHw
 .text.fontSetCharPos
                0x0010fb48       0x48 obj/flash-bl_font.o
                0x0010fb48                fontSetCharPos
 .text.fontPutChar
                0x0010fb90       0x34 obj/flash-bl_font.o
                0x0010fb90                fontPutChar
 .text.fontPutChar6x8
                0x0010fbc4      0x228 obj/flash-bl_font.o
                0x0010fbc4                fontPutChar6x8
 .text.fontPutChar10x14
                0x0010fdec      0x2c4 obj/flash-bl_font.o
                0x0010fdec                fontPutChar10x14
 .text.winMainSelectCallback
                0x001100b0      0x4b4 obj/flash-bl_blconfgui.o
                0x001100b0                winMainSelectCallback
 .text.winImageSelectCallback
                0x00110564      0x1cc obj/flash-bl_blconfgui.o
                0x00110564                winImageSelectCallback
 .text.winMiscSelectCallback
                0x00110730       0xc0 obj/flash-bl_blconfgui.o
                0x00110730                winMiscSelectCallback
 .text.winBtnSelectCallback
                0x001107f0       0xc0 obj/flash-bl_blconfgui.o
                0x001107f0                winBtnSelectCallback
 .text.winPostSelectCallback
                0x001108b0       0x80 obj/flash-bl_blconfgui.o
                0x001108b0                winPostSelectCallback
 .text.winCancelBtnCallback
                0x00110930       0x54 obj/flash-bl_blconfgui.o
                0x00110930                winCancelBtnCallback
 .text.winEPropSelectCallback
                0x00110984      0x394 obj/flash-bl_blconfgui.o
                0x00110984                winEPropSelectCallback
 .text.winQrySelectCallback
                0x00110d18       0xb8 obj/flash-bl_blconfgui.o
                0x00110d18                winQrySelectCallback
 .text.uguiPrintHWstat
                0x00110dd0      0x160 obj/flash-bl_blconfgui.o
                0x00110dd0                uguiPrintHWstat
 .text.blConfGuiInit
                0x00110f30     0x15c8 obj/flash-bl_blconfgui.o
                0x00110f30                blConfGuiInit
 .text.searchImages
                0x001124f8      0x27c obj/flash-bl_blconfgui.o
                0x001124f8                searchImages
 .text.readBootImage
                0x00112774      0x164 obj/flash-bl_blconfgui.o
                0x00112774                readBootImage
 .text.blConfig
                0x001128d8      0x254 obj/flash-bl_blconfgui.o
                0x001128d8                blConfig
 .text.readSetupConf
                0x00112b2c      0x494 obj/flash-bl_nvmrc.o
                0x00112b2c                readSetupConf
 .text.writeSetupConf
                0x00112fc0      0x2fc obj/flash-bl_nvmrc.o
                0x00112fc0                writeSetupConf
 .text.resetByRstCtrl
                0x001132bc       0x70 obj/flash-bl_nvmrc.o
                0x001132bc                resetByRstCtrl
 .text.getUID   0x0011332c       0x20 obj/flash-bl_nvmrc.o
                0x0011332c                getUID
 .text.getBatVoltage
                0x0011334c      0x114 obj/flash-bl_nvmrc.o
                0x0011334c                getBatVoltage
 .text.ugd_rect
                0x00113460      0x150 obj/flash-bl_ugscrdrv.o
                0x00113460                ugd_rect
 .text.ugd_bitmap
                0x001135b0       0xbc obj/flash-bl_ugscrdrv.o
                0x001135b0                ugd_bitmap
 .text.ugd_putchar
                0x0011366c       0xbc obj/flash-bl_ugscrdrv.o
                0x0011366c                ugd_putchar
 .text.ugd_charh
                0x00113728       0x80 obj/flash-bl_ugscrdrv.o
                0x00113728                ugd_charh
 .text.ugd_print
                0x001137a8       0xd8 obj/flash-bl_ugscrdrv.o
                0x001137a8                ugd_print
 .text.uguiBtn  0x00113880      0x4e0 obj/flash-bl_microgui.o
                0x00113880                uguiBtn
 .text.uguiLabel
                0x00113d60      0x148 obj/flash-bl_microgui.o
                0x00113d60                uguiLabel
 .text.uguiListbox
                0x00113ea8      0x498 obj/flash-bl_microgui.o
                0x00113ea8                uguiListbox
 .text.redraw.2545
                0x00114340      0x5cc obj/flash-bl_microgui.o
 .text.itemprint.2542
                0x0011490c      0x3f4 obj/flash-bl_microgui.o
 .text.uguiWin  0x00114d00      0x2e8 obj/flash-bl_microgui.o
                0x00114d00                uguiWin
 .text.uguiWinAddObj
                0x00114fe8       0xbc obj/flash-bl_microgui.o
                0x00114fe8                uguiWinAddObj
 .text.uguiWriteEvt
                0x001150a4       0x64 obj/flash-bl_microgui.o
                0x001150a4                uguiWriteEvt
 .text.uguiReadEvt
                0x00115108       0x9c obj/flash-bl_microgui.o
                0x00115108                uguiReadEvt
 .text.uguiContextAddWin
                0x001151a4       0xa0 obj/flash-bl_microgui.o
                0x001151a4                uguiContextAddWin
 .text.uguiContextSwitch
                0x00115244       0x94 obj/flash-bl_microgui.o
                0x00115244                uguiContextSwitch
 .text.uguiLastContext
                0x001152d8       0x20 obj/flash-bl_microgui.o
                0x001152d8                uguiLastContext
 .text.uguiContextWrapper
                0x001152f8       0x6c obj/flash-bl_microgui.o
                0x001152f8                uguiContextWrapper
 .text.uguiInitContext
                0x00115364       0x60 obj/flash-bl_microgui.o
                0x00115364                uguiInitContext
 .text.usb_irq_service
                0x001153c4      0x3b4 obj/flash-bl_usb_irq.o
                0x001153c4                usb_irq_service
 .text.timer_int
                0x00115778      0x104 obj/flash-bl_time.o
                0x00115778                timer_int
 .text.timer_init
                0x0011587c       0xa0 obj/flash-bl_time.o
                0x0011587c                timer_init
 .text          0x0011591c      0x110 c:/yagarto/bin/../lib/gcc/arm-elf/4.3.2\libgcc.a(_udivsi3.o)
                0x0011591c                __udivsi3
                0x0011591c                __aeabi_uidiv
                0x00115a14                __aeabi_uidivmod
 .text          0x00115a2c      0x140 c:/yagarto/bin/../lib/gcc/arm-elf/4.3.2\libgcc.a(_divsi3.o)
                0x00115a2c                __aeabi_idiv
                0x00115a2c                __divsi3
                0x00115b54                __aeabi_idivmod
 .text          0x00115b6c       0xcc c:/yagarto/bin/../lib/gcc/arm-elf/4.3.2\libgcc.a(_umodsi3.o)
                0x00115b6c                __umodsi3
 .text          0x00115c38        0x4 c:/yagarto/bin/../lib/gcc/arm-elf/4.3.2\libgcc.a(_dvmd_tls.o)
                0x00115c38                __aeabi_ldiv0
                0x00115c38                __div0
                0x00115c38                __aeabi_idiv0
 .text          0x00115c3c       0x9c c:/yagarto/bin/../lib/gcc/arm-elf/4.3.2/../../../../arm-elf/lib\libg.a(lib_a-strlen.o)
                0x00115c3c                strlen
 .text          0x00115cd8      0x10c c:/yagarto/bin/../lib/gcc/arm-elf/4.3.2/../../../../arm-elf/lib\libg.a(lib_a-strncpy.o)
                0x00115cd8                strncpy
 .text          0x00115de4       0x4c c:/yagarto/bin/../lib/gcc/arm-elf/4.3.2/../../../../arm-elf/lib\libg.a(lib_a-strnlen.o)
                0x00115de4                strnlen
 .text          0x00115e30       0x5c c:/yagarto/bin/../lib/gcc/arm-elf/4.3.2/../../../../arm-elf/lib\libg.a(lib_a-strstr.o)
                0x00115e30                strstr
 *(.rodata*)
 .rodata        0x00115e8c      0x2e0 obj/flash-bl_main.o
 .rodata        0x0011616c       0x10 obj/flash-bl_ff.o
 .rodata        0x0011617c       0x1c obj/flash-bl_fat.o
 .rodata        0x00116198       0x14 obj/flash-bl_sdcard.o
 .rodata        0x001161ac       0x98 obj/flash-bl_usb_dsc.o
                0x00116204                pProduct
                0x00116234                sDescriptors
                0x001161c0                sConfigurationDescriptor
                0x001161ac                sDeviceDescriptor
                0x0011621c                pSerial
                0x001161e0                sDeviceQualifierDescriptor
                0x001161ea                sLanguageID
                0x001161ee                pManufacturer
 .rodata        0x00116244       0x60 obj/flash-bl_usb_lun.o
 .rodata        0x001162a4        0x4 obj/flash-bl_usb_sbc_func.o
 .rodata        0x001162a8       0x14 obj/flash-bl_screen.o
 .rodata        0x001162bc      0x780 obj/flash-bl_font.o
                0x001162bc                pCharset10x14
 .rodata        0x00116a3c      0x3e4 obj/flash-bl_blconfgui.o
 .rodata        0x00116e20       0x20 obj/flash-bl_nvmrc.o
 .rodata        0x00116e40       0x84 obj/flash-bl_microgui.o
                0x00116ec4                . = ALIGN (0x4)
                0x00116ec4                _efixed = .

.glue_7         0x00116ec4        0x0
 .glue_7        0x00116ec4        0x0 obj/flash-bl_board_cstartup-bl.o
 .glue_7        0x00116ec4        0x0 obj/flash-bl_main.o
 .glue_7        0x00116ec4        0x0 obj/flash-bl_board_lowlevel.o
 .glue_7        0x00116ec4        0x0 obj/flash-bl_pmc.o
 .glue_7        0x00116ec4        0x0 obj/flash-bl_ff.o
 .glue_7        0x00116ec4        0x0 obj/flash-bl_diskio.o
 .glue_7        0x00116ec4        0x0 obj/flash-bl_fat.o
 .glue_7        0x00116ec4        0x0 obj/flash-bl_serial.o
 .glue_7        0x00116ec4        0x0 obj/flash-bl_spi.o
 .glue_7        0x00116ec4        0x0 obj/flash-bl_i2c.o
 .glue_7        0x00116ec4        0x0 obj/flash-bl_sdcard.o
 .glue_7        0x00116ec4        0x0 obj/flash-bl_usb_bot.o
 .glue_7        0x00116ec4        0x0 obj/flash-bl_usb_drv.o
 .glue_7        0x00116ec4        0x0 obj/flash-bl_usb_dsc.o
 .glue_7        0x00116ec4        0x0 obj/flash-bl_usb_lun.o
 .glue_7        0x00116ec4        0x0 obj/flash-bl_usb_sbc_func.o
 .glue_7        0x00116ec4        0x0 obj/flash-bl_usb_std.o
 .glue_7        0x00116ec4        0x0 obj/flash-bl_delay.o
 .glue_7        0x00116ec4        0x0 obj/flash-bl_rprintf.o
 .glue_7        0x00116ec4        0x0 obj/flash-bl_screen.o
 .glue_7        0x00116ec4        0x0 obj/flash-bl_oled.o
 .glue_7        0x00116ec4        0x0 obj/flash-bl_font.o
 .glue_7        0x00116ec4        0x0 obj/flash-bl_blconfgui.o
 .glue_7        0x00116ec4        0x0 obj/flash-bl_nvmrc.o
 .glue_7        0x00116ec4        0x0 obj/flash-bl_ugscrdrv.o
 .glue_7        0x00116ec4        0x0 obj/flash-bl_microgui.o
 .glue_7        0x00116ec4        0x0 obj/flash-bl_abort.o
 .glue_7        0x00116ec4        0x0 obj/flash-bl_interrupt_utils.o
 .glue_7        0x00116ec4        0x0 obj/flash-bl_usb_irq.o
 .glue_7        0x00116ec4        0x0 obj/flash-bl_time.o
 .glue_7        0x00116ec4        0x0 c:/yagarto/bin/../lib/gcc/arm-elf/4.3.2\libgcc.a(_udivsi3.o)
 .glue_7        0x00116ec4        0x0 c:/yagarto/bin/../lib/gcc/arm-elf/4.3.2\libgcc.a(_divsi3.o)
 .glue_7        0x00116ec4        0x0 c:/yagarto/bin/../lib/gcc/arm-elf/4.3.2\libgcc.a(_umodsi3.o)
 .glue_7        0x00116ec4        0x0 c:/yagarto/bin/../lib/gcc/arm-elf/4.3.2\libgcc.a(_dvmd_tls.o)
 .glue_7        0x00116ec4        0x0 c:/yagarto/bin/../lib/gcc/arm-elf/4.3.2/../../../../arm-elf/lib\libg.a(lib_a-ctype_.o)
 .glue_7        0x00116ec4        0x0 c:/yagarto/bin/../lib/gcc/arm-elf/4.3.2/../../../../arm-elf/lib\libg.a(lib_a-malloc.o)
 .glue_7        0x00116ec4        0x0 c:/yagarto/bin/../lib/gcc/arm-elf/4.3.2/../../../../arm-elf/lib\libg.a(lib_a-mallocr.o)
 .glue_7        0x00116ec4        0x0 c:/yagarto/bin/../lib/gcc/arm-elf/4.3.2/../../../../arm-elf/lib\libg.a(lib_a-memcpy.o)
 .glue_7        0x00116ec4        0x0 c:/yagarto/bin/../lib/gcc/arm-elf/4.3.2/../../../../arm-elf/lib\libg.a(lib_a-memset.o)
 .glue_7        0x00116ec4        0x0 c:/yagarto/bin/../lib/gcc/arm-elf/4.3.2/../../../../arm-elf/lib\libg.a(lib_a-mlock.o)
 .glue_7        0x00116ec4        0x0 c:/yagarto/bin/../lib/gcc/arm-elf/4.3.2/../../../../arm-elf/lib\libg.a(lib_a-sbrkr.o)
 .glue_7        0x00116ec4        0x0 c:/yagarto/bin/../lib/gcc/arm-elf/4.3.2/../../../../arm-elf/lib\libg.a(lib_a-strchr.o)
 .glue_7        0x00116ec4        0x0 c:/yagarto/bin/../lib/gcc/arm-elf/4.3.2/../../../../arm-elf/lib\libg.a(lib_a-strcmp.o)
 .glue_7        0x00116ec4        0x0 c:/yagarto/bin/../lib/gcc/arm-elf/4.3.2/../../../../arm-elf/lib\libg.a(lib_a-strcpy.o)
 .glue_7        0x00116ec4        0x0 c:/yagarto/bin/../lib/gcc/arm-elf/4.3.2/../../../../arm-elf/lib\libg.a(lib_a-strlen.o)
 .glue_7        0x00116ec4        0x0 c:/yagarto/bin/../lib/gcc/arm-elf/4.3.2/../../../../arm-elf/lib\libg.a(lib_a-strncpy.o)
 .glue_7        0x00116ec4        0x0 c:/yagarto/bin/../lib/gcc/arm-elf/4.3.2/../../../../arm-elf/lib\libg.a(lib_a-strnlen.o)
 .glue_7        0x00116ec4        0x0 c:/yagarto/bin/../lib/gcc/arm-elf/4.3.2/../../../../arm-elf/lib\libg.a(lib_a-strstr.o)
 .glue_7        0x00116ec4        0x0 c:/yagarto/bin/../lib/gcc/arm-elf/4.3.2/../../../../arm-elf/lib\libg.a(lib_a-syscalls.o)
 .glue_7        0x00116ec4        0x0 c:/yagarto/bin/../lib/gcc/arm-elf/4.3.2/../../../../arm-elf/lib\libg.a(lib_a-errno.o)
 .glue_7        0x00116ec4        0x0 c:/yagarto/bin/../lib/gcc/arm-elf/4.3.2/../../../../arm-elf/lib\libg.a(lib_a-findfp.o)
 .glue_7        0x00116ec4        0x0 c:/yagarto/bin/../lib/gcc/arm-elf/4.3.2/../../../../arm-elf/lib\libg.a(lib_a-freer.o)
 .glue_7        0x00116ec4        0x0 c:/yagarto/bin/../lib/gcc/arm-elf/4.3.2/../../../../arm-elf/lib\libg.a(lib_a-fwalk.o)
 .glue_7        0x00116ec4        0x0 c:/yagarto/bin/../lib/gcc/arm-elf/4.3.2/../../../../arm-elf/lib\libg.a(lib_a-impure.o)
 .glue_7        0x00116ec4        0x0 c:/yagarto/bin/../lib/gcc/arm-elf/4.3.2/../../../../arm-elf/lib\libg.a(lib_a-reent.o)
 .glue_7        0x00116ec4        0x0 c:/yagarto/bin/../lib/gcc/arm-elf/4.3.2/../../../../arm-elf/lib\libg.a(lib_a-stdio.o)
 .glue_7        0x00116ec4        0x0 c:/yagarto/bin/../lib/gcc/arm-elf/4.3.2/../../../../arm-elf/lib\libg.a(lib_a-writer.o)
 .glue_7        0x00116ec4        0x0 c:/yagarto/bin/../lib/gcc/arm-elf/4.3.2/../../../../arm-elf/lib\libg.a(lib_a-closer.o)
 .glue_7        0x00116ec4        0x0 c:/yagarto/bin/../lib/gcc/arm-elf/4.3.2/../../../../arm-elf/lib\libg.a(lib_a-fclose.o)
 .glue_7        0x00116ec4        0x0 c:/yagarto/bin/../lib/gcc/arm-elf/4.3.2/../../../../arm-elf/lib\libg.a(lib_a-fflush.o)
 .glue_7        0x00116ec4        0x0 c:/yagarto/bin/../lib/gcc/arm-elf/4.3.2/../../../../arm-elf/lib\libg.a(lib_a-lseekr.o)
 .glue_7        0x00116ec4        0x0 c:/yagarto/bin/../lib/gcc/arm-elf/4.3.2/../../../../arm-elf/lib\libg.a(lib_a-readr.o)

.glue_7t        0x00116ec4        0x0
 .glue_7t       0x00116ec4        0x0 obj/flash-bl_board_cstartup-bl.o
 .glue_7t       0x00116ec4        0x0 obj/flash-bl_main.o
 .glue_7t       0x00116ec4        0x0 obj/flash-bl_board_lowlevel.o
 .glue_7t       0x00116ec4        0x0 obj/flash-bl_pmc.o
 .glue_7t       0x00116ec4        0x0 obj/flash-bl_ff.o
 .glue_7t       0x00116ec4        0x0 obj/flash-bl_diskio.o
 .glue_7t       0x00116ec4        0x0 obj/flash-bl_fat.o
 .glue_7t       0x00116ec4        0x0 obj/flash-bl_serial.o
 .glue_7t       0x00116ec4        0x0 obj/flash-bl_spi.o
 .glue_7t       0x00116ec4        0x0 obj/flash-bl_i2c.o
 .glue_7t       0x00116ec4        0x0 obj/flash-bl_sdcard.o
 .glue_7t       0x00116ec4        0x0 obj/flash-bl_usb_bot.o
 .glue_7t       0x00116ec4        0x0 obj/flash-bl_usb_drv.o
 .glue_7t       0x00116ec4        0x0 obj/flash-bl_usb_dsc.o
 .glue_7t       0x00116ec4        0x0 obj/flash-bl_usb_lun.o
 .glue_7t       0x00116ec4        0x0 obj/flash-bl_usb_sbc_func.o
 .glue_7t       0x00116ec4        0x0 obj/flash-bl_usb_std.o
 .glue_7t       0x00116ec4        0x0 obj/flash-bl_delay.o
 .glue_7t       0x00116ec4        0x0 obj/flash-bl_rprintf.o
 .glue_7t       0x00116ec4        0x0 obj/flash-bl_screen.o
 .glue_7t       0x00116ec4        0x0 obj/flash-bl_oled.o
 .glue_7t       0x00116ec4        0x0 obj/flash-bl_font.o
 .glue_7t       0x00116ec4        0x0 obj/flash-bl_blconfgui.o
 .glue_7t       0x00116ec4        0x0 obj/flash-bl_nvmrc.o
 .glue_7t       0x00116ec4        0x0 obj/flash-bl_ugscrdrv.o
 .glue_7t       0x00116ec4        0x0 obj/flash-bl_microgui.o
 .glue_7t       0x00116ec4        0x0 obj/flash-bl_abort.o
 .glue_7t       0x00116ec4        0x0 obj/flash-bl_interrupt_utils.o
 .glue_7t       0x00116ec4        0x0 obj/flash-bl_usb_irq.o
 .glue_7t       0x00116ec4        0x0 obj/flash-bl_time.o
 .glue_7t       0x00116ec4        0x0 c:/yagarto/bin/../lib/gcc/arm-elf/4.3.2\libgcc.a(_udivsi3.o)
 .glue_7t       0x00116ec4        0x0 c:/yagarto/bin/../lib/gcc/arm-elf/4.3.2\libgcc.a(_divsi3.o)
 .glue_7t       0x00116ec4        0x0 c:/yagarto/bin/../lib/gcc/arm-elf/4.3.2\libgcc.a(_umodsi3.o)
 .glue_7t       0x00116ec4        0x0 c:/yagarto/bin/../lib/gcc/arm-elf/4.3.2\libgcc.a(_dvmd_tls.o)
 .glue_7t       0x00116ec4        0x0 c:/yagarto/bin/../lib/gcc/arm-elf/4.3.2/../../../../arm-elf/lib\libg.a(lib_a-ctype_.o)
 .glue_7t       0x00116ec4        0x0 c:/yagarto/bin/../lib/gcc/arm-elf/4.3.2/../../../../arm-elf/lib\libg.a(lib_a-malloc.o)
 .glue_7t       0x00116ec4        0x0 c:/yagarto/bin/../lib/gcc/arm-elf/4.3.2/../../../../arm-elf/lib\libg.a(lib_a-mallocr.o)
 .glue_7t       0x00116ec4        0x0 c:/yagarto/bin/../lib/gcc/arm-elf/4.3.2/../../../../arm-elf/lib\libg.a(lib_a-memcpy.o)
 .glue_7t       0x00116ec4        0x0 c:/yagarto/bin/../lib/gcc/arm-elf/4.3.2/../../../../arm-elf/lib\libg.a(lib_a-memset.o)
 .glue_7t       0x00116ec4        0x0 c:/yagarto/bin/../lib/gcc/arm-elf/4.3.2/../../../../arm-elf/lib\libg.a(lib_a-mlock.o)
 .glue_7t       0x00116ec4        0x0 c:/yagarto/bin/../lib/gcc/arm-elf/4.3.2/../../../../arm-elf/lib\libg.a(lib_a-sbrkr.o)
 .glue_7t       0x00116ec4        0x0 c:/yagarto/bin/../lib/gcc/arm-elf/4.3.2/../../../../arm-elf/lib\libg.a(lib_a-strchr.o)
 .glue_7t       0x00116ec4        0x0 c:/yagarto/bin/../lib/gcc/arm-elf/4.3.2/../../../../arm-elf/lib\libg.a(lib_a-strcmp.o)
 .glue_7t       0x00116ec4        0x0 c:/yagarto/bin/../lib/gcc/arm-elf/4.3.2/../../../../arm-elf/lib\libg.a(lib_a-strcpy.o)
 .glue_7t       0x00116ec4        0x0 c:/yagarto/bin/../lib/gcc/arm-elf/4.3.2/../../../../arm-elf/lib\libg.a(lib_a-strlen.o)
 .glue_7t       0x00116ec4        0x0 c:/yagarto/bin/../lib/gcc/arm-elf/4.3.2/../../../../arm-elf/lib\libg.a(lib_a-strncpy.o)
 .glue_7t       0x00116ec4        0x0 c:/yagarto/bin/../lib/gcc/arm-elf/4.3.2/../../../../arm-elf/lib\libg.a(lib_a-strnlen.o)
 .glue_7t       0x00116ec4        0x0 c:/yagarto/bin/../lib/gcc/arm-elf/4.3.2/../../../../arm-elf/lib\libg.a(lib_a-strstr.o)
 .glue_7t       0x00116ec4        0x0 c:/yagarto/bin/../lib/gcc/arm-elf/4.3.2/../../../../arm-elf/lib\libg.a(lib_a-syscalls.o)
 .glue_7t       0x00116ec4        0x0 c:/yagarto/bin/../lib/gcc/arm-elf/4.3.2/../../../../arm-elf/lib\libg.a(lib_a-errno.o)
 .glue_7t       0x00116ec4        0x0 c:/yagarto/bin/../lib/gcc/arm-elf/4.3.2/../../../../arm-elf/lib\libg.a(lib_a-findfp.o)
 .glue_7t       0x00116ec4        0x0 c:/yagarto/bin/../lib/gcc/arm-elf/4.3.2/../../../../arm-elf/lib\libg.a(lib_a-freer.o)
 .glue_7t       0x00116ec4        0x0 c:/yagarto/bin/../lib/gcc/arm-elf/4.3.2/../../../../arm-elf/lib\libg.a(lib_a-fwalk.o)
 .glue_7t       0x00116ec4        0x0 c:/yagarto/bin/../lib/gcc/arm-elf/4.3.2/../../../../arm-elf/lib\libg.a(lib_a-impure.o)
 .glue_7t       0x00116ec4        0x0 c:/yagarto/bin/../lib/gcc/arm-elf/4.3.2/../../../../arm-elf/lib\libg.a(lib_a-reent.o)
 .glue_7t       0x00116ec4        0x0 c:/yagarto/bin/../lib/gcc/arm-elf/4.3.2/../../../../arm-elf/lib\libg.a(lib_a-stdio.o)
 .glue_7t       0x00116ec4        0x0 c:/yagarto/bin/../lib/gcc/arm-elf/4.3.2/../../../../arm-elf/lib\libg.a(lib_a-writer.o)
 .glue_7t       0x00116ec4        0x0 c:/yagarto/bin/../lib/gcc/arm-elf/4.3.2/../../../../arm-elf/lib\libg.a(lib_a-closer.o)
 .glue_7t       0x00116ec4        0x0 c:/yagarto/bin/../lib/gcc/arm-elf/4.3.2/../../../../arm-elf/lib\libg.a(lib_a-fclose.o)
 .glue_7t       0x00116ec4        0x0 c:/yagarto/bin/../lib/gcc/arm-elf/4.3.2/../../../../arm-elf/lib\libg.a(lib_a-fflush.o)
 .glue_7t       0x00116ec4        0x0 c:/yagarto/bin/../lib/gcc/arm-elf/4.3.2/../../../../arm-elf/lib\libg.a(lib_a-lseekr.o)
 .glue_7t       0x00116ec4        0x0 c:/yagarto/bin/../lib/gcc/arm-elf/4.3.2/../../../../arm-elf/lib\libg.a(lib_a-readr.o)

.vfp11_veneer   0x00116ec4        0x0
 .vfp11_veneer  0x00116ec4        0x0 obj/flash-bl_board_cstartup-bl.o
 .vfp11_veneer  0x00116ec4        0x0 obj/flash-bl_main.o
 .vfp11_veneer  0x00116ec4        0x0 obj/flash-bl_board_lowlevel.o
 .vfp11_veneer  0x00116ec4        0x0 obj/flash-bl_pmc.o
 .vfp11_veneer  0x00116ec4        0x0 obj/flash-bl_ff.o
 .vfp11_veneer  0x00116ec4        0x0 obj/flash-bl_diskio.o
 .vfp11_veneer  0x00116ec4        0x0 obj/flash-bl_fat.o
 .vfp11_veneer  0x00116ec4        0x0 obj/flash-bl_serial.o
 .vfp11_veneer  0x00116ec4        0x0 obj/flash-bl_spi.o
 .vfp11_veneer  0x00116ec4        0x0 obj/flash-bl_i2c.o
 .vfp11_veneer  0x00116ec4        0x0 obj/flash-bl_sdcard.o
 .vfp11_veneer  0x00116ec4        0x0 obj/flash-bl_usb_bot.o
 .vfp11_veneer  0x00116ec4        0x0 obj/flash-bl_usb_drv.o
 .vfp11_veneer  0x00116ec4        0x0 obj/flash-bl_usb_dsc.o
 .vfp11_veneer  0x00116ec4        0x0 obj/flash-bl_usb_lun.o
 .vfp11_veneer  0x00116ec4        0x0 obj/flash-bl_usb_sbc_func.o
 .vfp11_veneer  0x00116ec4        0x0 obj/flash-bl_usb_std.o
 .vfp11_veneer  0x00116ec4        0x0 obj/flash-bl_delay.o
 .vfp11_veneer  0x00116ec4        0x0 obj/flash-bl_rprintf.o
 .vfp11_veneer  0x00116ec4        0x0 obj/flash-bl_screen.o
 .vfp11_veneer  0x00116ec4        0x0 obj/flash-bl_oled.o
 .vfp11_veneer  0x00116ec4        0x0 obj/flash-bl_font.o
 .vfp11_veneer  0x00116ec4        0x0 obj/flash-bl_blconfgui.o
 .vfp11_veneer  0x00116ec4        0x0 obj/flash-bl_nvmrc.o
 .vfp11_veneer  0x00116ec4        0x0 obj/flash-bl_ugscrdrv.o
 .vfp11_veneer  0x00116ec4        0x0 obj/flash-bl_microgui.o
 .vfp11_veneer  0x00116ec4        0x0 obj/flash-bl_abort.o
 .vfp11_veneer  0x00116ec4        0x0 obj/flash-bl_interrupt_utils.o
 .vfp11_veneer  0x00116ec4        0x0 obj/flash-bl_usb_irq.o
 .vfp11_veneer  0x00116ec4        0x0 obj/flash-bl_time.o
 .vfp11_veneer  0x00116ec4        0x0 c:/yagarto/bin/../lib/gcc/arm-elf/4.3.2\libgcc.a(_udivsi3.o)
 .vfp11_veneer  0x00116ec4        0x0 c:/yagarto/bin/../lib/gcc/arm-elf/4.3.2\libgcc.a(_divsi3.o)
 .vfp11_veneer  0x00116ec4        0x0 c:/yagarto/bin/../lib/gcc/arm-elf/4.3.2\libgcc.a(_umodsi3.o)
 .vfp11_veneer  0x00116ec4        0x0 c:/yagarto/bin/../lib/gcc/arm-elf/4.3.2\libgcc.a(_dvmd_tls.o)
 .vfp11_veneer  0x00116ec4        0x0 c:/yagarto/bin/../lib/gcc/arm-elf/4.3.2/../../../../arm-elf/lib\libg.a(lib_a-ctype_.o)
 .vfp11_veneer  0x00116ec4        0x0 c:/yagarto/bin/../lib/gcc/arm-elf/4.3.2/../../../../arm-elf/lib\libg.a(lib_a-malloc.o)
 .vfp11_veneer  0x00116ec4        0x0 c:/yagarto/bin/../lib/gcc/arm-elf/4.3.2/../../../../arm-elf/lib\libg.a(lib_a-mallocr.o)
 .vfp11_veneer  0x00116ec4        0x0 c:/yagarto/bin/../lib/gcc/arm-elf/4.3.2/../../../../arm-elf/lib\libg.a(lib_a-memcpy.o)
 .vfp11_veneer  0x00116ec4        0x0 c:/yagarto/bin/../lib/gcc/arm-elf/4.3.2/../../../../arm-elf/lib\libg.a(lib_a-memset.o)
 .vfp11_veneer  0x00116ec4        0x0 c:/yagarto/bin/../lib/gcc/arm-elf/4.3.2/../../../../arm-elf/lib\libg.a(lib_a-mlock.o)
 .vfp11_veneer  0x00116ec4        0x0 c:/yagarto/bin/../lib/gcc/arm-elf/4.3.2/../../../../arm-elf/lib\libg.a(lib_a-sbrkr.o)
 .vfp11_veneer  0x00116ec4        0x0 c:/yagarto/bin/../lib/gcc/arm-elf/4.3.2/../../../../arm-elf/lib\libg.a(lib_a-strchr.o)
 .vfp11_veneer  0x00116ec4        0x0 c:/yagarto/bin/../lib/gcc/arm-elf/4.3.2/../../../../arm-elf/lib\libg.a(lib_a-strcmp.o)
 .vfp11_veneer  0x00116ec4        0x0 c:/yagarto/bin/../lib/gcc/arm-elf/4.3.2/../../../../arm-elf/lib\libg.a(lib_a-strcpy.o)
 .vfp11_veneer  0x00116ec4        0x0 c:/yagarto/bin/../lib/gcc/arm-elf/4.3.2/../../../../arm-elf/lib\libg.a(lib_a-strlen.o)
 .vfp11_veneer  0x00116ec4        0x0 c:/yagarto/bin/../lib/gcc/arm-elf/4.3.2/../../../../arm-elf/lib\libg.a(lib_a-strncpy.o)
 .vfp11_veneer  0x00116ec4        0x0 c:/yagarto/bin/../lib/gcc/arm-elf/4.3.2/../../../../arm-elf/lib\libg.a(lib_a-strnlen.o)
 .vfp11_veneer  0x00116ec4        0x0 c:/yagarto/bin/../lib/gcc/arm-elf/4.3.2/../../../../arm-elf/lib\libg.a(lib_a-strstr.o)
 .vfp11_veneer  0x00116ec4        0x0 c:/yagarto/bin/../lib/gcc/arm-elf/4.3.2/../../../../arm-elf/lib\libg.a(lib_a-syscalls.o)
 .vfp11_veneer  0x00116ec4        0x0 c:/yagarto/bin/../lib/gcc/arm-elf/4.3.2/../../../../arm-elf/lib\libg.a(lib_a-errno.o)
 .vfp11_veneer  0x00116ec4        0x0 c:/yagarto/bin/../lib/gcc/arm-elf/4.3.2/../../../../arm-elf/lib\libg.a(lib_a-findfp.o)
 .vfp11_veneer  0x00116ec4        0x0 c:/yagarto/bin/../lib/gcc/arm-elf/4.3.2/../../../../arm-elf/lib\libg.a(lib_a-freer.o)
 .vfp11_veneer  0x00116ec4        0x0 c:/yagarto/bin/../lib/gcc/arm-elf/4.3.2/../../../../arm-elf/lib\libg.a(lib_a-fwalk.o)
 .vfp11_veneer  0x00116ec4        0x0 c:/yagarto/bin/../lib/gcc/arm-elf/4.3.2/../../../../arm-elf/lib\libg.a(lib_a-impure.o)
 .vfp11_veneer  0x00116ec4        0x0 c:/yagarto/bin/../lib/gcc/arm-elf/4.3.2/../../../../arm-elf/lib\libg.a(lib_a-reent.o)
 .vfp11_veneer  0x00116ec4        0x0 c:/yagarto/bin/../lib/gcc/arm-elf/4.3.2/../../../../arm-elf/lib\libg.a(lib_a-stdio.o)
 .vfp11_veneer  0x00116ec4        0x0 c:/yagarto/bin/../lib/gcc/arm-elf/4.3.2/../../../../arm-elf/lib\libg.a(lib_a-writer.o)
 .vfp11_veneer  0x00116ec4        0x0 c:/yagarto/bin/../lib/gcc/arm-elf/4.3.2/../../../../arm-elf/lib\libg.a(lib_a-closer.o)
 .vfp11_veneer  0x00116ec4        0x0 c:/yagarto/bin/../lib/gcc/arm-elf/4.3.2/../../../../arm-elf/lib\libg.a(lib_a-fclose.o)
 .vfp11_veneer  0x00116ec4        0x0 c:/yagarto/bin/../lib/gcc/arm-elf/4.3.2/../../../../arm-elf/lib\libg.a(lib_a-fflush.o)
 .vfp11_veneer  0x00116ec4        0x0 c:/yagarto/bin/../lib/gcc/arm-elf/4.3.2/../../../../arm-elf/lib\libg.a(lib_a-lseekr.o)
 .vfp11_veneer  0x00116ec4        0x0 c:/yagarto/bin/../lib/gcc/arm-elf/4.3.2/../../../../arm-elf/lib\libg.a(lib_a-readr.o)

.relocate       0x00200000     0x11c0 load address 0x00116ec4
                0x00200000                . = ALIGN (0x4)
                0x00200000                _srelocate = .
 *(.vectors)
 .vectors       0x00200000       0x70 obj/flash-bl_board_cstartup-bl.o
 *(.ramfunc)
 *(.data)
 .data          0x00200070        0xc obj/flash-bl_main.o
                0x00200074                pPIOB
                0x00200070                pPIOA
 .data          0x0020007c        0x4 obj/flash-bl_pmc.o
                0x0020007c                pPMC
 .data          0x00200080        0x4 obj/flash-bl_fat.o
 .data          0x00200084        0x8 obj/flash-bl_serial.o
                0x00200084                pDBG_USART
                0x00200088                pDBG_PIO
 .data          0x0020008c        0x8 obj/flash-bl_spi.o
                0x0020008c                pSPI
                0x00200090                pSPI_PIO
 .data          0x00200094        0x4 obj/flash-bl_usb_bot.o
                0x00200094                pBot
 .data          0x00200098       0x20 obj/flash-bl_usb_drv.o
                0x002000a0                usb_device_state
                0x002000b4                pUSB_PIO
                0x002000a8                pEndpoint
                0x0020009c                pUDP
                0x00200098                pAIC
                0x002000a4                pSetup
 .data          0x002000b8       0x10 obj/flash-bl_usb_dsc.o
                0x002000b8                pStringDescriptors
 .data          0x002000c8     0x1004 obj/flash-bl_font.o
                0x002010c8                fontColor
 .data          0x002010cc       0xf4 obj/flash-bl_blconfgui.o
                0x002010d8                ini_winMainDnBtnLab
                0x002010d4                ini_winMainUpBtnLab
                0x00201134                ini_winBtnRTitle
                0x00201154                ini_winMiscTitle
                0x0020116c                postproplist
                0x002011b8                qrylist
                0x00201190                proplistT
                0x00201180                ini_winPostTitle
                0x00201138                ini_winBtnPTitle
                0x00201184                ini_winStatTitle
                0x00201158                postlist
                0x002010d0                ini_winMainTitle
                0x002010cc                ini_comBtnName
                0x002010fc                ini_winImageTitle
                0x002011b0                ini_winQrySaveExit
                0x00201130                ini_NotAvail
                0x002010dc                mainmenu
                0x00201144                miscproplist
                0x00201100                btnlist
                0x00201118                btnproplist
                0x0020114c                proplistMSD
                0x002011b4                ini_winQryExit
                0x0020113c                misclist
                0x00201188                proplist
                0x002011c0                . = ALIGN (0x4)
                0x002011c0                _erelocate = .

.bss            0x002011c0     0x2522 load address 0x00118084
                0x002011c0                _szero = .
 *(.bss)
 .bss           0x002011c0       0x2c obj/flash-bl_main.o
                0x002011c0                scrbuf
 .bss           0x002011ec        0x8 obj/flash-bl_ff.o
 .bss           0x002011f4      0x200 obj/flash-bl_fat.o
 .bss           0x002013f4        0x2 obj/flash-bl_sdcard.o
                0x002013f5                sdhc_card
                0x002013f4                ver2_card
 *fill*         0x002013f6        0x2 00
 .bss           0x002013f8        0xc obj/flash-bl_font.o
                0x00201400                fontCurrPosY
                0x002013fc                fontCurrPosX
                0x002013f8                fontBgColor
                0x002013fe                fontCarridgeReturnPosX
 .bss           0x00201404        0x3 obj/flash-bl_microgui.o
                0x00201404                wini
                0x00201406                winlast
                0x00201405                winn
                0x00201408                . = ALIGN (0x4)
 *fill*         0x00201407        0x1 00
                0x00201408                _ezero = .
 COMMON         0x00201408      0xe74 obj/flash-bl_main.o
                0x00201408                gen_buffer
                0x00201c08                imagef_info
                0x00201c20                imagef
                0x00201e44                extcall
                0x00201e48                rbuf
                0x00202048                imgfatfs
                0x00202278                extmem
 COMMON         0x0020227c       0x39 obj/flash-bl_fat.o
                0x0020227c                bytes_per_sector
                0x00202280                num_clusters
                0x00202284                first_dir_sector
                0x00202288                root_dir_cluster
                0x0020228c                num_fat_sectors
                0x00202290                sectors_per_cluster
                0x00202294                current_dir_cluster
                0x00202298                first_fat_sector
                0x0020229c                first_data_sector
                0x002022a0                root_dir_sectors
                0x002022a2                bytes_per_cluster
                0x002022a4                fd_handles
                0x002022b4                isFAT32
 *fill*         0x002022b5        0x3 00
 COMMON         0x002022b8      0x204 obj/flash-bl_sdcard.o
                0x002022b8                sd_sectorbuffer
                0x002024b8                sd_numsectors
 COMMON         0x002024bc       0x4c obj/flash-bl_usb_bot.o
                0x002024bc                bot_struct
 COMMON         0x00202508       0x78 obj/flash-bl_usb_drv.o
                0x00202508                usb_configuration
                0x00202509                usb_epdata
                0x00202578                usb_setup
 COMMON         0x00202580       0x30 obj/flash-bl_usb_lun.o
                0x00202580                pLun
 COMMON         0x002025b0        0xb obj/flash-bl_screen.o
                0x002025b0                scrscrX2
                0x002025b2                scrscrY2
                0x002025b4                scrscrY1
                0x002025b6                scrrot
                0x002025b8                scrscrX1
                0x002025ba                scrmirror
 *fill*         0x002025bb        0x1 00
 COMMON         0x002025bc      0x230 obj/flash-bl_font.o
                0x002025bc                fontBuf
 COMMON         0x002027ec      0xe7c obj/flash-bl_blconfgui.o
                0x002027ec                sfilelist
                0x002029ec                winStat
                0x00202a80                winImageFile
                0x00202a94                winImage
                0x00202b28                bootrecord
                0x00202d4c                filelist
                0x00202d8c                winHWstatWrite
                0x00202d90                winBtnsTitle
                0x00202da4                buff
                0x00202dcc                winBtns
                0x00202e60                winMain
                0x00202ef4                r
                0x00202ef8                winMiscTitle
                0x00202f0c                winQry
                0x00202fa0                winQryListbox
                0x00202fe8                winMainMenu
                0x00203030                bootname
                0x00203050                winPostListbox
                0x00203098                winMainUpBtnLab
                0x002030ac                winEProp
                0x00203140                winQryTitle
                0x00203154                winBtnListbox
                0x0020319c                winEPropListbox
                0x002031e4                winPost
                0x00203278                winMainDnBtnLab
                0x0020328c                winMisc
                0x00203320                winPostTitle
                0x00203334                bread
                0x00203338                winStatTitle
                0x0020334c                winMiscListbox
                0x00203394                comBtnCancel
                0x002033c8                winImageTitle
                0x002033dc                winImageListbox
                0x00203424                fatfs
                0x00203654                winMainTitle
 COMMON         0x00203668       0x18 obj/flash-bl_nvmrc.o
                0x00203668                hwUID
                0x0020366c                blconf
 COMMON         0x00203680        0xe obj/flash-bl_ugscrdrv.o
                0x00203680                ugdfgColor
                0x00203684                xchar
                0x00203688                ugdbgColor
                0x0020368c                ychar
                0x0020368d                ugdfont
 *fill*         0x0020368e        0x2 00
 COMMON         0x00203690       0x4a obj/flash-bl_microgui.o
                0x00203690                evtbuf
                0x002036b0                wins
                0x002036d8                evtbwi
                0x002036d9                evtbri
 *fill*         0x002036da        0x2 00
 COMMON         0x002036dc        0x6 obj/flash-bl_time.o
                0x002036dc                timeval
                0x002036e0                tick1s
                0x00208000                _sstack = 0x208000
                0x002036e2                end = .
OUTPUT(bin/bl-ev2-rev0-btwwev-2-at91sam7se512-flash-bl.elf elf32-littlearm)

.ARM.attributes
                0x00000000       0x10
 .ARM.attributes
                0x00000000       0x10 obj/flash-bl_board_cstartup-bl.o
 .ARM.attributes
                0x00000010       0x10 obj/flash-bl_main.o
 .ARM.attributes
                0x00000020       0x10 obj/flash-bl_board_lowlevel.o
 .ARM.attributes
                0x00000030       0x10 obj/flash-bl_pmc.o
 .ARM.attributes
                0x00000040       0x10 obj/flash-bl_ff.o
 .ARM.attributes
                0x00000050       0x10 obj/flash-bl_diskio.o
 .ARM.attributes
                0x00000060       0x10 obj/flash-bl_fat.o
 .ARM.attributes
                0x00000070       0x10 obj/flash-bl_serial.o
 .ARM.attributes
                0x00000080       0x10 obj/flash-bl_spi.o
 .ARM.attributes
                0x00000090       0x10 obj/flash-bl_i2c.o
 .ARM.attributes
                0x000000a0       0x10 obj/flash-bl_sdcard.o
 .ARM.attributes
                0x000000b0       0x10 obj/flash-bl_usb_bot.o
 .ARM.attributes
                0x000000c0       0x10 obj/flash-bl_usb_drv.o
 .ARM.attributes
                0x000000d0       0x10 obj/flash-bl_usb_dsc.o
 .ARM.attributes
                0x000000e0       0x10 obj/flash-bl_usb_lun.o
 .ARM.attributes
                0x000000f0       0x10 obj/flash-bl_usb_sbc_func.o
 .ARM.attributes
                0x00000100       0x10 obj/flash-bl_usb_std.o
 .ARM.attributes
                0x00000110       0x10 obj/flash-bl_delay.o
 .ARM.attributes
                0x00000120       0x10 obj/flash-bl_rprintf.o
 .ARM.attributes
                0x00000130       0x10 obj/flash-bl_screen.o
 .ARM.attributes
                0x00000140       0x10 obj/flash-bl_oled.o
 .ARM.attributes
                0x00000150       0x10 obj/flash-bl_font.o
 .ARM.attributes
                0x00000160       0x10 obj/flash-bl_blconfgui.o
 .ARM.attributes
                0x00000170       0x10 obj/flash-bl_nvmrc.o
 .ARM.attributes
                0x00000180       0x10 obj/flash-bl_ugscrdrv.o
 .ARM.attributes
                0x00000190       0x10 obj/flash-bl_microgui.o
 .ARM.attributes
                0x000001a0       0x10 obj/flash-bl_abort.o
 .ARM.attributes
                0x000001b0       0x10 obj/flash-bl_interrupt_utils.o
 .ARM.attributes
                0x000001c0       0x10 obj/flash-bl_usb_irq.o
 .ARM.attributes
                0x000001d0       0x10 obj/flash-bl_time.o
 .ARM.attributes
                0x000001e0       0x10 c:/yagarto/bin/../lib/gcc/arm-elf/4.3.2\libgcc.a(_udivsi3.o)
 .ARM.attributes
                0x000001f0       0x10 c:/yagarto/bin/../lib/gcc/arm-elf/4.3.2\libgcc.a(_divsi3.o)
 .ARM.attributes
                0x00000200       0x10 c:/yagarto/bin/../lib/gcc/arm-elf/4.3.2\libgcc.a(_umodsi3.o)
 .ARM.attributes
                0x00000210       0x10 c:/yagarto/bin/../lib/gcc/arm-elf/4.3.2\libgcc.a(_dvmd_tls.o)
 .ARM.attributes
                0x00000220       0x10 c:/yagarto/bin/../lib/gcc/arm-elf/4.3.2/../../../../arm-elf/lib\libg.a(lib_a-ctype_.o)
 .ARM.attributes
                0x00000230       0x10 c:/yagarto/bin/../lib/gcc/arm-elf/4.3.2/../../../../arm-elf/lib\libg.a(lib_a-malloc.o)
 .ARM.attributes
                0x00000240       0x10 c:/yagarto/bin/../lib/gcc/arm-elf/4.3.2/../../../../arm-elf/lib\libg.a(lib_a-mallocr.o)
 .ARM.attributes
                0x00000250       0x10 c:/yagarto/bin/../lib/gcc/arm-elf/4.3.2/../../../../arm-elf/lib\libg.a(lib_a-memcpy.o)
 .ARM.attributes
                0x00000260       0x10 c:/yagarto/bin/../lib/gcc/arm-elf/4.3.2/../../../../arm-elf/lib\libg.a(lib_a-memset.o)
 .ARM.attributes
                0x00000270       0x10 c:/yagarto/bin/../lib/gcc/arm-elf/4.3.2/../../../../arm-elf/lib\libg.a(lib_a-mlock.o)
 .ARM.attributes
                0x00000280       0x10 c:/yagarto/bin/../lib/gcc/arm-elf/4.3.2/../../../../arm-elf/lib\libg.a(lib_a-sbrkr.o)
 .ARM.attributes
                0x00000290       0x10 c:/yagarto/bin/../lib/gcc/arm-elf/4.3.2/../../../../arm-elf/lib\libg.a(lib_a-strchr.o)
 .ARM.attributes
                0x000002a0       0x10 c:/yagarto/bin/../lib/gcc/arm-elf/4.3.2/../../../../arm-elf/lib\libg.a(lib_a-strcmp.o)
 .ARM.attributes
                0x000002b0       0x10 c:/yagarto/bin/../lib/gcc/arm-elf/4.3.2/../../../../arm-elf/lib\libg.a(lib_a-strcpy.o)
 .ARM.attributes
                0x000002c0       0x10 c:/yagarto/bin/../lib/gcc/arm-elf/4.3.2/../../../../arm-elf/lib\libg.a(lib_a-strlen.o)
 .ARM.attributes
                0x000002d0       0x10 c:/yagarto/bin/../lib/gcc/arm-elf/4.3.2/../../../../arm-elf/lib\libg.a(lib_a-strncpy.o)
 .ARM.attributes
                0x000002e0       0x10 c:/yagarto/bin/../lib/gcc/arm-elf/4.3.2/../../../../arm-elf/lib\libg.a(lib_a-strnlen.o)
 .ARM.attributes
                0x000002f0       0x10 c:/yagarto/bin/../lib/gcc/arm-elf/4.3.2/../../../../arm-elf/lib\libg.a(lib_a-strstr.o)
 .ARM.attributes
                0x00000300       0x10 c:/yagarto/bin/../lib/gcc/arm-elf/4.3.2/../../../../arm-elf/lib\libg.a(lib_a-syscalls.o)
 .ARM.attributes
                0x00000310       0x10 c:/yagarto/bin/../lib/gcc/arm-elf/4.3.2/../../../../arm-elf/lib\libg.a(lib_a-errno.o)
 .ARM.attributes
                0x00000320       0x10 c:/yagarto/bin/../lib/gcc/arm-elf/4.3.2/../../../../arm-elf/lib\libg.a(lib_a-findfp.o)
 .ARM.attributes
                0x00000330       0x10 c:/yagarto/bin/../lib/gcc/arm-elf/4.3.2/../../../../arm-elf/lib\libg.a(lib_a-freer.o)
 .ARM.attributes
                0x00000340       0x10 c:/yagarto/bin/../lib/gcc/arm-elf/4.3.2/../../../../arm-elf/lib\libg.a(lib_a-fwalk.o)
 .ARM.attributes
                0x00000350       0x10 c:/yagarto/bin/../lib/gcc/arm-elf/4.3.2/../../../../arm-elf/lib\libg.a(lib_a-impure.o)
 .ARM.attributes
                0x00000360       0x10 c:/yagarto/bin/../lib/gcc/arm-elf/4.3.2/../../../../arm-elf/lib\libg.a(lib_a-reent.o)
 .ARM.attributes
                0x00000370       0x10 c:/yagarto/bin/../lib/gcc/arm-elf/4.3.2/../../../../arm-elf/lib\libg.a(lib_a-stdio.o)
 .ARM.attributes
                0x00000380       0x10 c:/yagarto/bin/../lib/gcc/arm-elf/4.3.2/../../../../arm-elf/lib\libg.a(lib_a-writer.o)
 .ARM.attributes
                0x00000390       0x10 c:/yagarto/bin/../lib/gcc/arm-elf/4.3.2/../../../../arm-elf/lib\libg.a(lib_a-closer.o)
 .ARM.attributes
                0x000003a0       0x10 c:/yagarto/bin/../lib/gcc/arm-elf/4.3.2/../../../../arm-elf/lib\libg.a(lib_a-fclose.o)
 .ARM.attributes
                0x000003b0       0x10 c:/yagarto/bin/../lib/gcc/arm-elf/4.3.2/../../../../arm-elf/lib\libg.a(lib_a-fflush.o)
 .ARM.attributes
                0x000003c0       0x10 c:/yagarto/bin/../lib/gcc/arm-elf/4.3.2/../../../../arm-elf/lib\libg.a(lib_a-lseekr.o)
 .ARM.attributes
                0x000003d0       0x10 c:/yagarto/bin/../lib/gcc/arm-elf/4.3.2/../../../../arm-elf/lib\libg.a(lib_a-readr.o)

.debug_line     0x00000000     0x584c
 .debug_line    0x00000000       0x9d obj/flash-bl_board_cstartup-bl.o
 .debug_line    0x0000009d      0x28e obj/flash-bl_main.o
 .debug_line    0x0000032b      0x153 obj/flash-bl_board_lowlevel.o
 .debug_line    0x0000047e      0x109 obj/flash-bl_pmc.o
 .debug_line    0x00000587      0x7aa obj/flash-bl_ff.o
 .debug_line    0x00000d31      0x12b obj/flash-bl_diskio.o
 .debug_line    0x00000e5c      0x3a1 obj/flash-bl_fat.o
 .debug_line    0x000011fd       0xb0 obj/flash-bl_serial.o
 .debug_line    0x000012ad       0xf3 obj/flash-bl_spi.o
 .debug_line    0x000013a0      0x18e obj/flash-bl_i2c.o
 .debug_line    0x0000152e      0x267 obj/flash-bl_sdcard.o
 .debug_line    0x00001795      0x1e0 obj/flash-bl_usb_bot.o
 .debug_line    0x00001975      0x3a3 obj/flash-bl_usb_drv.o
 .debug_line    0x00001d18       0x3e obj/flash-bl_usb_dsc.o
 .debug_line    0x00001d56       0xdf obj/flash-bl_usb_lun.o
 .debug_line    0x00001e35      0x235 obj/flash-bl_usb_sbc_func.o
 .debug_line    0x0000206a       0xdb obj/flash-bl_usb_std.o
 .debug_line    0x00002145       0x95 obj/flash-bl_delay.o
 .debug_line    0x000021da      0x170 obj/flash-bl_rprintf.o
 .debug_line    0x0000234a      0x1a8 obj/flash-bl_screen.o
 .debug_line    0x000024f2      0x138 obj/flash-bl_oled.o
 .debug_line    0x0000262a      0x148 obj/flash-bl_font.o
 .debug_line    0x00002772      0x404 obj/flash-bl_blconfgui.o
 .debug_line    0x00002b76      0x123 obj/flash-bl_nvmrc.o
 .debug_line    0x00002c99      0x143 obj/flash-bl_ugscrdrv.o
 .debug_line    0x00002ddc      0x301 obj/flash-bl_microgui.o
 .debug_line    0x000030dd       0x51 obj/flash-bl_abort.o
 .debug_line    0x0000312e       0xda obj/flash-bl_interrupt_utils.o
 .debug_line    0x00003208       0xb4 obj/flash-bl_usb_irq.o
 .debug_line    0x000032bc       0xe3 obj/flash-bl_time.o
 .debug_line    0x0000339f       0x96 c:/yagarto/bin/../lib/gcc/arm-elf/4.3.2\libgcc.a(_udivsi3.o)
 .debug_line    0x00003435       0xa2 c:/yagarto/bin/../lib/gcc/arm-elf/4.3.2\libgcc.a(_divsi3.o)
 .debug_line    0x000034d7       0x7f c:/yagarto/bin/../lib/gcc/arm-elf/4.3.2\libgcc.a(_umodsi3.o)
 .debug_line    0x00003556       0x6a c:/yagarto/bin/../lib/gcc/arm-elf/4.3.2\libgcc.a(_dvmd_tls.o)
 .debug_line    0x000035c0       0x58 c:/yagarto/bin/../lib/gcc/arm-elf/4.3.2/../../../../arm-elf/lib\libg.a(lib_a-ctype_.o)
 .debug_line    0x00003618      0x124 c:/yagarto/bin/../lib/gcc/arm-elf/4.3.2/../../../../arm-elf/lib\libg.a(lib_a-malloc.o)
 .debug_line    0x0000373c      0x257 c:/yagarto/bin/../lib/gcc/arm-elf/4.3.2/../../../../arm-elf/lib\libg.a(lib_a-mallocr.o)
 .debug_line    0x00003993       0xf8 c:/yagarto/bin/../lib/gcc/arm-elf/4.3.2/../../../../arm-elf/lib\libg.a(lib_a-memcpy.o)
 .debug_line    0x00003a8b       0xfd c:/yagarto/bin/../lib/gcc/arm-elf/4.3.2/../../../../arm-elf/lib\libg.a(lib_a-memset.o)
 .debug_line    0x00003b88      0x11c c:/yagarto/bin/../lib/gcc/arm-elf/4.3.2/../../../../arm-elf/lib\libg.a(lib_a-mlock.o)
 .debug_line    0x00003ca4      0x11f c:/yagarto/bin/../lib/gcc/arm-elf/4.3.2/../../../../arm-elf/lib\libg.a(lib_a-sbrkr.o)
 .debug_line    0x00003dc3       0x7c c:/yagarto/bin/../lib/gcc/arm-elf/4.3.2/../../../../arm-elf/lib\libg.a(lib_a-strchr.o)
 .debug_line    0x00003e3f       0x84 c:/yagarto/bin/../lib/gcc/arm-elf/4.3.2/../../../../arm-elf/lib\libg.a(lib_a-strcmp.o)
 .debug_line    0x00003ec3       0x81 c:/yagarto/bin/../lib/gcc/arm-elf/4.3.2/../../../../arm-elf/lib\libg.a(lib_a-strcpy.o)
 .debug_line    0x00003f44       0xc8 c:/yagarto/bin/../lib/gcc/arm-elf/4.3.2/../../../../arm-elf/lib\libg.a(lib_a-strlen.o)
 .debug_line    0x0000400c       0xf1 c:/yagarto/bin/../lib/gcc/arm-elf/4.3.2/../../../../arm-elf/lib\libg.a(lib_a-strncpy.o)
 .debug_line    0x000040fd       0xc1 c:/yagarto/bin/../lib/gcc/arm-elf/4.3.2/../../../../arm-elf/lib\libg.a(lib_a-strnlen.o)
 .debug_line    0x000041be       0xca c:/yagarto/bin/../lib/gcc/arm-elf/4.3.2/../../../../arm-elf/lib\libg.a(lib_a-strstr.o)
 .debug_line    0x00004288      0x383 c:/yagarto/bin/../lib/gcc/arm-elf/4.3.2/../../../../arm-elf/lib\libg.a(lib_a-syscalls.o)
 .debug_line    0x0000460b      0x119 c:/yagarto/bin/../lib/gcc/arm-elf/4.3.2/../../../../arm-elf/lib\libg.a(lib_a-errno.o)
 .debug_line    0x00004724      0x238 c:/yagarto/bin/../lib/gcc/arm-elf/4.3.2/../../../../arm-elf/lib\libg.a(lib_a-findfp.o)
 .debug_line    0x0000495c      0x1ac c:/yagarto/bin/../lib/gcc/arm-elf/4.3.2/../../../../arm-elf/lib\libg.a(lib_a-freer.o)
 .debug_line    0x00004b08      0x188 c:/yagarto/bin/../lib/gcc/arm-elf/4.3.2/../../../../arm-elf/lib\libg.a(lib_a-fwalk.o)
 .debug_line    0x00004c90      0x10a c:/yagarto/bin/../lib/gcc/arm-elf/4.3.2/../../../../arm-elf/lib\libg.a(lib_a-impure.o)
 .debug_line    0x00004d9a      0x14f c:/yagarto/bin/../lib/gcc/arm-elf/4.3.2/../../../../arm-elf/lib\libg.a(lib_a-reent.o)
 .debug_line    0x00004ee9      0x193 c:/yagarto/bin/../lib/gcc/arm-elf/4.3.2/../../../../arm-elf/lib\libg.a(lib_a-stdio.o)
 .debug_line    0x0000507c      0x120 c:/yagarto/bin/../lib/gcc/arm-elf/4.3.2/../../../../arm-elf/lib\libg.a(lib_a-writer.o)
 .debug_line    0x0000519c      0x120 c:/yagarto/bin/../lib/gcc/arm-elf/4.3.2/../../../../arm-elf/lib\libg.a(lib_a-closer.o)
 .debug_line    0x000052bc      0x187 c:/yagarto/bin/../lib/gcc/arm-elf/4.3.2/../../../../arm-elf/lib\libg.a(lib_a-fclose.o)
 .debug_line    0x00005443      0x1ca c:/yagarto/bin/../lib/gcc/arm-elf/4.3.2/../../../../arm-elf/lib\libg.a(lib_a-fflush.o)
 .debug_line    0x0000560d      0x120 c:/yagarto/bin/../lib/gcc/arm-elf/4.3.2/../../../../arm-elf/lib\libg.a(lib_a-lseekr.o)
 .debug_line    0x0000572d      0x11f c:/yagarto/bin/../lib/gcc/arm-elf/4.3.2/../../../../arm-elf/lib\libg.a(lib_a-readr.o)

.debug_info     0x00000000    0x1ac1a
 .debug_info    0x00000000       0x6d obj/flash-bl_board_cstartup-bl.o
 .debug_info    0x0000006d     0x119c obj/flash-bl_main.o
 .debug_info    0x00001209      0x931 obj/flash-bl_board_lowlevel.o
 .debug_info    0x00001b3a      0x311 obj/flash-bl_pmc.o
 .debug_info    0x00001e4b     0x16d6 obj/flash-bl_ff.o
 .debug_info    0x00003521      0x2cb obj/flash-bl_diskio.o
 .debug_info    0x000037ec     0x10a3 obj/flash-bl_fat.o
 .debug_info    0x0000488f      0x533 obj/flash-bl_serial.o
 .debug_info    0x00004dc2      0x6a9 obj/flash-bl_spi.o
 .debug_info    0x0000546b      0x52f obj/flash-bl_i2c.o
 .debug_info    0x0000599a      0x734 obj/flash-bl_sdcard.o
 .debug_info    0x000060ce      0xa8f obj/flash-bl_usb_bot.o
 .debug_info    0x00006b5d      0xe37 obj/flash-bl_usb_drv.o
 .debug_info    0x00007994      0x561 obj/flash-bl_usb_dsc.o
 .debug_info    0x00007ef5      0x6e1 obj/flash-bl_usb_lun.o
 .debug_info    0x000085d6     0x1076 obj/flash-bl_usb_sbc_func.o
 .debug_info    0x0000964c      0x3ed obj/flash-bl_usb_std.o
 .debug_info    0x00009a39       0xc8 obj/flash-bl_delay.o
 .debug_info    0x00009b01      0x26d obj/flash-bl_rprintf.o
 .debug_info    0x00009d6e      0x4fc obj/flash-bl_screen.o
 .debug_info    0x0000a26a      0x661 obj/flash-bl_oled.o
 .debug_info    0x0000a8cb      0x2a6 obj/flash-bl_font.o
 .debug_info    0x0000ab71     0x13d0 obj/flash-bl_blconfgui.o
 .debug_info    0x0000bf41      0x244 obj/flash-bl_nvmrc.o
 .debug_info    0x0000c185      0x2dd obj/flash-bl_ugscrdrv.o
 .debug_info    0x0000c462      0xbde obj/flash-bl_microgui.o
 .debug_info    0x0000d040       0xb6 obj/flash-bl_abort.o
 .debug_info    0x0000d0f6      0x1aa obj/flash-bl_interrupt_utils.o
 .debug_info    0x0000d2a0      0x3dc obj/flash-bl_usb_irq.o
 .debug_info    0x0000d67c      0x58a obj/flash-bl_time.o
 .debug_info    0x0000dc06       0x92 c:/yagarto/bin/../lib/gcc/arm-elf/4.3.2\libgcc.a(_udivsi3.o)
 .debug_info    0x0000dc98       0x92 c:/yagarto/bin/../lib/gcc/arm-elf/4.3.2\libgcc.a(_divsi3.o)
 .debug_info    0x0000dd2a       0x92 c:/yagarto/bin/../lib/gcc/arm-elf/4.3.2\libgcc.a(_umodsi3.o)
 .debug_info    0x0000ddbc       0x92 c:/yagarto/bin/../lib/gcc/arm-elf/4.3.2\libgcc.a(_dvmd_tls.o)
 .debug_info    0x0000de4e       0x75 c:/yagarto/bin/../lib/gcc/arm-elf/4.3.2/../../../../arm-elf/lib\libg.a(lib_a-ctype_.o)
 .debug_info    0x0000dec3      0x96a c:/yagarto/bin/../lib/gcc/arm-elf/4.3.2/../../../../arm-elf/lib\libg.a(lib_a-malloc.o)
 .debug_info    0x0000e82d      0xcca c:/yagarto/bin/../lib/gcc/arm-elf/4.3.2/../../../../arm-elf/lib\libg.a(lib_a-mallocr.o)
 .debug_info    0x0000f4f7      0x10e c:/yagarto/bin/../lib/gcc/arm-elf/4.3.2/../../../../arm-elf/lib\libg.a(lib_a-memcpy.o)
 .debug_info    0x0000f605      0x113 c:/yagarto/bin/../lib/gcc/arm-elf/4.3.2/../../../../arm-elf/lib\libg.a(lib_a-memset.o)
 .debug_info    0x0000f718      0x953 c:/yagarto/bin/../lib/gcc/arm-elf/4.3.2/../../../../arm-elf/lib\libg.a(lib_a-mlock.o)
 .debug_info    0x0001006b      0x962 c:/yagarto/bin/../lib/gcc/arm-elf/4.3.2/../../../../arm-elf/lib\libg.a(lib_a-sbrkr.o)
 .debug_info    0x000109cd      0x114 c:/yagarto/bin/../lib/gcc/arm-elf/4.3.2/../../../../arm-elf/lib\libg.a(lib_a-strchr.o)
 .debug_info    0x00010ae1       0xdb c:/yagarto/bin/../lib/gcc/arm-elf/4.3.2/../../../../arm-elf/lib\libg.a(lib_a-strcmp.o)
 .debug_info    0x00010bbc      0x10e c:/yagarto/bin/../lib/gcc/arm-elf/4.3.2/../../../../arm-elf/lib\libg.a(lib_a-strcpy.o)
 .debug_info    0x00010cca       0xd7 c:/yagarto/bin/../lib/gcc/arm-elf/4.3.2/../../../../arm-elf/lib\libg.a(lib_a-strlen.o)
 .debug_info    0x00010da1      0x12a c:/yagarto/bin/../lib/gcc/arm-elf/4.3.2/../../../../arm-elf/lib\libg.a(lib_a-strncpy.o)
 .debug_info    0x00010ecb       0xc9 c:/yagarto/bin/../lib/gcc/arm-elf/4.3.2/../../../../arm-elf/lib\libg.a(lib_a-strnlen.o)
 .debug_info    0x00010f94       0xdb c:/yagarto/bin/../lib/gcc/arm-elf/4.3.2/../../../../arm-elf/lib\libg.a(lib_a-strstr.o)
 .debug_info    0x0001106f     0x186e c:/yagarto/bin/../lib/gcc/arm-elf/4.3.2/../../../../arm-elf/lib\libg.a(lib_a-syscalls.o)
 .debug_info    0x000128dd      0x92a c:/yagarto/bin/../lib/gcc/arm-elf/4.3.2/../../../../arm-elf/lib\libg.a(lib_a-errno.o)
 .debug_info    0x00013207      0xc04 c:/yagarto/bin/../lib/gcc/arm-elf/4.3.2/../../../../arm-elf/lib\libg.a(lib_a-findfp.o)
 .debug_info    0x00013e0b      0xbbf c:/yagarto/bin/../lib/gcc/arm-elf/4.3.2/../../../../arm-elf/lib\libg.a(lib_a-freer.o)
 .debug_info    0x000149ca      0xae1 c:/yagarto/bin/../lib/gcc/arm-elf/4.3.2/../../../../arm-elf/lib\libg.a(lib_a-fwalk.o)
 .debug_info    0x000154ab      0x939 c:/yagarto/bin/../lib/gcc/arm-elf/4.3.2/../../../../arm-elf/lib\libg.a(lib_a-impure.o)
 .debug_info    0x00015de4      0xa1c c:/yagarto/bin/../lib/gcc/arm-elf/4.3.2/../../../../arm-elf/lib\libg.a(lib_a-reent.o)
 .debug_info    0x00016800      0xaaa c:/yagarto/bin/../lib/gcc/arm-elf/4.3.2/../../../../arm-elf/lib\libg.a(lib_a-stdio.o)
 .debug_info    0x000172aa      0x991 c:/yagarto/bin/../lib/gcc/arm-elf/4.3.2/../../../../arm-elf/lib\libg.a(lib_a-writer.o)
 .debug_info    0x00017c3b      0x956 c:/yagarto/bin/../lib/gcc/arm-elf/4.3.2/../../../../arm-elf/lib\libg.a(lib_a-closer.o)
 .debug_info    0x00018591      0x98e c:/yagarto/bin/../lib/gcc/arm-elf/4.3.2/../../../../arm-elf/lib\libg.a(lib_a-fclose.o)
 .debug_info    0x00018f1f      0x9f2 c:/yagarto/bin/../lib/gcc/arm-elf/4.3.2/../../../../arm-elf/lib\libg.a(lib_a-fflush.o)
 .debug_info    0x00019911      0x97f c:/yagarto/bin/../lib/gcc/arm-elf/4.3.2/../../../../arm-elf/lib\libg.a(lib_a-lseekr.o)
 .debug_info    0x0001a290      0x98a c:/yagarto/bin/../lib/gcc/arm-elf/4.3.2/../../../../arm-elf/lib\libg.a(lib_a-readr.o)

.debug_abbrev   0x00000000     0x4b56
 .debug_abbrev  0x00000000       0x12 obj/flash-bl_board_cstartup-bl.o
 .debug_abbrev  0x00000012      0x1f1 obj/flash-bl_main.o
 .debug_abbrev  0x00000203      0x110 obj/flash-bl_board_lowlevel.o
 .debug_abbrev  0x00000313       0xfe obj/flash-bl_pmc.o
 .debug_abbrev  0x00000411      0x1ba obj/flash-bl_ff.o
 .debug_abbrev  0x000005cb       0xcc obj/flash-bl_diskio.o
 .debug_abbrev  0x00000697      0x223 obj/flash-bl_fat.o
 .debug_abbrev  0x000008ba      0x105 obj/flash-bl_serial.o
 .debug_abbrev  0x000009bf      0x10c obj/flash-bl_spi.o
 .debug_abbrev  0x00000acb       0xfd obj/flash-bl_i2c.o
 .debug_abbrev  0x00000bc8      0x1c4 obj/flash-bl_sdcard.o
 .debug_abbrev  0x00000d8c      0x200 obj/flash-bl_usb_bot.o
 .debug_abbrev  0x00000f8c      0x262 obj/flash-bl_usb_drv.o
 .debug_abbrev  0x000011ee       0x8f obj/flash-bl_usb_dsc.o
 .debug_abbrev  0x0000127d      0x15f obj/flash-bl_usb_lun.o
 .debug_abbrev  0x000013dc      0x1da obj/flash-bl_usb_sbc_func.o
 .debug_abbrev  0x000015b6       0xf5 obj/flash-bl_usb_std.o
 .debug_abbrev  0x000016ab       0x7d obj/flash-bl_delay.o
 .debug_abbrev  0x00001728      0x133 obj/flash-bl_rprintf.o
 .debug_abbrev  0x0000185b       0xfc obj/flash-bl_screen.o
 .debug_abbrev  0x00001957      0x110 obj/flash-bl_oled.o
 .debug_abbrev  0x00001a67       0xb9 obj/flash-bl_font.o
 .debug_abbrev  0x00001b20      0x21f obj/flash-bl_blconfgui.o
 .debug_abbrev  0x00001d3f       0xec obj/flash-bl_nvmrc.o
 .debug_abbrev  0x00001e2b       0xaa obj/flash-bl_ugscrdrv.o
 .debug_abbrev  0x00001ed5      0x1ae obj/flash-bl_microgui.o
 .debug_abbrev  0x00002083       0x79 obj/flash-bl_abort.o
 .debug_abbrev  0x000020fc       0xaa obj/flash-bl_interrupt_utils.o
 .debug_abbrev  0x000021a6       0xde obj/flash-bl_usb_irq.o
 .debug_abbrev  0x00002284       0xfb obj/flash-bl_time.o
 .debug_abbrev  0x0000237f       0x14 c:/yagarto/bin/../lib/gcc/arm-elf/4.3.2\libgcc.a(_udivsi3.o)
 .debug_abbrev  0x00002393       0x14 c:/yagarto/bin/../lib/gcc/arm-elf/4.3.2\libgcc.a(_divsi3.o)
 .debug_abbrev  0x000023a7       0x14 c:/yagarto/bin/../lib/gcc/arm-elf/4.3.2\libgcc.a(_umodsi3.o)
 .debug_abbrev  0x000023bb       0x14 c:/yagarto/bin/../lib/gcc/arm-elf/4.3.2\libgcc.a(_dvmd_tls.o)
 .debug_abbrev  0x000023cf       0x5b c:/yagarto/bin/../lib/gcc/arm-elf/4.3.2/../../../../arm-elf/lib\libg.a(lib_a-ctype_.o)
 .debug_abbrev  0x0000242a      0x190 c:/yagarto/bin/../lib/gcc/arm-elf/4.3.2/../../../../arm-elf/lib\libg.a(lib_a-malloc.o)
 .debug_abbrev  0x000025ba      0x22e c:/yagarto/bin/../lib/gcc/arm-elf/4.3.2/../../../../arm-elf/lib\libg.a(lib_a-mallocr.o)
 .debug_abbrev  0x000027e8       0x99 c:/yagarto/bin/../lib/gcc/arm-elf/4.3.2/../../../../arm-elf/lib\libg.a(lib_a-memcpy.o)
 .debug_abbrev  0x00002881       0xb2 c:/yagarto/bin/../lib/gcc/arm-elf/4.3.2/../../../../arm-elf/lib\libg.a(lib_a-memset.o)
 .debug_abbrev  0x00002933      0x173 c:/yagarto/bin/../lib/gcc/arm-elf/4.3.2/../../../../arm-elf/lib\libg.a(lib_a-mlock.o)
 .debug_abbrev  0x00002aa6      0x197 c:/yagarto/bin/../lib/gcc/arm-elf/4.3.2/../../../../arm-elf/lib\libg.a(lib_a-sbrkr.o)
 .debug_abbrev  0x00002c3d       0x98 c:/yagarto/bin/../lib/gcc/arm-elf/4.3.2/../../../../arm-elf/lib\libg.a(lib_a-strchr.o)
 .debug_abbrev  0x00002cd5       0x7a c:/yagarto/bin/../lib/gcc/arm-elf/4.3.2/../../../../arm-elf/lib\libg.a(lib_a-strcmp.o)
 .debug_abbrev  0x00002d4f       0x98 c:/yagarto/bin/../lib/gcc/arm-elf/4.3.2/../../../../arm-elf/lib\libg.a(lib_a-strcpy.o)
 .debug_abbrev  0x00002de7       0x94 c:/yagarto/bin/../lib/gcc/arm-elf/4.3.2/../../../../arm-elf/lib\libg.a(lib_a-strlen.o)
 .debug_abbrev  0x00002e7b       0x96 c:/yagarto/bin/../lib/gcc/arm-elf/4.3.2/../../../../arm-elf/lib\libg.a(lib_a-strncpy.o)
 .debug_abbrev  0x00002f11       0x92 c:/yagarto/bin/../lib/gcc/arm-elf/4.3.2/../../../../arm-elf/lib\libg.a(lib_a-strnlen.o)
 .debug_abbrev  0x00002fa3       0x9d c:/yagarto/bin/../lib/gcc/arm-elf/4.3.2/../../../../arm-elf/lib\libg.a(lib_a-strstr.o)
 .debug_abbrev  0x00003040      0x450 c:/yagarto/bin/../lib/gcc/arm-elf/4.3.2/../../../../arm-elf/lib\libg.a(lib_a-syscalls.o)
 .debug_abbrev  0x00003490      0x168 c:/yagarto/bin/../lib/gcc/arm-elf/4.3.2/../../../../arm-elf/lib\libg.a(lib_a-errno.o)
 .debug_abbrev  0x000035f8      0x2b3 c:/yagarto/bin/../lib/gcc/arm-elf/4.3.2/../../../../arm-elf/lib\libg.a(lib_a-findfp.o)
 .debug_abbrev  0x000038ab      0x200 c:/yagarto/bin/../lib/gcc/arm-elf/4.3.2/../../../../arm-elf/lib\libg.a(lib_a-freer.o)
 .debug_abbrev  0x00003aab      0x1ee c:/yagarto/bin/../lib/gcc/arm-elf/4.3.2/../../../../arm-elf/lib\libg.a(lib_a-fwalk.o)
 .debug_abbrev  0x00003c99      0x160 c:/yagarto/bin/../lib/gcc/arm-elf/4.3.2/../../../../arm-elf/lib\libg.a(lib_a-impure.o)
 .debug_abbrev  0x00003df9      0x1f2 c:/yagarto/bin/../lib/gcc/arm-elf/4.3.2/../../../../arm-elf/lib\libg.a(lib_a-reent.o)
 .debug_abbrev  0x00003feb      0x1c3 c:/yagarto/bin/../lib/gcc/arm-elf/4.3.2/../../../../arm-elf/lib\libg.a(lib_a-stdio.o)
 .debug_abbrev  0x000041ae      0x18d c:/yagarto/bin/../lib/gcc/arm-elf/4.3.2/../../../../arm-elf/lib\libg.a(lib_a-writer.o)
 .debug_abbrev  0x0000433b      0x188 c:/yagarto/bin/../lib/gcc/arm-elf/4.3.2/../../../../arm-elf/lib\libg.a(lib_a-closer.o)
 .debug_abbrev  0x000044c3      0x1b0 c:/yagarto/bin/../lib/gcc/arm-elf/4.3.2/../../../../arm-elf/lib\libg.a(lib_a-fclose.o)
 .debug_abbrev  0x00004673      0x1c4 c:/yagarto/bin/../lib/gcc/arm-elf/4.3.2/../../../../arm-elf/lib\libg.a(lib_a-fflush.o)
 .debug_abbrev  0x00004837      0x197 c:/yagarto/bin/../lib/gcc/arm-elf/4.3.2/../../../../arm-elf/lib\libg.a(lib_a-lseekr.o)
 .debug_abbrev  0x000049ce      0x188 c:/yagarto/bin/../lib/gcc/arm-elf/4.3.2/../../../../arm-elf/lib\libg.a(lib_a-readr.o)

.debug_aranges  0x00000000      0xdc8
 .debug_aranges
                0x00000000       0x28 obj/flash-bl_board_cstartup-bl.o
 .debug_aranges
                0x00000028       0x40 obj/flash-bl_main.o
 .debug_aranges
                0x00000068       0x58 obj/flash-bl_board_lowlevel.o
 .debug_aranges
                0x000000c0       0x58 obj/flash-bl_pmc.o
 .debug_aranges
                0x00000118      0x158 obj/flash-bl_ff.o
 .debug_aranges
                0x00000270       0x48 obj/flash-bl_diskio.o
 .debug_aranges
                0x000002b8       0xb8 obj/flash-bl_fat.o
 .debug_aranges
                0x00000370       0x30 obj/flash-bl_serial.o
 .debug_aranges
                0x000003a0       0x28 obj/flash-bl_spi.o
 .debug_aranges
                0x000003c8       0x60 obj/flash-bl_i2c.o
 .debug_aranges
                0x00000428       0x70 obj/flash-bl_sdcard.o
 .debug_aranges
                0x00000498       0x60 obj/flash-bl_usb_bot.o
 .debug_aranges
                0x000004f8       0xb8 obj/flash-bl_usb_drv.o
 .debug_aranges
                0x000005b0       0x30 obj/flash-bl_usb_lun.o
 .debug_aranges
                0x000005e0       0x68 obj/flash-bl_usb_sbc_func.o
 .debug_aranges
                0x00000648       0x28 obj/flash-bl_usb_std.o
 .debug_aranges
                0x00000670       0x28 obj/flash-bl_delay.o
 .debug_aranges
                0x00000698       0x30 obj/flash-bl_rprintf.o
 .debug_aranges
                0x000006c8       0x40 obj/flash-bl_screen.o
 .debug_aranges
                0x00000708       0x38 obj/flash-bl_oled.o
 .debug_aranges
                0x00000740       0x40 obj/flash-bl_font.o
 .debug_aranges
                0x00000780       0x80 obj/flash-bl_blconfgui.o
 .debug_aranges
                0x00000800       0x40 obj/flash-bl_nvmrc.o
 .debug_aranges
                0x00000840       0x50 obj/flash-bl_ugscrdrv.o
 .debug_aranges
                0x00000890       0xa8 obj/flash-bl_microgui.o
 .debug_aranges
                0x00000938       0x28 obj/flash-bl_abort.o
 .debug_aranges
                0x00000960       0x58 obj/flash-bl_interrupt_utils.o
 .debug_aranges
                0x000009b8       0x20 obj/flash-bl_usb_irq.o
 .debug_aranges
                0x000009d8       0x30 obj/flash-bl_time.o
 .debug_aranges
                0x00000a08       0x20 c:/yagarto/bin/../lib/gcc/arm-elf/4.3.2\libgcc.a(_udivsi3.o)
 .debug_aranges
                0x00000a28       0x20 c:/yagarto/bin/../lib/gcc/arm-elf/4.3.2\libgcc.a(_divsi3.o)
 .debug_aranges
                0x00000a48       0x20 c:/yagarto/bin/../lib/gcc/arm-elf/4.3.2\libgcc.a(_umodsi3.o)
 .debug_aranges
                0x00000a68       0x20 c:/yagarto/bin/../lib/gcc/arm-elf/4.3.2\libgcc.a(_dvmd_tls.o)
 .debug_aranges
                0x00000a88       0x20 c:/yagarto/bin/../lib/gcc/arm-elf/4.3.2/../../../../arm-elf/lib\libg.a(lib_a-malloc.o)
 .debug_aranges
                0x00000aa8       0x20 c:/yagarto/bin/../lib/gcc/arm-elf/4.3.2/../../../../arm-elf/lib\libg.a(lib_a-mallocr.o)
 .debug_aranges
                0x00000ac8       0x20 c:/yagarto/bin/../lib/gcc/arm-elf/4.3.2/../../../../arm-elf/lib\libg.a(lib_a-memcpy.o)
 .debug_aranges
                0x00000ae8       0x20 c:/yagarto/bin/../lib/gcc/arm-elf/4.3.2/../../../../arm-elf/lib\libg.a(lib_a-memset.o)
 .debug_aranges
                0x00000b08       0x20 c:/yagarto/bin/../lib/gcc/arm-elf/4.3.2/../../../../arm-elf/lib\libg.a(lib_a-mlock.o)
 .debug_aranges
                0x00000b28       0x20 c:/yagarto/bin/../lib/gcc/arm-elf/4.3.2/../../../../arm-elf/lib\libg.a(lib_a-sbrkr.o)
 .debug_aranges
                0x00000b48       0x20 c:/yagarto/bin/../lib/gcc/arm-elf/4.3.2/../../../../arm-elf/lib\libg.a(lib_a-strchr.o)
 .debug_aranges
                0x00000b68       0x20 c:/yagarto/bin/../lib/gcc/arm-elf/4.3.2/../../../../arm-elf/lib\libg.a(lib_a-strcmp.o)
 .debug_aranges
                0x00000b88       0x20 c:/yagarto/bin/../lib/gcc/arm-elf/4.3.2/../../../../arm-elf/lib\libg.a(lib_a-strcpy.o)
 .debug_aranges
                0x00000ba8       0x20 c:/yagarto/bin/../lib/gcc/arm-elf/4.3.2/../../../../arm-elf/lib\libg.a(lib_a-strlen.o)
 .debug_aranges
                0x00000bc8       0x20 c:/yagarto/bin/../lib/gcc/arm-elf/4.3.2/../../../../arm-elf/lib\libg.a(lib_a-strncpy.o)
 .debug_aranges
                0x00000be8       0x20 c:/yagarto/bin/../lib/gcc/arm-elf/4.3.2/../../../../arm-elf/lib\libg.a(lib_a-strnlen.o)
 .debug_aranges
                0x00000c08       0x20 c:/yagarto/bin/../lib/gcc/arm-elf/4.3.2/../../../../arm-elf/lib\libg.a(lib_a-strstr.o)
 .debug_aranges
                0x00000c28       0x20 c:/yagarto/bin/../lib/gcc/arm-elf/4.3.2/../../../../arm-elf/lib\libg.a(lib_a-syscalls.o)
 .debug_aranges
                0x00000c48       0x20 c:/yagarto/bin/../lib/gcc/arm-elf/4.3.2/../../../../arm-elf/lib\libg.a(lib_a-errno.o)
 .debug_aranges
                0x00000c68       0x20 c:/yagarto/bin/../lib/gcc/arm-elf/4.3.2/../../../../arm-elf/lib\libg.a(lib_a-findfp.o)
 .debug_aranges
                0x00000c88       0x20 c:/yagarto/bin/../lib/gcc/arm-elf/4.3.2/../../../../arm-elf/lib\libg.a(lib_a-freer.o)
 .debug_aranges
                0x00000ca8       0x20 c:/yagarto/bin/../lib/gcc/arm-elf/4.3.2/../../../../arm-elf/lib\libg.a(lib_a-fwalk.o)
 .debug_aranges
                0x00000cc8       0x20 c:/yagarto/bin/../lib/gcc/arm-elf/4.3.2/../../../../arm-elf/lib\libg.a(lib_a-reent.o)
 .debug_aranges
                0x00000ce8       0x20 c:/yagarto/bin/../lib/gcc/arm-elf/4.3.2/../../../../arm-elf/lib\libg.a(lib_a-stdio.o)
 .debug_aranges
                0x00000d08       0x20 c:/yagarto/bin/../lib/gcc/arm-elf/4.3.2/../../../../arm-elf/lib\libg.a(lib_a-writer.o)
 .debug_aranges
                0x00000d28       0x20 c:/yagarto/bin/../lib/gcc/arm-elf/4.3.2/../../../../arm-elf/lib\libg.a(lib_a-closer.o)
 .debug_aranges
                0x00000d48       0x20 c:/yagarto/bin/../lib/gcc/arm-elf/4.3.2/../../../../arm-elf/lib\libg.a(lib_a-fclose.o)
 .debug_aranges
                0x00000d68       0x20 c:/yagarto/bin/../lib/gcc/arm-elf/4.3.2/../../../../arm-elf/lib\libg.a(lib_a-fflush.o)
 .debug_aranges
                0x00000d88       0x20 c:/yagarto/bin/../lib/gcc/arm-elf/4.3.2/../../../../arm-elf/lib\libg.a(lib_a-lseekr.o)
 .debug_aranges
                0x00000da8       0x20 c:/yagarto/bin/../lib/gcc/arm-elf/4.3.2/../../../../arm-elf/lib\libg.a(lib_a-readr.o)

.debug_ranges   0x00000000      0xcc8
 .debug_ranges  0x00000000       0x20 obj/flash-bl_board_cstartup-bl.o
 .debug_ranges  0x00000020       0x38 obj/flash-bl_main.o
 .debug_ranges  0x00000058       0x50 obj/flash-bl_board_lowlevel.o
 .debug_ranges  0x000000a8       0x50 obj/flash-bl_pmc.o
 .debug_ranges  0x000000f8      0x150 obj/flash-bl_ff.o
 .debug_ranges  0x00000248       0x40 obj/flash-bl_diskio.o
 .debug_ranges  0x00000288       0xb0 obj/flash-bl_fat.o
 .debug_ranges  0x00000338       0x28 obj/flash-bl_serial.o
 .debug_ranges  0x00000360       0x20 obj/flash-bl_spi.o
 .debug_ranges  0x00000380       0x58 obj/flash-bl_i2c.o
 .debug_ranges  0x000003d8       0x68 obj/flash-bl_sdcard.o
 .debug_ranges  0x00000440       0x58 obj/flash-bl_usb_bot.o
 .debug_ranges  0x00000498       0xb0 obj/flash-bl_usb_drv.o
 .debug_ranges  0x00000548       0x28 obj/flash-bl_usb_lun.o
 .debug_ranges  0x00000570       0x60 obj/flash-bl_usb_sbc_func.o
 .debug_ranges  0x000005d0       0x20 obj/flash-bl_usb_std.o
 .debug_ranges  0x000005f0       0x20 obj/flash-bl_delay.o
 .debug_ranges  0x00000610       0x28 obj/flash-bl_rprintf.o
 .debug_ranges  0x00000638       0x38 obj/flash-bl_screen.o
 .debug_ranges  0x00000670       0x30 obj/flash-bl_oled.o
 .debug_ranges  0x000006a0       0x38 obj/flash-bl_font.o
 .debug_ranges  0x000006d8       0x78 obj/flash-bl_blconfgui.o
 .debug_ranges  0x00000750       0x38 obj/flash-bl_nvmrc.o
 .debug_ranges  0x00000788       0x48 obj/flash-bl_ugscrdrv.o
 .debug_ranges  0x000007d0       0xa0 obj/flash-bl_microgui.o
 .debug_ranges  0x00000870       0x20 obj/flash-bl_abort.o
 .debug_ranges  0x00000890       0x50 obj/flash-bl_interrupt_utils.o
 .debug_ranges  0x000008e0       0x18 obj/flash-bl_usb_irq.o
 .debug_ranges  0x000008f8       0x28 obj/flash-bl_time.o
 .debug_ranges  0x00000920       0x58 c:/yagarto/bin/../lib/gcc/arm-elf/4.3.2/../../../../arm-elf/lib\libg.a(lib_a-mallocr.o)
 .debug_ranges  0x00000978      0x258 c:/yagarto/bin/../lib/gcc/arm-elf/4.3.2/../../../../arm-elf/lib\libg.a(lib_a-syscalls.o)
 .debug_ranges  0x00000bd0       0x80 c:/yagarto/bin/../lib/gcc/arm-elf/4.3.2/../../../../arm-elf/lib\libg.a(lib_a-findfp.o)
 .debug_ranges  0x00000c50       0x40 c:/yagarto/bin/../lib/gcc/arm-elf/4.3.2/../../../../arm-elf/lib\libg.a(lib_a-fwalk.o)
 .debug_ranges  0x00000c90       0x38 c:/yagarto/bin/../lib/gcc/arm-elf/4.3.2/../../../../arm-elf/lib\libg.a(lib_a-fflush.o)

.debug_frame    0x00000000     0x2834
 .debug_frame   0x00000000       0xb4 obj/flash-bl_main.o
 .debug_frame   0x000000b4      0x110 obj/flash-bl_board_lowlevel.o
 .debug_frame   0x000001c4      0x110 obj/flash-bl_pmc.o
 .debug_frame   0x000002d4      0x510 obj/flash-bl_ff.o
 .debug_frame   0x000007e4       0xd0 obj/flash-bl_diskio.o
 .debug_frame   0x000008b4      0x294 obj/flash-bl_fat.o
 .debug_frame   0x00000b48       0x70 obj/flash-bl_serial.o
 .debug_frame   0x00000bb8       0x50 obj/flash-bl_spi.o
 .debug_frame   0x00000c08      0x130 obj/flash-bl_i2c.o
 .debug_frame   0x00000d38      0x170 obj/flash-bl_sdcard.o
 .debug_frame   0x00000ea8      0x130 obj/flash-bl_usb_bot.o
 .debug_frame   0x00000fd8      0x294 obj/flash-bl_usb_drv.o
 .debug_frame   0x0000126c       0x70 obj/flash-bl_usb_lun.o
 .debug_frame   0x000012dc      0x150 obj/flash-bl_usb_sbc_func.o
 .debug_frame   0x0000142c       0x50 obj/flash-bl_usb_std.o
 .debug_frame   0x0000147c       0x50 obj/flash-bl_delay.o
 .debug_frame   0x000014cc       0x74 obj/flash-bl_rprintf.o
 .debug_frame   0x00001540       0xb0 obj/flash-bl_screen.o
 .debug_frame   0x000015f0       0x90 obj/flash-bl_oled.o
 .debug_frame   0x00001680       0xb0 obj/flash-bl_font.o
 .debug_frame   0x00001730      0x1b0 obj/flash-bl_blconfgui.o
 .debug_frame   0x000018e0       0xb0 obj/flash-bl_nvmrc.o
 .debug_frame   0x00001990       0xf0 obj/flash-bl_ugscrdrv.o
 .debug_frame   0x00001a80      0x25c obj/flash-bl_microgui.o
 .debug_frame   0x00001cdc       0x50 obj/flash-bl_abort.o
 .debug_frame   0x00001d2c      0x110 obj/flash-bl_interrupt_utils.o
 .debug_frame   0x00001e3c       0x30 obj/flash-bl_usb_irq.o
 .debug_frame   0x00001e6c       0x70 obj/flash-bl_time.o
 .debug_frame   0x00001edc       0x28 c:/yagarto/bin/../lib/gcc/arm-elf/4.3.2\libgcc.a(_udivsi3.o)
 .debug_frame   0x00001f04       0x28 c:/yagarto/bin/../lib/gcc/arm-elf/4.3.2\libgcc.a(_divsi3.o)
 .debug_frame   0x00001f2c       0x28 c:/yagarto/bin/../lib/gcc/arm-elf/4.3.2\libgcc.a(_umodsi3.o)
 .debug_frame   0x00001f54       0x30 c:/yagarto/bin/../lib/gcc/arm-elf/4.3.2/../../../../arm-elf/lib\libg.a(lib_a-malloc.o)
 .debug_frame   0x00001f84       0x38 c:/yagarto/bin/../lib/gcc/arm-elf/4.3.2/../../../../arm-elf/lib\libg.a(lib_a-mallocr.o)
 .debug_frame   0x00001fbc       0x2c c:/yagarto/bin/../lib/gcc/arm-elf/4.3.2/../../../../arm-elf/lib\libg.a(lib_a-memcpy.o)
 .debug_frame   0x00001fe8       0x28 c:/yagarto/bin/../lib/gcc/arm-elf/4.3.2/../../../../arm-elf/lib\libg.a(lib_a-memset.o)
 .debug_frame   0x00002010       0x30 c:/yagarto/bin/../lib/gcc/arm-elf/4.3.2/../../../../arm-elf/lib\libg.a(lib_a-mlock.o)
 .debug_frame   0x00002040       0x2c c:/yagarto/bin/../lib/gcc/arm-elf/4.3.2/../../../../arm-elf/lib\libg.a(lib_a-sbrkr.o)
 .debug_frame   0x0000206c       0x28 c:/yagarto/bin/../lib/gcc/arm-elf/4.3.2/../../../../arm-elf/lib\libg.a(lib_a-strchr.o)
 .debug_frame   0x00002094       0x20 c:/yagarto/bin/../lib/gcc/arm-elf/4.3.2/../../../../arm-elf/lib\libg.a(lib_a-strcmp.o)
 .debug_frame   0x000020b4       0x28 c:/yagarto/bin/../lib/gcc/arm-elf/4.3.2/../../../../arm-elf/lib\libg.a(lib_a-strcpy.o)
 .debug_frame   0x000020dc       0x20 c:/yagarto/bin/../lib/gcc/arm-elf/4.3.2/../../../../arm-elf/lib\libg.a(lib_a-strlen.o)
 .debug_frame   0x000020fc       0x28 c:/yagarto/bin/../lib/gcc/arm-elf/4.3.2/../../../../arm-elf/lib\libg.a(lib_a-strncpy.o)
 .debug_frame   0x00002124       0x20 c:/yagarto/bin/../lib/gcc/arm-elf/4.3.2/../../../../arm-elf/lib\libg.a(lib_a-strnlen.o)
 .debug_frame   0x00002144       0x20 c:/yagarto/bin/../lib/gcc/arm-elf/4.3.2/../../../../arm-elf/lib\libg.a(lib_a-strstr.o)
 .debug_frame   0x00002164      0x2f8 c:/yagarto/bin/../lib/gcc/arm-elf/4.3.2/../../../../arm-elf/lib\libg.a(lib_a-syscalls.o)
 .debug_frame   0x0000245c       0x20 c:/yagarto/bin/../lib/gcc/arm-elf/4.3.2/../../../../arm-elf/lib\libg.a(lib_a-errno.o)
 .debug_frame   0x0000247c      0x10c c:/yagarto/bin/../lib/gcc/arm-elf/4.3.2/../../../../arm-elf/lib\libg.a(lib_a-findfp.o)
 .debug_frame   0x00002588       0x50 c:/yagarto/bin/../lib/gcc/arm-elf/4.3.2/../../../../arm-elf/lib\libg.a(lib_a-freer.o)
 .debug_frame   0x000025d8       0x58 c:/yagarto/bin/../lib/gcc/arm-elf/4.3.2/../../../../arm-elf/lib\libg.a(lib_a-fwalk.o)
 .debug_frame   0x00002630       0x68 c:/yagarto/bin/../lib/gcc/arm-elf/4.3.2/../../../../arm-elf/lib\libg.a(lib_a-reent.o)
 .debug_frame   0x00002698       0x70 c:/yagarto/bin/../lib/gcc/arm-elf/4.3.2/../../../../arm-elf/lib\libg.a(lib_a-stdio.o)
 .debug_frame   0x00002708       0x2c c:/yagarto/bin/../lib/gcc/arm-elf/4.3.2/../../../../arm-elf/lib\libg.a(lib_a-writer.o)
 .debug_frame   0x00002734       0x2c c:/yagarto/bin/../lib/gcc/arm-elf/4.3.2/../../../../arm-elf/lib\libg.a(lib_a-closer.o)
 .debug_frame   0x00002760       0x3c c:/yagarto/bin/../lib/gcc/arm-elf/4.3.2/../../../../arm-elf/lib\libg.a(lib_a-fclose.o)
 .debug_frame   0x0000279c       0x40 c:/yagarto/bin/../lib/gcc/arm-elf/4.3.2/../../../../arm-elf/lib\libg.a(lib_a-fflush.o)
 .debug_frame   0x000027dc       0x2c c:/yagarto/bin/../lib/gcc/arm-elf/4.3.2/../../../../arm-elf/lib\libg.a(lib_a-lseekr.o)
 .debug_frame   0x00002808       0x2c c:/yagarto/bin/../lib/gcc/arm-elf/4.3.2/../../../../arm-elf/lib\libg.a(lib_a-readr.o)

.debug_loc      0x00000000     0x4aae
 .debug_loc     0x00000000       0xd2 obj/flash-bl_main.o
 .debug_loc     0x000000d2      0x150 obj/flash-bl_board_lowlevel.o
 .debug_loc     0x00000222      0x150 obj/flash-bl_pmc.o
 .debug_loc     0x00000372      0x690 obj/flash-bl_ff.o
 .debug_loc     0x00000a02       0xfc obj/flash-bl_diskio.o
 .debug_loc     0x00000afe      0x348 obj/flash-bl_fat.o
 .debug_loc     0x00000e46       0x7e obj/flash-bl_serial.o
 .debug_loc     0x00000ec4       0x54 obj/flash-bl_spi.o
 .debug_loc     0x00000f18      0x17a obj/flash-bl_i2c.o
 .debug_loc     0x00001092      0x1ce obj/flash-bl_sdcard.o
 .debug_loc     0x00001260      0x17a obj/flash-bl_usb_bot.o
 .debug_loc     0x000013da      0x348 obj/flash-bl_usb_drv.o
 .debug_loc     0x00001722       0x7e obj/flash-bl_usb_lun.o
 .debug_loc     0x000017a0      0x1a4 obj/flash-bl_usb_sbc_func.o
 .debug_loc     0x00001944       0x54 obj/flash-bl_usb_std.o
 .debug_loc     0x00001998       0x54 obj/flash-bl_delay.o
 .debug_loc     0x000019ec       0x7e obj/flash-bl_rprintf.o
 .debug_loc     0x00001a6a       0xd2 obj/flash-bl_screen.o
 .debug_loc     0x00001b3c       0xa8 obj/flash-bl_oled.o
 .debug_loc     0x00001be4       0xd2 obj/flash-bl_font.o
 .debug_loc     0x00001cb6      0x222 obj/flash-bl_blconfgui.o
 .debug_loc     0x00001ed8       0xd2 obj/flash-bl_nvmrc.o
 .debug_loc     0x00001faa      0x126 obj/flash-bl_ugscrdrv.o
 .debug_loc     0x000020d0      0x30c obj/flash-bl_microgui.o
 .debug_loc     0x000023dc       0x54 obj/flash-bl_abort.o
 .debug_loc     0x00002430      0x150 obj/flash-bl_interrupt_utils.o
 .debug_loc     0x00002580       0x2a obj/flash-bl_usb_irq.o
 .debug_loc     0x000025aa       0x7e obj/flash-bl_time.o
 .debug_loc     0x00002628       0x3c c:/yagarto/bin/../lib/gcc/arm-elf/4.3.2/../../../../arm-elf/lib\libg.a(lib_a-malloc.o)
 .debug_loc     0x00002664      0x75d c:/yagarto/bin/../lib/gcc/arm-elf/4.3.2/../../../../arm-elf/lib\libg.a(lib_a-mallocr.o)
 .debug_loc     0x00002dc1      0x130 c:/yagarto/bin/../lib/gcc/arm-elf/4.3.2/../../../../arm-elf/lib\libg.a(lib_a-memcpy.o)
 .debug_loc     0x00002ef1      0x12b c:/yagarto/bin/../lib/gcc/arm-elf/4.3.2/../../../../arm-elf/lib\libg.a(lib_a-memset.o)
 .debug_loc     0x0000301c       0x63 c:/yagarto/bin/../lib/gcc/arm-elf/4.3.2/../../../../arm-elf/lib\libg.a(lib_a-sbrkr.o)
 .debug_loc     0x0000307f       0xd3 c:/yagarto/bin/../lib/gcc/arm-elf/4.3.2/../../../../arm-elf/lib\libg.a(lib_a-strchr.o)
 .debug_loc     0x00003152       0xba c:/yagarto/bin/../lib/gcc/arm-elf/4.3.2/../../../../arm-elf/lib\libg.a(lib_a-strcmp.o)
 .debug_loc     0x0000320c       0xaa c:/yagarto/bin/../lib/gcc/arm-elf/4.3.2/../../../../arm-elf/lib\libg.a(lib_a-strcpy.o)
 .debug_loc     0x000032b6       0x47 c:/yagarto/bin/../lib/gcc/arm-elf/4.3.2/../../../../arm-elf/lib\libg.a(lib_a-strlen.o)
 .debug_loc     0x000032fd      0x128 c:/yagarto/bin/../lib/gcc/arm-elf/4.3.2/../../../../arm-elf/lib\libg.a(lib_a-strncpy.o)
 .debug_loc     0x00003425       0x4a c:/yagarto/bin/../lib/gcc/arm-elf/4.3.2/../../../../arm-elf/lib\libg.a(lib_a-strnlen.o)
 .debug_loc     0x0000346f       0x1e c:/yagarto/bin/../lib/gcc/arm-elf/4.3.2/../../../../arm-elf/lib\libg.a(lib_a-strstr.o)
 .debug_loc     0x0000348d      0x9f0 c:/yagarto/bin/../lib/gcc/arm-elf/4.3.2/../../../../arm-elf/lib\libg.a(lib_a-syscalls.o)
 .debug_loc     0x00003e7d      0x1a7 c:/yagarto/bin/../lib/gcc/arm-elf/4.3.2/../../../../arm-elf/lib\libg.a(lib_a-findfp.o)
 .debug_loc     0x00004024      0x2ab c:/yagarto/bin/../lib/gcc/arm-elf/4.3.2/../../../../arm-elf/lib\libg.a(lib_a-freer.o)