Archive member included because of file (symbol)

/usr/local/arm-elf-tools/gcc-4.3.3/lib/gcc/arm-elf/4.3.3/../../../../arm-elf/lib/interwork/libm.a(lib_a-s_atan.o)
                              ../../core/lua-5.1.4/src/lmathlib.o (atan)
/usr/local/arm-elf-tools/gcc-4.3.3/lib/gcc/arm-elf/4.3.3/../../../../arm-elf/lib/interwork/libm.a(lib_a-s_ceil.o)
                              ../../core/lua-5.1.4/src/lmathlib.o (ceil)
/usr/local/arm-elf-tools/gcc-4.3.3/lib/gcc/arm-elf/4.3.3/../../../../arm-elf/lib/interwork/libm.a(lib_a-s_cos.o)
                              ../../core/lua-5.1.4/src/lmathlib.o (cos)
/usr/local/arm-elf-tools/gcc-4.3.3/lib/gcc/arm-elf/4.3.3/../../../../arm-elf/lib/interwork/libm.a(lib_a-s_fabs.o)
                              /usr/local/arm-elf-tools/gcc-4.3.3/lib/gcc/arm-elf/4.3.3/../../../../arm-elf/lib/interwork/libm.a(lib_a-s_atan.o) (fabs)
/usr/local/arm-elf-tools/gcc-4.3.3/lib/gcc/arm-elf/4.3.3/../../../../arm-elf/lib/interwork/libm.a(lib_a-s_floor.o)
                              ../../core/lua-5.1.4/src/lcode.o (floor)
/usr/local/arm-elf-tools/gcc-4.3.3/lib/gcc/arm-elf/4.3.3/../../../../arm-elf/lib/interwork/libm.a(lib_a-s_frexp.o)
                              ../../core/lua-5.1.4/src/lmathlib.o (frexp)
/usr/local/arm-elf-tools/gcc-4.3.3/lib/gcc/arm-elf/4.3.3/../../../../arm-elf/lib/interwork/libm.a(lib_a-s_ldexp.o)
                              ../../core/lua-5.1.4/src/lmathlib.o (ldexp)
/usr/local/arm-elf-tools/gcc-4.3.3/lib/gcc/arm-elf/4.3.3/../../../../arm-elf/lib/interwork/libm.a(lib_a-s_modf.o)
                              ../../core/lua-5.1.4/src/lmathlib.o (modf)
/usr/local/arm-elf-tools/gcc-4.3.3/lib/gcc/arm-elf/4.3.3/../../../../arm-elf/lib/interwork/libm.a(lib_a-s_scalbn.o)
                              /usr/local/arm-elf-tools/gcc-4.3.3/lib/gcc/arm-elf/4.3.3/../../../../arm-elf/lib/interwork/libm.a(lib_a-s_ldexp.o) (scalbn)
/usr/local/arm-elf-tools/gcc-4.3.3/lib/gcc/arm-elf/4.3.3/../../../../arm-elf/lib/interwork/libm.a(lib_a-s_sin.o)
                              ../../core/lua-5.1.4/src/lmathlib.o (sin)
/usr/local/arm-elf-tools/gcc-4.3.3/lib/gcc/arm-elf/4.3.3/../../../../arm-elf/lib/interwork/libm.a(lib_a-s_tanh.o)
                              ../../core/lua-5.1.4/src/lmathlib.o (tanh)
/usr/local/arm-elf-tools/gcc-4.3.3/lib/gcc/arm-elf/4.3.3/../../../../arm-elf/lib/interwork/libm.a(lib_a-s_tan.o)
                              ../../core/lua-5.1.4/src/lmathlib.o (tan)
/usr/local/arm-elf-tools/gcc-4.3.3/lib/gcc/arm-elf/4.3.3/../../../../arm-elf/lib/interwork/libm.a(lib_a-w_acos.o)
                              ../../core/lua-5.1.4/src/lmathlib.o (acos)
/usr/local/arm-elf-tools/gcc-4.3.3/lib/gcc/arm-elf/4.3.3/../../../../arm-elf/lib/interwork/libm.a(lib_a-w_asin.o)
                              ../../core/lua-5.1.4/src/lmathlib.o (asin)
/usr/local/arm-elf-tools/gcc-4.3.3/lib/gcc/arm-elf/4.3.3/../../../../arm-elf/lib/interwork/libm.a(lib_a-w_atan2.o)
                              ../../core/lua-5.1.4/src/lmathlib.o (atan2)
/usr/local/arm-elf-tools/gcc-4.3.3/lib/gcc/arm-elf/4.3.3/../../../../arm-elf/lib/interwork/libm.a(lib_a-w_cosh.o)
                              ../../core/lua-5.1.4/src/lmathlib.o (cosh)
/usr/local/arm-elf-tools/gcc-4.3.3/lib/gcc/arm-elf/4.3.3/../../../../arm-elf/lib/interwork/libm.a(lib_a-w_exp.o)
                              ../../core/lua-5.1.4/src/lmathlib.o (exp)
/usr/local/arm-elf-tools/gcc-4.3.3/lib/gcc/arm-elf/4.3.3/../../../../arm-elf/lib/interwork/libm.a(lib_a-w_fmod.o)
                              ../../core/lua-5.1.4/src/lmathlib.o (fmod)
/usr/local/arm-elf-tools/gcc-4.3.3/lib/gcc/arm-elf/4.3.3/../../../../arm-elf/lib/interwork/libm.a(lib_a-w_log10.o)
                              ../../core/lua-5.1.4/src/lmathlib.o (log10)
/usr/local/arm-elf-tools/gcc-4.3.3/lib/gcc/arm-elf/4.3.3/../../../../arm-elf/lib/interwork/libm.a(lib_a-w_log.o)
                              ../../core/lua-5.1.4/src/lmathlib.o (log)
/usr/local/arm-elf-tools/gcc-4.3.3/lib/gcc/arm-elf/4.3.3/../../../../arm-elf/lib/interwork/libm.a(lib_a-w_pow.o)
                              ../../core/lua-5.1.4/src/lcode.o (pow)
/usr/local/arm-elf-tools/gcc-4.3.3/lib/gcc/arm-elf/4.3.3/../../../../arm-elf/lib/interwork/libm.a(lib_a-w_sinh.o)
                              ../../core/lua-5.1.4/src/lmathlib.o (sinh)
/usr/local/arm-elf-tools/gcc-4.3.3/lib/gcc/arm-elf/4.3.3/../../../../arm-elf/lib/interwork/libm.a(lib_a-w_sqrt.o)
                              ../../core/lua-5.1.4/src/lmathlib.o (sqrt)
/usr/local/arm-elf-tools/gcc-4.3.3/lib/gcc/arm-elf/4.3.3/../../../../arm-elf/lib/interwork/libm.a(lib_a-e_acos.o)
                              /usr/local/arm-elf-tools/gcc-4.3.3/lib/gcc/arm-elf/4.3.3/../../../../arm-elf/lib/interwork/libm.a(lib_a-w_acos.o) (__ieee754_acos)
/usr/local/arm-elf-tools/gcc-4.3.3/lib/gcc/arm-elf/4.3.3/../../../../arm-elf/lib/interwork/libm.a(lib_a-e_asin.o)
[...]
Memory Configuration

Name             Origin             Length             Attributes
xdatasram        0x10080000         0x00400000         w !xr
xcodesram        0x10000000         0x00070000         xr
sram             0x00000000         0x00008000         w !xr
*default*        0x00000000         0xffffffff

Linker script and memory map

LOAD ../../core/freertos/portable/GCC/ARM7_AT91SAM7S/portISR.o
LOAD ../../core/usb/device/core/USBD_UDP.o
LOAD ../../core/usb/device/core/USBD_OTGHS.o
LOAD ../../core/usb/device/core/USBD_UDPHS.o
LOAD ../../core/dynawa/serial_isr.o
LOAD ../../core/dynawa/button.o
LOAD ../../core/dynawa/timer_isr.o
LOAD ../../core/dynawa/io_isr.o
LOAD ../../core/startup/extras.o
LOAD ../../core/freertos/tasks.o
LOAD ../../core/freertos/queue.o
LOAD ../../core/freertos/list.o
LOAD ../../core/freertos/portable/GCC/ARM7_AT91SAM7S/port.o
LOAD ../../core/freertos/portable/MemMang/heap_3.o
LOAD ../../core/usb/common/cdc/CDCSetControlLineStateRequest.o
LOAD ../../core/usb/common/cdc/CDCLineCoding.o
LOAD ../../core/usb/device/cdc-serial/CDCDSerialDriver.o
LOAD ../../core/usb/device/cdc-serial/CDCDSerialDriverDescriptors.o
LOAD ../../core/usb/device/core/USBDCallbacks_Resumed.o
LOAD ../../core/usb/device/core/USBDCallbacks_Suspended.o
LOAD ../../core/usb/device/core/USBDDriverCb_CfgChanged.o
LOAD ../../core/usb/device/core/USBDDriverCb_IfSettingChanged.o
LOAD ../../core/usb/device/core/USBDCallbacks_Initialized.o
LOAD ../../core/usb/device/core/USBDCallbacks_Reset.o
LOAD ../../core/usb/device/core/USBDDriver.o
LOAD ../../core/usb/common/core/USBSetAddressRequest.o
LOAD ../../core/usb/common/core/USBGenericDescriptor.o
LOAD ../../core/usb/common/core/USBGenericRequest.o
LOAD ../../core/usb/common/core/USBGetDescriptorRequest.o
LOAD ../../core/usb/common/core/USBSetConfigurationRequest.o
LOAD ../../core/usb/common/core/USBFeatureRequest.o
LOAD ../../core/usb/common/core/USBEndpointDescriptor.o
LOAD ../../core/usb/common/core/USBConfigurationDescriptor.o
LOAD ../../core/usb/common/core/USBInterfaceRequest.o
LOAD ../../core/peripherals/serial.o
LOAD ../../core/peripherals/oled/oled.o
LOAD ../../core/peripherals/spi.o
LOAD ../../core/peripherals/pmc/pmc.o
LOAD ../../core/utils/rprintf.o
LOAD ../../core/utils/time.o
LOAD ../../core/utils/delay.o
LOAD ../../core/screen/screen.o
LOAD ../../core/screen/font.o
LOAD ../../core/lua-5.1.4/src/lapi.o
LOAD ../../core/lua-5.1.4/src/lauxlib.o
LOAD ../../core/lua-5.1.4/src/lbaselib.o
LOAD ../../core/lua-5.1.4/src/lcode.o
LOAD ../../core/lua-5.1.4/src/ldblib.o
LOAD ../../core/lua-5.1.4/src/ldebug.o
LOAD ../../core/lua-5.1.4/src/ldo.o
LOAD ../../core/lua-5.1.4/src/ldump.o
LOAD ../../core/lua-5.1.4/src/lfunc.o
LOAD ../../core/lua-5.1.4/src/lgc.o
LOAD ../../core/lua-5.1.4/src/linit.o
LOAD ../../core/lua-5.1.4/src/liolib.o
LOAD ../../core/lua-5.1.4/src/llex.o
LOAD ../../core/lua-5.1.4/src/lmathlib.o
LOAD ../../core/lua-5.1.4/src/lmem.o
LOAD ../../core/lua-5.1.4/src/loadlib.o
LOAD ../../core/lua-5.1.4/src/lobject.o
LOAD ../../core/lua-5.1.4/src/lopcodes.o
LOAD ../../core/lua-5.1.4/src/loslib.o
LOAD ../../core/lua-5.1.4/src/lparser.o
LOAD ../../core/lua-5.1.4/src/lstate.o
LOAD ../../core/lua-5.1.4/src/lstring.o
LOAD ../../core/lua-5.1.4/src/lstrlib.o
LOAD ../../core/lua-5.1.4/src/ltable.o
LOAD ../../core/lua-5.1.4/src/ltablib.o
LOAD ../../core/lua-5.1.4/src/ltm.o
LOAD ../../core/lua-5.1.4/src/lundump.o
LOAD ../../core/lua-5.1.4/src/lvm.o
LOAD ../../core/lua-5.1.4/src/lzio.o
LOAD ../../core/lua-5.1.4/src/print.o
LOAD ../../core/dynawa/rtos.o
LOAD ../../core/dynawa/usbserial.o
LOAD ../../core/dynawa/serial.o
LOAD ../../core/dynawa/main.o
LOAD ../../core/dynawa/io.o
LOAD ../../core/dynawa/led.o
LOAD ../../core/dynawa/lua/lua.o
LOAD ../../core/dynawa/lua/lua_isr.o
LOAD ../../core/dynawa/lua/lib_dynawa.o
LOAD ../../core/dynawa/lua/lib_dynawa_timer.o
LOAD ../../core/dynawa/lua/lib_dynawa_bitmap.o
LOAD ../../core/dynawa/event.o
LOAD ../../core/dynawa/timer.o
LOAD ../../core/dynawa/bitmap.o
LOAD ../../core/sdcard/sdcard.o
LOAD ../../core/dynawa/fat.o
LOAD ../../core/fatfs-0.07/src/option/ccsbcs.o
LOAD ../../core/fatfs-0.07/src/diskio.o
LOAD ../../core/fatfs-0.07/src/ff.o
LOAD ../../core/monitor/args.o
LOAD ../../core/monitor/argsdispatch.o
LOAD ../../core/monitor/monitor.o
LOAD ../../core/yabcsp/src/crc.o
LOAD ../../core/yabcsp/src/init.o
LOAD ../../core/yabcsp/src/le.o
LOAD ../../core/yabcsp/src/rx.o
LOAD ../../core/yabcsp/src/txmsg.o
LOAD ../../core/yabcsp/src/txslip.o
LOAD ../../core/dynawa/bcsp/main.o
LOAD ../../core/dynawa/bcsp/abcsp_support_functions.o
LOAD ../../core/dynawa/bcsp/uSched.o
LOAD ../../core/dynawa/bcsp/SerialCom.o
LOAD ../../core/peripherals/usart/usart.o
LOAD ../../core/peripherals/aic/aic.o
LOAD ../../core/peripherals/pio/pio.o
LOAD ../../core/lua-5.1.4/src/lnum.o
LOAD ../../core/lwalkera-lwBT-f64e170/lwbt/fcs.o
LOAD ../../core/lwalkera-lwBT-f64e170/lwbt/hci.o
LOAD ../../core/lwalkera-lwBT-f64e170/lwbt/l2cap.o
LOAD ../../core/lwalkera-lwBT-f64e170/lwbt/lwbt_memp.o
LOAD ../../core/lwalkera-lwBT-f64e170/lwbt/rfcomm.o
LOAD ../../core/lwalkera-lwBT-f64e170/lwbt/sdp.o
LOAD ../../core/lwalkera-lwBT-f64e170/lwip/inet.o
LOAD ../../core/lwalkera-lwBT-f64e170/lwip/memp.o
LOAD ../../core/lwalkera-lwBT-f64e170/lwip/pbuf.o
LOAD ../../core/lwalkera-lwBT-f64e170/lwip/stats.o
LOAD ../../core/lwalkera-lwBT-f64e170/bt_spp.o
LOAD ../../libraries/zlib-1.2.3/adler32.o
LOAD ../../libraries/zlib-1.2.3/compress.o
LOAD ../../libraries/zlib-1.2.3/crc32.o
LOAD ../../libraries/zlib-1.2.3/gzio.o
LOAD ../../libraries/zlib-1.2.3/uncompr.o
LOAD ../../libraries/zlib-1.2.3/deflate.o
LOAD ../../libraries/zlib-1.2.3/trees.o
LOAD ../../libraries/zlib-1.2.3/zutil.o
LOAD ../../libraries/zlib-1.2.3/inflate.o
LOAD ../../libraries/zlib-1.2.3/infback.o
LOAD ../../libraries/zlib-1.2.3/inftrees.o
LOAD ../../libraries/zlib-1.2.3/inffast.o
LOAD ../../libraries/libpng-1.4.0/png.o
LOAD ../../libraries/libpng-1.4.0/pngerror.o
LOAD ../../libraries/libpng-1.4.0/pngget.o
LOAD ../../libraries/libpng-1.4.0/pngmem.o
LOAD ../../libraries/libpng-1.4.0/pngpread.o
LOAD ../../libraries/libpng-1.4.0/pngread.o
LOAD ../../libraries/libpng-1.4.0/pngrio.o
LOAD ../../libraries/libpng-1.4.0/pngrtran.o
LOAD ../../libraries/libpng-1.4.0/pngrutil.o
LOAD ../../libraries/libpng-1.4.0/pngset.o
LOAD ../../libraries/libpng-1.4.0/pngtrans.o
LOAD ../../libraries/libpng-1.4.0/pngwio.o
LOAD ../../libraries/libpng-1.4.0/pngwrite.o
LOAD ../../libraries/libpng-1.4.0/pngwtran.o
LOAD ../../libraries/libpng-1.4.0/pngwutil.o
LOAD ../../core/dynawa/png.o
LOAD image.o
LOAD /tmp/ccTlh5XJ.o
LOAD /tmp/ccBuOgAC.o
LOAD /usr/local/arm-elf-tools/gcc-4.3.3/lib/gcc/arm-elf/4.3.3/../../../../arm-elf/lib/interwork/libm.a
START GROUP
LOAD /usr/local/arm-elf-tools/gcc-4.3.3/lib/gcc/arm-elf/4.3.3/interwork/libgcc.a
LOAD /usr/local/arm-elf-tools/gcc-4.3.3/lib/gcc/arm-elf/4.3.3/../../../../arm-elf/lib/interwork/libc.a
END GROUP
                0x00100000                __HEAPSIZE__ = 0x100000
                0x000005dc                __STACKSIZE__ = 0x5dc
                0x00000200                __STACKSIZE_IRQ__ = 0x200
                0x00000200                __STACKSIZE_FIQ__ = 0x200
                0x00000100                __STACKSIZE_SVC__ = 0x100
                0x00000000                __STACKSIZE_ABT__ = 0x0
                0x00000000                __STACKSIZE_UND__ = 0x0

.init           0x10000000      0x238
 *(.init .init.*)
 .init          0x10000000       0x50 /tmp/ccTlh5XJ.o
                0x10000028                undef_handler
                0x10000000                __boot_handler
                0x10000030                pabort_handler
                0x10000034                dabort_handler
                0x1000003c                fiq_handler
 .init          0x10000050      0x1e8 /tmp/ccBuOgAC.o
                0x10000050                __start
                0x10000050                _start
                0x10000238                . = ALIGN (0x4)

.imageboot      0x10000238        0x8
                0x10000238                __imageboot_start__ = .
 *(.imageboot .imageboot.*)
 .imageboot     0x10000238        0x8 /tmp/ccTlh5XJ.o
                0x10000240                . = ALIGN (0x4)
                0x10000240                __imageboot_end__ = .

.text           0x10000240    0x5895c
                0x10000240                __text_start__ = .
                0x10000240                __text_load_start__ = .
 *(.text .text.* .glue_7t .glue_7 .gnu.linkonce.t.*)
 .text.stub     0x10000240      0x458 linker stubs
 .text          0x10000698      0x25c ../../core/freertos/portable/GCC/ARM7_AT91SAM7S/portISR.o
                0x10000794                vPreemptiveTick
                0x10000750                vPortExitCritical
                0x100006f4                vPortDisableInterruptsFromThumb
                0x10000848                swi_handler
                0x10000698                vPortISRStartFirstTask
                0x100006e4                vPortDisableAllInterrupts
                0x1000070c                vPortEnableInterruptsFromThumb
                0x10000724                vPortEnterCritical
 .glue_7        0x100008f4        0x0 ../../core/freertos/portable/GCC/ARM7_AT91SAM7S/portISR.o
 .glue_7t       0x100008f4        0x0 ../../core/freertos/portable/GCC/ARM7_AT91SAM7S/portISR.o
 .text          0x100008f4     0x1134 ../../core/usb/device/core/USBD_UDP.o
                0x10000e38                USBD_RemoteWakeUp
                0x10000d94                USBD_IsHalted
                0x10001064                USBD_ConfigureEndpoint
                0x10001980                UsbIsr_Wrapper
                0x1000118c                USBD_InterruptHandler
                0x10000e7c                USBD_SetAddress
                0x10000f54                USBD_Disconnect
                0x10000f3c                USBD_Connect
                0x10000fc4                USBD_Init
                0x10000dc4                USBD_Stall
                0x10000eb8                USBD_SetConfiguration
                0x10000dbc                USBD_IsHighSpeed
                0x10000cf8                USBD_Unhalt
                0x10000a2c                USBD_Write
                0x10000fb4                USBD_GetState
                0x10000bd4                USBD_Read
                0x10000c54                USBD_Halt
 .glue_7        0x10001a28        0x0 ../../core/usb/device/core/USBD_UDP.o
 .glue_7t       0x10001a28        0x0 ../../core/usb/device/core/USBD_UDP.o
 .text          0x10001a28        0x0 ../../core/usb/device/core/USBD_OTGHS.o
 .glue_7        0x10001a28        0x0 ../../core/usb/device/core/USBD_OTGHS.o
 .glue_7t       0x10001a28        0x0 ../../core/usb/device/core/USBD_OTGHS.o
 .text          0x10001a28        0x0 ../../core/usb/device/core/USBD_UDPHS.o
 .glue_7        0x10001a28        0x0 ../../core/usb/device/core/USBD_UDPHS.o
 .glue_7t       0x10001a28        0x0 ../../core/usb/device/core/USBD_UDPHS.o
 .text          0x10001a28      0x228 ../../core/dynawa/serial_isr.o
                0x10001ba4                Serial0Isr_Wrapper
                0x10001b00                Serial1Isr_Wrapper
                0x10001a28                SerialIsr_Handler
 .glue_7        0x10001c50        0x0 ../../core/dynawa/serial_isr.o
 .glue_7t       0x10001c50        0x0 ../../core/dynawa/serial_isr.o
 .text          0x10001c50      0x214 ../../core/dynawa/button.o
                0x10001c50                button_init
                0x10001cf0                button_timer_handler
                0x10001d80                button_isr
 .glue_7        0x10001e64        0x0 ../../core/dynawa/button.o
 .glue_7t       0x10001e64        0x0 ../../core/dynawa/button.o
 .text          0x10001e64      0x288 ../../core/dynawa/timer_isr.o
                0x10001e64                Timer_Isr
                0x10002044                TimerIsr_Wrapper
 .glue_7        0x100020ec        0x0 ../../core/dynawa/timer_isr.o
 .glue_7t       0x100020ec        0x0 ../../core/dynawa/timer_isr.o
 .text          0x100020ec      0x1fc ../../core/dynawa/io_isr.o
                0x10002190                IoAIsr_Wrapper
                0x100020ec                Io_Isr
                0x10002238                IoBIsr_Wrapper
 .glue_7        0x100022e8        0x0 ../../core/dynawa/io_isr.o
 .glue_7t       0x100022e8        0x0 ../../core/dynawa/io_isr.o
 .text          0x100022e8      0x80c ../../core/startup/extras.o
                0x10002324                _getpid
                0x100022e8                _lseek_r
                0x10002308                _gettimeofday_r
                0x100022f8                _kill_r
                0x10002ae0                _mkdir
                0x100022f0                _fstat_r
                0x10002300                _times_r
                0x10002400                _fstat
                0x10002320                _getpid_r
                0x10002614                _sbrk_r
                0x100029c8                _read_r
                0x1000232c                _isatty
                0x10002328                _raise
                0x100023c8                rename
                0x10002318                _unlink_r
                0x10002490                _stat
                0x10002448                syscallsInit
                0x100027f4                _lseek
                0x10002668                _open_r
                0x10002580                _close_r
                0x100023ec                _link
                0x100023b4                _rename
                0x10002310                _link_r
                0x10002ac4                _chmod
                0x100028a0                _write_r
                0x10002434                _unlink
                0x1000233c                _sync
                0x10002414                _kill
                0x10002428                _exit
                0x100023d4                _system
 .glue_7        0x10002af4        0x0 ../../core/startup/extras.o
 .glue_7t       0x10002af4        0x0 ../../core/startup/extras.o
 .text          0x10002af4      0xe88 ../../core/freertos/tasks.o
                0x100032b0                uxTaskPriorityGet
                0x10002af4                TaskGetTimeouts
                0x10002c7c                xTaskGetPriority
                0x10002ca0                xTaskGetName
                0x10003208                vTaskPrioritySet
                0x100035d4                vTaskEndScheduler
                0x10003354                vTaskPlaceOnEventList
                0x10002b04                xTaskIsTaskSuspended
                0x10002cc4                GetDelayedTaskList
                0x10002cd0                GetOverflowDelayedTaskList
                0x10002ee8                xTaskResumeFromISR
                0x10002cb4                GetReadyTaskByPriority
                0x10002c8c                xTaskGetIDNumber
                0x10002fc8                ulTaskEndTrace
                0x10003030                xTaskGetTickCount
                0x10002db8                xTaskRemoveFromEventList
                0x10002ff4                vTaskStartTrace
                0x100032d8                vTaskDelete
                0x10002f6c                xTaskCheckForTimeOut
                0x10002cdc                GetListOfTasksWaitingTermination
                0x10002b28                vTaskSuspendAll
                0x10002cfc                vTaskPriorityDisinherit
                0x10002c58                usVoidTaskCheckFreeStackSpace
                0x10002d4c                vTaskPriorityInherit
                0x10003130                vTaskResume
                0x10002b44                vTaskSwitchContext
                0x100031b0                vTaskSuspend
                0x10002b38                uxTaskGetNumberOfTasks
                0x10002e2c                vTaskIncrementTick
                0x10002ce4                GetSuspendedTaskList
                0x10002cec                xTaskSetContext
                0x10003520                vTaskList
                0x10003410                vTaskDelayUntil
                0x10002c70                xTaskGetCurrentTaskHandle
                0x10002c40                usTaskCheckFreeStackSpace
                0x1000304c                xTaskResumeAll
                0x10003938                vTaskStartScheduler
                0x10002ca8                xTaskGetTopUsedPriority
                0x10002c34                vTaskMissedYield
                0x10003668                xTaskCreate
                0x100033b4                vTaskDelay
                0x10002cf4                xTaskGetContext
                0x10002c1c                vTaskSetTimeOutState
 .glue_7        0x1000397c        0x0 ../../core/freertos/tasks.o
 .glue_7t       0x1000397c        0x0 ../../core/freertos/tasks.o
 .text          0x1000397c      0x478 ../../core/freertos/queue.o
                0x10003c28                xQueueGenericSendFromISR
                0x10003d8c                xQueueCreate
                0x10003994                vQueueDelete
                0x10003c6c                xQueueGenericSend
                0x100039c4                xQueueReceiveFromISR
                0x10003988                xQueueIsQueueFullFromISR
                0x10003a98                xQueueGenericReceive
                0x100039ac                uxQueueMessagesWaiting
                0x1000397c                uxQueueMessagesWaitingFromISR
                0x10003980                xQueueIsQueueEmptyFromISR
                0x10003d44                xQueueCreateMutex
 .glue_7        0x10003df4        0x0 ../../core/freertos/queue.o
 .glue_7t       0x10003df4        0x0 ../../core/freertos/queue.o
 .text          0x10003df4       0x90 ../../core/freertos/list.o
                0x10003e14                vListInsertEnd
                0x10003e64                vListRemove
                0x10003e0c                vListInitialiseItem
                0x10003df4                vListInitialise
                0x10003e30                vListInsert
 .glue_7        0x10003e84        0x0 ../../core/freertos/list.o
 .glue_7t       0x10003e84        0x0 ../../core/freertos/list.o
 .text          0x10003e84       0xe8 ../../core/freertos/portable/GCC/ARM7_AT91SAM7S/port.o
                0x10003f2c                xPortStartScheduler
                0x10003f28                vPortEndScheduler
                0x10003e84                pxPortInitialiseStack
 .glue_7        0x10003f6c        0x0 ../../core/freertos/portable/GCC/ARM7_AT91SAM7S/port.o
 .glue_7t       0x10003f6c        0x0 ../../core/freertos/portable/GCC/ARM7_AT91SAM7S/port.o
 .text          0x10003f6c       0x38 ../../core/freertos/portable/MemMang/heap_3.o
                0x10003f6c                vPortFree
                0x10003f88                pvPortMalloc
 .glue_7        0x10003fa4        0x0 ../../core/freertos/portable/MemMang/heap_3.o
 .glue_7t       0x10003fa4        0x0 ../../core/freertos/portable/MemMang/heap_3.o
 .text          0x10003fa4       0x20 ../../core/usb/common/cdc/CDCSetControlLineStateRequest.o
                0x10003fb4                CDCSetControlLineStateRequest_IsDtePresent
                0x10003fa4                CDCSetControlLineStateRequest_ActivateCarrier
 .glue_7        0x10003fc4        0x0 ../../core/usb/common/cdc/CDCSetControlLineStateRequest.o
 .glue_7t       0x10003fc4        0x0 ../../core/usb/common/cdc/CDCSetControlLineStateRequest.o
 .text          0x10003fc4       0x20 ../../core/usb/common/cdc/CDCLineCoding.o
                0x10003fc4                CDCLineCoding_Initialize
 .glue_7        0x10003fe4        0x0 ../../core/usb/common/cdc/CDCLineCoding.o
 .glue_7t       0x10003fe4        0x0 ../../core/usb/common/cdc/CDCLineCoding.o
 .text          0x10003fe4      0x15c ../../core/usb/device/cdc-serial/CDCDSerialDriver.o
                0x10004100                CDCDSerialDriver_Initialize
                0x10004080                CDCDSerialDriver_RequestHandler
                0x10003fe4                CDCDSerialDriver_GetSerialState
                0x10004028                CDCDSerialDriver_Write
                0x10003ff0                CDCDSerialDriver_SetSerialState
                0x10004060                CDCDSerialDriver_Read
                0x100040f4                USBDCallbacks_RequestReceived
 .glue_7        0x10004140        0x0 ../../core/usb/device/cdc-serial/CDCDSerialDriver.o
 .glue_7t       0x10004140        0x0 ../../core/usb/device/cdc-serial/CDCDSerialDriver.o
 .text          0x10004140        0x0 ../../core/usb/device/cdc-serial/CDCDSerialDriverDescriptors.o
 .glue_7        0x10004140        0x0 ../../core/usb/device/cdc-serial/CDCDSerialDriverDescriptors.o
 .glue_7t       0x10004140        0x0 ../../core/usb/device/cdc-serial/CDCDSerialDriverDescriptors.o
 .text          0x10004140        0x4 ../../core/usb/device/core/USBDCallbacks_Resumed.o
                0x10004140                USBDCallbacks_Resumed
 .glue_7        0x10004144        0x0 ../../core/usb/device/core/USBDCallbacks_Resumed.o
 .glue_7t       0x10004144        0x0 ../../core/usb/device/core/USBDCallbacks_Resumed.o
 .text          0x10004144        0x4 ../../core/usb/device/core/USBDCallbacks_Suspended.o
                0x10004144                USBDCallbacks_Suspended
 .glue_7        0x10004148        0x0 ../../core/usb/device/core/USBDCallbacks_Suspended.o
 .glue_7t       0x10004148        0x0 ../../core/usb/device/core/USBDCallbacks_Suspended.o
 .text          0x10004148        0x4 ../../core/usb/device/core/USBDDriverCb_CfgChanged.o
                0x10004148                USBDDriverCallbacks_ConfigurationChanged
 .glue_7        0x1000414c        0x0 ../../core/usb/device/core/USBDDriverCb_CfgChanged.o
 .glue_7t       0x1000414c        0x0 ../../core/usb/device/core/USBDDriverCb_CfgChanged.o
 .text          0x1000414c        0x4 ../../core/usb/device/core/USBDDriverCb_IfSettingChanged.o
                0x1000414c                USBDDriverCallbacks_InterfaceSettingChanged
 .glue_7        0x10004150        0x0 ../../core/usb/device/core/USBDDriverCb_IfSettingChanged.o
 .glue_7t       0x10004150        0x0 ../../core/usb/device/core/USBDDriverCb_IfSettingChanged.o
 .text          0x10004150       0x38 ../../core/usb/device/core/USBDCallbacks_Initialized.o
                0x10004150                USBDCallbacks_Initialized
 .glue_7        0x10004188        0x0 ../../core/usb/device/core/USBDCallbacks_Initialized.o
 .glue_7t       0x10004188        0x0 ../../core/usb/device/core/USBDCallbacks_Initialized.o
 .text          0x10004188        0x4 ../../core/usb/device/core/USBDCallbacks_Reset.o
                0x10004188                USBDCallbacks_Reset
 .glue_7        0x1000418c        0x0 ../../core/usb/device/core/USBDCallbacks_Reset.o
 .glue_7t       0x1000418c        0x0 ../../core/usb/device/core/USBDCallbacks_Reset.o
 .text          0x1000418c      0x2c8 ../../core/usb/device/core/USBDDriver.o
                0x10004198                USBDDriver_IsRemoteWakeUpEnabled
                0x1000418c                USBDDriver_Initialize
                0x1000419c                USBDDriver_RequestHandler
 .glue_7        0x10004454        0x0 ../../core/usb/device/core/USBDDriver.o
 .glue_7t       0x10004454        0x0 ../../core/usb/device/core/USBDDriver.o
 .text          0x10004454       0x10 ../../core/usb/common/core/USBSetAddressRequest.o
                0x10004454                USBSetAddressRequest_GetAddress
 .glue_7        0x10004464        0x0 ../../core/usb/common/core/USBSetAddressRequest.o
 .glue_7t       0x10004464        0x0 ../../core/usb/common/core/USBSetAddressRequest.o
 .text          0x10004464       0x10 ../../core/usb/common/core/USBGenericDescriptor.o
                0x10004468                USBGenericDescriptor_GetType
                0x10004464                USBGenericDescriptor_GetLength
                0x1000446c                USBGenericDescriptor_GetNextDescriptor
 .glue_7        0x10004474        0x0 ../../core/usb/common/core/USBGenericDescriptor.o
 .glue_7t       0x10004474        0x0 ../../core/usb/common/core/USBGenericDescriptor.o
 .text          0x10004474       0x30 ../../core/usb/common/core/USBGenericRequest.o
                0x10004480                USBGenericRequest_GetValue
                0x10004484                USBGenericRequest_GetIndex
                0x10004494                USBGenericRequest_GetRecipient
                0x1000447c                USBGenericRequest_GetRequest
                0x10004488                USBGenericRequest_GetLength
                0x1000449c                USBGenericRequest_GetDirection
                0x10004474                USBGenericRequest_GetType
                0x1000448c                USBGenericRequest_GetEndpointNumber
 .glue_7        0x100044a4        0x0 ../../core/usb/common/core/USBGenericRequest.o
 .glue_7t       0x100044a4        0x0 ../../core/usb/common/core/USBGenericRequest.o
 .text          0x100044a4       0x20 ../../core/usb/common/core/USBGetDescriptorRequest.o
                0x100044b4                USBGetDescriptorRequest_GetDescriptorType
                0x100044a4                USBGetDescriptorRequest_GetDescriptorIndex
 .glue_7        0x100044c4        0x0 ../../core/usb/common/core/USBGetDescriptorRequest.o
 .glue_7t       0x100044c4        0x0 ../../core/usb/common/core/USBGetDescriptorRequest.o
 .text          0x100044c4       0x10 ../../core/usb/common/core/USBSetConfigurationRequest.o
                0x100044c4                USBSetConfigurationRequest_GetConfiguration
 .glue_7        0x100044d4        0x0 ../../core/usb/common/core/USBSetConfigurationRequest.o
 .glue_7t       0x100044d4        0x0 ../../core/usb/common/core/USBSetConfigurationRequest.o
 .text          0x100044d4       0x20 ../../core/usb/common/core/USBFeatureRequest.o
                0x100044e4                USBFeatureRequest_GetFeatureSelector
                0x100044d4                USBFeatureRequest_GetTestSelector
 .glue_7        0x100044f4        0x0 ../../core/usb/common/core/USBFeatureRequest.o
 .glue_7t       0x100044f4        0x0 ../../core/usb/common/core/USBFeatureRequest.o
 .text          0x100044f4       0x24 ../../core/usb/common/core/USBEndpointDescriptor.o
                0x100044fc                USBEndpointDescriptor_GetDirection
                0x10004504                USBEndpointDescriptor_GetType
                0x1000450c                USBEndpointDescriptor_GetMaxPacketSize
                0x100044f4                USBEndpointDescriptor_GetNumber
 .glue_7        0x10004518        0x0 ../../core/usb/common/core/USBEndpointDescriptor.o
 .glue_7t       0x10004518        0x0 ../../core/usb/common/core/USBEndpointDescriptor.o
 .text          0x10004518       0x98 ../../core/usb/common/core/USBConfigurationDescriptor.o
                0x10004518                USBConfigurationDescriptor_GetTotalLength
                0x10004528                USBConfigurationDescriptor_IsSelfPowered
                0x10004530                USBConfigurationDescriptor_Parse
                0x10004524                USBConfigurationDescriptor_GetNumInterfaces
 .glue_7        0x100045b0        0x0 ../../core/usb/common/core/USBConfigurationDescriptor.o
 .glue_7t       0x100045b0        0x0 ../../core/usb/common/core/USBConfigurationDescriptor.o
 .text          0x100045b0       0x20 ../../core/usb/common/core/USBInterfaceRequest.o
                0x100045b0                USBInterfaceRequest_GetAlternateSetting
                0x100045c0                USBInterfaceRequest_GetInterface
 .glue_7        0x100045d0        0x0 ../../core/usb/common/core/USBInterfaceRequest.o
 .glue_7t       0x100045d0        0x0 ../../core/usb/common/core/USBInterfaceRequest.o
 .text          0x100045d0       0x54 ../../core/peripherals/serial.o
                0x10004604                dbg_usart_putchar
                0x100045d0                dbg_usart_init
 .glue_7        0x10004624        0x0 ../../core/peripherals/serial.o
 .glue_7t       0x10004624        0x0 ../../core/peripherals/serial.o
 .text          0x10004624       0x38 ../../core/peripherals/oled/oled.o
                0x10004624                oledWriteCommand
                0x1000463c                oledWrite
                0x10004658                oledScreen
 .glue_7        0x1000465c        0x0 ../../core/peripherals/oled/oled.o
 .glue_7t       0x1000465c        0x0 ../../core/peripherals/oled/oled.o
 .text          0x1000465c       0xa0 ../../core/peripherals/spi.o
                0x1000465c                spi_init
                0x100046a8                spi_byte
 .glue_7        0x100046fc        0x0 ../../core/peripherals/spi.o
 .glue_7t       0x100046fc        0x0 ../../core/peripherals/spi.o
 .text          0x100046fc      0x120 ../../core/peripherals/pmc/pmc.o
                0x100046fc                PMC_DisableProcessorClock
                0x100047e4                PMC_EnablePeripheral
                0x100047ac                PMC_DisablePeripheral
                0x10004710                PMC_IsAllPeriphEnabled
                0x10004750                PMC_DisableAllPeripherals
                0x10004728                PMC_IsPeriphEnabled
                0x1000477c                PMC_EnableAllPeripherals
                0x1000473c                PMC_CPUInIdleMode
 .glue_7        0x1000481c        0x0 ../../core/peripherals/pmc/pmc.o
 .glue_7t       0x1000481c        0x0 ../../core/peripherals/pmc/pmc.o
 .text          0x1000481c      0x7c0 ../../core/utils/rprintf.o
                0x1000481c                usart_rprintf
                0x10004be4                rprintf
 .glue_7        0x10004fdc        0x0 ../../core/utils/rprintf.o
 .glue_7t       0x10004fdc        0x0 ../../core/utils/rprintf.o
 .text          0x10004fdc       0xb8 ../../core/utils/time.o
                0x10005088                timer_get_timer
                0x10004fdc                timer_int
                0x10005038                timer_init
 .glue_7        0x10005094        0x0 ../../core/utils/time.o
 .glue_7t       0x10005094        0x0 ../../core/utils/time.o
 .text          0x10005094       0xa4 ../../core/utils/delay.o
                0x100050e4                delayms
                0x10005094                delay
 .glue_7        0x10005138        0x0 ../../core/utils/delay.o
 .glue_7t       0x10005138        0x0 ../../core/utils/delay.o
 .text          0x10005138      0x32c ../../core/screen/screen.o
                0x10005360                scrWriteRect
                0x10005274                scrWriteBitmap
                0x1000517c                scrWriteBitmapRGBA
                0x10005138                scrInit
 .glue_7        0x10005464        0x0 ../../core/screen/screen.o
 .glue_7t       0x10005464        0x0 ../../core/screen/screen.o
 .text          0x10005464       0xd0 ../../core/screen/font.o
                0x10005478                fontPutChar
                0x10005464                fontSetCharPos
 .glue_7        0x10005534        0x0 ../../core/screen/font.o
 .glue_7t       0x10005534        0x0 ../../core/screen/font.o
 .text          0x10005534     0x102c ../../core/lua-5.1.4/src/lapi.o
                0x1000598c                lua_getupvalue
                0x100056c0                lua_insert
                0x100057f0                lua_touserdata
                0x100058ac                lua_pushlightuserdata
                0x10005634                lua_atpanic
                0x10005b1c                lua_isnumber
                0x10005974                lua_getallocf
                0x10005e10                lua_load
                0x100062c8                lua_objlen
                0x10005e68                lua_pcall
                0x1000621c                lua_getfield
                0x10005c7c                lua_concat
                0x100057d0                lua_tocfunction
                0x10005d24                lua_next
                0x1000563c                lua_gettop
                0x10006278                lua_pushvfstring
                0x10005814                lua_tothread
                0x10005a6c                lua_tointeger
                0x100058d8                lua_getmetatable
                0x1000586c                lua_pushnumber
                0x10005694                lua_remove
                0x10006130                lua_setfield
                0x1000562c                lua_setlevel
                0x10005cf0                lua_pushlstring
                0x10005778                lua_isstring
                0x100056f8                lua_pushvalue
                0x10005860                lua_pushnil
                0x10005aa0                lua_tonumber
                0x10005984                lua_setallocf
                0x1000565c                lua_settop
                0x10005ec8                lua_pushcclosure
                0x100062a0                lua_pushfstring
                0x10006310                lua_tolstring
                0x10005718                lua_type
                0x10005754                lua_iscfunction
                0x10005898                lua_pushboolean
                0x100055e4                lua_xmove
                0x10006170                lua_settable
                0x10005fdc                lua_setmetatable
                0x1000582c                lua_topointer
                0x1000605c                lua_rawseti
                0x100061f4                lua_rawget
                0x10005ddc                lua_dump
                0x10005c38                lua_newuserdata
                0x10005ae4                lua_isinteger
                0x100055c8                luaA_pushobject
                0x10006368                lua_lessthan
                0x10005fa8                lua_call
                0x10005970                lua_status
                0x10005d4c                lua_error
                0x100064f4                lua_checkstack
                0x100063a0                lua_equal
                0x1000625c                lua_gettable
                0x10006104                lua_pushstring
                0x10005e44                lua_cpcall
                0x1000642c                lua_replace
                0x10005d58                lua_gc
                0x100064c8                lua_newthread
                0x10005bdc                lua_setfenv
                0x10005b44                lua_setupvalue
                0x100061c8                lua_rawgeti
                0x100058bc                lua_pushthread
                0x100060b0                lua_rawset
                0x100057ac                lua_toboolean
                0x1000573c                lua_typename
                0x10005920                lua_getfenv
                0x10005790                lua_isuserdata
                0x10005a04                lua_pushvalue_as_number
                0x100063f8                lua_rawequal
                0x10006194                lua_createtable
                0x10005884                lua_pushinteger
 .glue_7        0x10006560        0x0 ../../core/lua-5.1.4/src/lapi.o
 .glue_7t       0x10006560        0x0 ../../core/lua-5.1.4/src/lapi.o
 .text          0x10006560      0xc48 ../../core/lua-5.1.4/src/lauxlib.o
                0x100068a8                luaL_ref
                0x10006d58                luaL_openlib
                0x10006a30                luaL_addlstring
                0x10006c94                luaL_callmeta
                0x1000685c                luaL_unref
                0x10006e5c                luaL_checkstack
                0x1000705c                luaL_checklstring
                0x10006ab8                luaL_findtable
                0x100065f4                luaL_loadbuffer
                0x10006610                luaL_loadstring
                0x10006584                luaL_newstate
                0x10006d24                luaL_error
                0x10006c44                luaL_getmetafield
                0x10006fe4                luaL_checknumber
                0x10006b78                luaL_gsub
                0x10006f04                luaL_checkany
                0x10006560                luaL_buffinit
                0x10006cd8                luaL_where
                0x10006a84                luaL_pushresult
                0x10007080                luaL_optlstring
                0x10006bf0                luaL_newmetatable
                0x10006a68                luaL_addstring
                0x10006988                luaL_addvalue
                0x10006e80                luaL_argerror
                0x10006f84                luaL_checkinteger
                0x100070e8                luaL_checkudata
                0x10007028                luaL_optnumber
                0x10006fb4                luaL_optinteger
                0x10006f28                luaL_typerror
                0x10006a00                luaL_prepbuffer
                0x10007148                luaL_checkoption
                0x100070c8                luaL_checktype
                0x10006e50                luaL_register
                0x10006684                luaL_loadfile
 .glue_7        0x100071a8        0x0 ../../core/lua-5.1.4/src/lauxlib.o
 .glue_7t       0x100071a8        0x0 ../../core/lua-5.1.4/src/lauxlib.o
 .text          0x100071a8      0xe18 ../../core/lua-5.1.4/src/lbaselib.o
                0x10007484                luaopen_base
 .glue_7        0x10007fc0        0x0 ../../core/lua-5.1.4/src/lbaselib.o
 .glue_7t       0x10007fc0        0x0 ../../core/lua-5.1.4/src/lbaselib.o
 .text          0x10007fc0     0x1274 ../../core/lua-5.1.4/src/lcode.o
                0x100082f8                luaK_setlist
                0x100089a0                luaK_exp2val
                0x10008280                luaK_nil
                0x100089b8                luaK_exp2RK
                0x10007fc0                luaK_getlabel
                0x1000891c                luaK_exp2nextreg
                0x10008728                luaK_goiftrue
                0x100081dc                luaK_dischargevars
                0x1000895c                luaK_exp2anyreg
                0x10009170                luaK_storevar
                0x100090dc                luaK_indexed
                0x100083b4                luaK_patchlist
                0x10008470                luaK_setreturns
                0x10008260                luaK_ret
                0x100085b0                luaK_integerK
                0x100083d4                luaK_jump
                0x10009038                luaK_infix
                0x100081bc                luaK_codeABC
                0x100085cc                luaK_numberK
                0x100083a0                luaK_patchtohere
                0x10008428                luaK_checkstack
                0x10008cc0                luaK_prefix
                0x10008010                luaK_fixline
                0x1000921c                luaK_stringK
                0x10008458                luaK_reserveregs
                0x100081a0                luaK_codeABx
                0x100090f4                luaK_self
                0x10007fc8                luaK_setoneret
                0x10008358                luaK_concat
                0x10008f1c                luaK_posfix
 .glue_7        0x10009234        0x0 ../../core/lua-5.1.4/src/lcode.o
 .glue_7t       0x10009234        0x0 ../../core/lua-5.1.4/src/lcode.o
 .text          0x10009234      0x960 ../../core/lua-5.1.4/src/ldblib.o
                0x10009234                luaopen_debug
 .glue_7        0x10009b94        0x0 ../../core/lua-5.1.4/src/ldblib.o
 .glue_7t       0x10009b94        0x0 ../../core/lua-5.1.4/src/ldblib.o
 .text          0x10009b94      0xbac ../../core/lua-5.1.4/src/ldebug.o
                0x10009bc8                lua_sethook
                0x10009be8                lua_gethookmask
                0x1000a198                luaG_ordererror
                0x10009bf0                lua_gethookcount
                0x1000a49c                lua_getinfo
                0x1000a454                lua_setlocal
                0x1000a3c0                luaG_concaterror
                0x1000a084                luaG_checkcode
                0x1000a098                luaG_errormsg
                0x1000a100                luaG_runerror
                0x10009be4                lua_gethook
                0x10009bf4                lua_getstack
                0x1000a390                luaG_aritherror
                0x10009c58                luaG_checkopenop
                0x1000a304                luaG_typeerror
                0x1000a704                lua_getlocal
 .glue_7        0x1000a740        0x0 ../../core/lua-5.1.4/src/ldebug.o
 .glue_7t       0x1000a740        0x0 ../../core/lua-5.1.4/src/ldebug.o
 .text          0x1000a740      0xa6c ../../core/lua-5.1.4/src/ldo.o
                0x1000acbc                lua_resume
                0x1000aba8                luaD_rawrunprotected
                0x1000b140                luaD_call
                0x1000aa6c                luaD_callhook
                0x1000adf4                luaD_precall
                0x1000ac7c                luaD_protectedparser
                0x1000ad3c                luaD_throw
                0x1000ab04                luaD_poscall
                0x1000a838                luaD_reallocstack
                0x1000a740                lua_yield
                0x1000a7d0                luaD_reallocCI
                0x1000abe4                luaD_pcall
                0x1000a974                luaD_growstack
                0x1000a774                luaD_seterrorobj
 .glue_7        0x1000b1ac        0x0 ../../core/lua-5.1.4/src/ldo.o
 .glue_7t       0x1000b1ac        0x0 ../../core/lua-5.1.4/src/ldo.o
 .text          0x1000b1ac      0x2b8 ../../core/lua-5.1.4/src/ldump.o
                0x1000b428                luaU_dump
 .glue_7        0x1000b464        0x0 ../../core/lua-5.1.4/src/ldump.o
 .glue_7t       0x1000b464        0x0 ../../core/lua-5.1.4/src/ldump.o
 .text          0x1000b464      0x2c8 ../../core/lua-5.1.4/src/lfunc.o
                0x1000b6d0                luaF_close
                0x1000b4cc                luaF_freeproto
                0x1000b564                luaF_findupval
                0x1000b654                luaF_newLclosure
                0x1000b628                luaF_newupval
                0x1000b4a4                luaF_freeclosure
                0x1000b540                luaF_freeupval
                0x1000b464                luaF_getlocalname
                0x1000b5d4                luaF_newproto
                0x1000b698                luaF_newCclosure
 .glue_7        0x1000b72c        0x0 ../../core/lua-5.1.4/src/lfunc.o
 .glue_7t       0x1000b72c        0x0 ../../core/lua-5.1.4/src/lfunc.o
 .text          0x1000b72c      0xb4c ../../core/lua-5.1.4/src/lgc.o
                0x1000b860                luaC_barrierback
                0x1000b834                luaC_barrierf
                0x1000c1e8                luaC_step
                0x1000be00                luaC_freeall
                0x1000b8e0                luaC_separateudata
                0x1000c25c                luaC_callGCTM
                0x1000b888                luaC_linkupval
                0x1000c190                luaC_fullgc
                0x1000b874                luaC_link
 .glue_7        0x1000c278        0x0 ../../core/lua-5.1.4/src/lgc.o
 .glue_7t       0x1000c278        0x0 ../../core/lua-5.1.4/src/lgc.o
 .text          0x1000c278       0x34 ../../core/lua-5.1.4/src/linit.o
                0x1000c278                luaL_openlibs
 .glue_7        0x1000c2ac        0x0 ../../core/lua-5.1.4/src/linit.o
 .glue_7t       0x1000c2ac        0x0 ../../core/lua-5.1.4/src/linit.o
 .text          0x1000c2ac      0xbc0 ../../core/lua-5.1.4/src/liolib.o
                0x1000cd50                luaopen_io
 .glue_7        0x1000ce6c        0x0 ../../core/lua-5.1.4/src/liolib.o
 .glue_7t       0x1000ce6c        0x0 ../../core/lua-5.1.4/src/liolib.o
 .text          0x1000ce6c      0xb58 ../../core/lua-5.1.4/src/llex.o
                0x1000ce6c                luaX_setinput
                0x1000cec4                luaX_newstring
                0x1000d990                luaX_init
                0x1000d220                luaX_syntaxerror
                0x1000cef4                luaX_token2str
                0x1000d948                luaX_lookahead
                0x1000d95c                luaX_next
                0x1000cf40                luaX_lexerror
 .glue_7        0x1000d9c4        0x0 ../../core/lua-5.1.4/src/llex.o
 .glue_7t       0x1000d9c4        0x0 ../../core/lua-5.1.4/src/llex.o
 .text          0x1000d9c4      0x5b4 ../../core/lua-5.1.4/src/lmathlib.o
                0x1000d9c4                luaopen_math
 .glue_7        0x1000df78        0x0 ../../core/lua-5.1.4/src/lmathlib.o
 .glue_7t       0x1000df78        0x0 ../../core/lua-5.1.4/src/lmathlib.o
 .text          0x1000df78       0xc4 ../../core/lua-5.1.4/src/lmem.o
                0x1000df78                luaM_realloc_
                0x1000dfb4                luaM_toobig
                0x1000dfc8                luaM_growaux_
 .glue_7        0x1000e03c        0x0 ../../core/lua-5.1.4/src/lmem.o
 .glue_7t       0x1000e03c        0x0 ../../core/lua-5.1.4/src/lmem.o
 .text          0x1000e03c      0x970 ../../core/lua-5.1.4/src/loadlib.o
                0x1000e848                luaopen_package
 .glue_7        0x1000e9ac        0x0 ../../core/lua-5.1.4/src/loadlib.o
 .glue_7t       0x1000e9ac        0x0 ../../core/lua-5.1.4/src/loadlib.o
 .text          0x1000e9ac      0x364 ../../core/lua-5.1.4/src/lobject.o
                0x1000ec70                luaO_pushfstring
                0x1000e9ac                luaO_int2fb
                0x1000e9cc                luaO_fb2int
                0x1000ea00                luaO_chunkid
                0x1000eae4                luaO_pushvfstring
                0x1000ec88                luaO_rawequalObj
                0x1000e9e4                luaO_log2
 .glue_7        0x1000ed10        0x0 ../../core/lua-5.1.4/src/lobject.o
 .glue_7t       0x1000ed10        0x0 ../../core/lua-5.1.4/src/lobject.o
 .text          0x1000ed10        0x0 ../../core/lua-5.1.4/src/lopcodes.o
 .glue_7        0x1000ed10        0x0 ../../core/lua-5.1.4/src/lopcodes.o
 .glue_7t       0x1000ed10        0x0 ../../core/lua-5.1.4/src/lopcodes.o
 .text          0x1000ed10      0x560 ../../core/lua-5.1.4/src/loslib.o
                0x1000ed10                luaopen_os
 .glue_7        0x1000f270        0x0 ../../core/lua-5.1.4/src/loslib.o
 .glue_7t       0x1000f270        0x0 ../../core/lua-5.1.4/src/loslib.o
 .text          0x1000f270     0x1a14 ../../core/lua-5.1.4/src/lparser.o
                0x10010c10                luaY_parser
 .glue_7        0x10010c84        0x0 ../../core/lua-5.1.4/src/lparser.o
 .glue_7t       0x10010c84        0x0 ../../core/lua-5.1.4/src/lparser.o
 .text          0x10010c84      0x354 ../../core/lua-5.1.4/src/lstate.o
                0x10010f54                luaE_newthread
                0x10010cf4                lua_close
                0x10010d40                lua_newstate
                0x10010ea0                luaE_freethread
 .glue_7        0x10010fd8        0x0 ../../core/lua-5.1.4/src/lstate.o
 .glue_7t       0x10010fd8        0x0 ../../core/lua-5.1.4/src/lstate.o
 .text          0x10010fd8      0x1d4 ../../core/lua-5.1.4/src/lstring.o
                0x10010fd8                luaS_newudata
                0x100110b0                luaS_newlstr
                0x10011024                luaS_resize
 .glue_7        0x100111ac        0x0 ../../core/lua-5.1.4/src/lstring.o
 .glue_7t       0x100111ac        0x0 ../../core/lua-5.1.4/src/lstring.o
 .text          0x100111ac     0x11dc ../../core/lua-5.1.4/src/lstrlib.o
                0x100122fc                luaopen_string
 .glue_7        0x10012388        0x0 ../../core/lua-5.1.4/src/lstrlib.o
 .glue_7t       0x10012388        0x0 ../../core/lua-5.1.4/src/lstrlib.o
 .text          0x10012388      0x918 ../../core/lua-5.1.4/src/ltable.o
                0x10012b0c                luaH_resizearray
                0x100123cc                luaH_getstr
                0x10012b34                luaH_next
                0x10012c4c                luaH_new
                0x10012388                luaH_getint
                0x10012764                luaH_set
                0x1001297c                luaH_setstr
                0x100123fc                luaH_getn
                0x100125ac                luaH_free
                0x100126cc                luaH_get
                0x100129d4                luaH_setint
 .glue_7        0x10012ca0        0x0 ../../core/lua-5.1.4/src/ltable.o
 .glue_7t       0x10012ca0        0x0 ../../core/lua-5.1.4/src/ltable.o
 .text          0x10012ca0      0x674 ../../core/lua-5.1.4/src/ltablib.o
                0x10012ca0                luaopen_table
 .glue_7        0x10013314        0x0 ../../core/lua-5.1.4/src/ltablib.o
 .glue_7t       0x10013314        0x0 ../../core/lua-5.1.4/src/ltablib.o
 .text          0x10013314       0xb4 ../../core/lua-5.1.4/src/ltm.o
                0x10013314                luaT_gettmbyobj
                0x1001335c                luaT_gettm
                0x10013380                luaT_init
 .glue_7        0x100133c8        0x0 ../../core/lua-5.1.4/src/ltm.o
 .glue_7t       0x100133c8        0x0 ../../core/lua-5.1.4/src/ltm.o
 .text          0x100133c8      0x4c4 ../../core/lua-5.1.4/src/lundump.o
                0x10013814                luaU_undump
                0x100133c8                luaU_header
 .glue_7        0x1001388c        0x0 ../../core/lua-5.1.4/src/lundump.o
 .glue_7t       0x1001388c        0x0 ../../core/lua-5.1.4/src/lundump.o
 .text          0x1001388c     0x1aa8 ../../core/lua-5.1.4/src/lvm.o
                0x10013dd0                luaV_concat
                0x10013bc0                luaV_settable
                0x100139fc                luaV_lessthan
                0x10013f18                luaV_tonumber
                0x10013b40                luaV_equalval
                0x10014100                luaV_execute
                0x10013cdc                luaV_gettable
                0x10013d90                luaV_tostring
 .glue_7        0x10015334        0x0 ../../core/lua-5.1.4/src/lvm.o
 .glue_7t       0x10015334        0x0 ../../core/lua-5.1.4/src/lvm.o
 .text          0x10015334       0xec ../../core/lua-5.1.4/src/lzio.o
                0x100153a4                luaZ_openspace
                0x100153d8                luaZ_read
                0x10015334                luaZ_fill
                0x1001536c                luaZ_lookahead
                0x10015394                luaZ_init
 .glue_7        0x10015420        0x0 ../../core/lua-5.1.4/src/lzio.o
 .glue_7t       0x10015420        0x0 ../../core/lua-5.1.4/src/lzio.o
 .text          0x10015420      0x644 ../../core/lua-5.1.4/src/print.o
                0x10015634                luaU_print
 .glue_7        0x10015a64        0x0 ../../core/lua-5.1.4/src/print.o
 .glue_7t       0x10015a64        0x0 ../../core/lua-5.1.4/src/print.o
 .text          0x10015a64      0x584 ../../core/dynawa/rtos.o
                0x10015ae8                Queue_receive
                0x10015b1c                Semaphore_create
                0x10015f30                Task_nextTask
                0x10015ac8                Semaphore_take
                0x10015a94                Semaphore_give
                0x10015b5c                Queue_msgsAvailable
                0x10015b8c                RTOS_currentTask
                0x10015f84                Task_exitCritical
                0x10015b04                Semaphore_delete
                0x10015f58                Task_setPriority
                0x10015b9c                Task_name
                0x10015f64                Task_priority
                0x10015b4c                Queue_receiveFromISR
                0x10015f9c                Task_sleep
                0x10015b68                RTOS_ticksSinceBoot
                0x10015b10                Queue_delete
                0x10015a64                Task_yield
                0x10015b40                Queue_create
                0x10015c08                RTOS_iterateForNextTask
                0x10015e14                RTOS_findTaskByName
                0x10015f90                Task_enterCritical
                0x10015ce0                RTOS_findTask
                0x10015aac                Queue_send
                0x10015a80                Queue_sendFromISR
                0x10015bfc                Task_id
                0x10015c90                RTOS_iterateByID
                0x10015de8                RTOS_findTaskByID
                0x10015e40                RTOS_getNextTaskControlBlock
                0x10015fa8                Task_delete
                0x10015b74                RTOS_topTaskPriority
                0x10015fb8                Task_create
                0x10015b80                RTOS_numberOfTasks
                0x10015ba8                RTOS_iterateByName
                0x10015a68                Semaphore_giveFromISR
                0x10015f70                Task_remainingStack
 .glue_7        0x10015fe8        0x0 ../../core/dynawa/rtos.o
 .glue_7t       0x10015fe8        0x0 ../../core/dynawa/rtos.o
 .text          0x10015fe8      0x290 ../../core/dynawa/usbserial.o
                0x100160a0                usbserial_onUsbData
                0x100160d8                UsbSerial_read
                0x10015fe8                UsbSerial_isActive
                0x10016028                UsbSerial_writeSlip
                0x10015ff8                UsbSerial_write
                0x10016180                UsbSerial_readSlip
                0x1001624c                UsbSerial_init
 .glue_7        0x10016278        0x0 ../../core/dynawa/usbserial.o
 .glue_7t       0x10016278        0x0 ../../core/dynawa/usbserial.o
 .text          0x10016278      0x56c ../../core/dynawa/serial.o
                0x1001634c                Serial_anyBytesAvailable
                0x100162ac                Serial_parity
                0x10016278                Serial_baud
                0x10016434                Serial_read
                0x10016404                Serial_readChar
                0x10016470                Serial_readDMA
                0x100164f0                Serial_flush
                0x100166c4                Serial_setBaud
                0x100162e4                Serial_handshaking
                0x100164d4                Serial_bytesAvailable
                0x10016668                Serial_setParity
                0x10016364                Serial_clearErrors
                0x10016300                Serial_writeChar
                0x10016294                Serial_dataBits
                0x10016634                Serial_setStopBits
                0x10016698                Serial_setDataBits
                0x10016304                Serial_writeDMA
                0x10016610                Serial_setHandshaking
                0x10016510                Serial_write
                0x100166e4                Serial_init
                0x100162c8                Serial_stopBits
                0x100163dc                Serial_startBreak
                0x10016384                Serial_errors
                0x10016554                Serial_setDetails
                0x100163f0                Serial_stopBreak
 .glue_7        0x100167e4        0x0 ../../core/dynawa/serial.o
 .glue_7t       0x100167e4        0x0 ../../core/dynawa/serial.o
 .text          0x100167e4       0xe8 ../../core/dynawa/main.o
                0x100167e4                kill
                0x100168bc                MakeStarterTask
                0x10016804                main
                0x100167f4                vApplicationIdleHook
 .glue_7        0x100168cc        0x0 ../../core/dynawa/main.o
 .glue_7t       0x100168cc        0x0 ../../core/dynawa/main.o
 .text          0x100168cc      0x2b4 ../../core/dynawa/io.o
                0x10016a74                Io_initInterrupts
                0x10016a08                Io_init
                0x10016930                Io_setValue
                0x100169b4                Io_setFilter
                0x10016990                Io_setPullup
                0x10016980                Io_pullup
                0x10016a68                Io_removeInterruptHandler
                0x100169c8                Io_setPeripheral
                0x10016920                Io_value
                0x100169a4                Io_filter
                0x10016950                Io_off
                0x10016b58                Io_new
                0x1001696c                Io_setDirection
                0x100168cc                Io_valid
                0x10016944                Io_on
                0x10016910                Io_pin
                0x1001695c                Io_direction
                0x10016ad0                Io_addInterruptHandler
                0x100168dc                Io_setPin
 .glue_7        0x10016b80        0x0 ../../core/dynawa/io.o
 .glue_7t       0x10016b80        0x0 ../../core/dynawa/io.o
 .text          0x10016b80       0x60 ../../core/dynawa/led.o
                0x10016bbc                Led_init
                0x10016ba4                Led_stateToggle
                0x10016b8c                Led_setState
                0x10016b80                Led_state
 .glue_7        0x10016be0        0x0 ../../core/dynawa/led.o
 .glue_7t       0x10016be0        0x0 ../../core/dynawa/led.o
 .text          0x10016be0      0x524 ../../core/dynawa/lua/lua.o
                0x10016c44                lua_main
                0x10016be0                my_gets
                0x10016ea0                lua_event_loop
 .glue_7        0x10017104        0x0 ../../core/dynawa/lua/lua.o
 .glue_7t       0x10017104        0x0 ../../core/dynawa/lua/lua.o
 .text          0x10017104       0x28 ../../core/dynawa/lua/lua_isr.o
                0x10017104                lua_timer_handler
 .glue_7        0x1001712c        0x0 ../../core/dynawa/lua/lua_isr.o
 .glue_7t       0x1001712c        0x0 ../../core/dynawa/lua/lua_isr.o
 .text          0x1001712c       0xac ../../core/dynawa/lua/lib_dynawa.o
                0x1001712c                luaopen_dynawa
 .glue_7        0x100171d8        0x0 ../../core/dynawa/lua/lib_dynawa.o
 .glue_7t       0x100171d8        0x0 ../../core/dynawa/lua/lib_dynawa.o
 .text          0x100171d8       0xd8 ../../core/dynawa/lua/lib_dynawa_timer.o
                0x100171d8                dynawa_timer_register
 .glue_7        0x100172b0        0x0 ../../core/dynawa/lua/lib_dynawa_timer.o
 .glue_7t       0x100172b0        0x0 ../../core/dynawa/lua/lib_dynawa_timer.o
 .text          0x100172b0      0x470 ../../core/dynawa/lua/lib_dynawa_bitmap.o
                0x100172b0                dynawa_bitmap_register
 .glue_7        0x10017720        0x0 ../../core/dynawa/lua/lib_dynawa_bitmap.o
 .glue_7t       0x10017720        0x0 ../../core/dynawa/lua/lib_dynawa_bitmap.o
 .text          0x10017720       0x70 ../../core/dynawa/event.o
                0x10017764                event_post
                0x10017720                event_get
                0x1001773c                event_post_isr
                0x1001777c                event_init
 .glue_7        0x10017790        0x0 ../../core/dynawa/event.o
 .glue_7t       0x10017790        0x0 ../../core/dynawa/event.o
 .text          0x10017790      0x340 ../../core/dynawa/timer.o
                0x100177b8                Timer_setHandler
                0x100177c0                Timer_enable
                0x10017914                Timer_stop
                0x100177ec                Timer_setTimeTarget
                0x100177d4                Timer_getTimeTarget
                0x10017804                Timer_managerInit
                0x10017a10                Timer_start
                0x100178a8                Timer_init
                0x10017790                Timer_closeStopped
                0x100177e0                Timer_getTime
                0x100178e4                Timer_setProcessingFlag
                0x100178c4                Timer_managerDeinit
                0x100179e0                Timer_close
 .glue_7        0x10017ad0        0x0 ../../core/dynawa/timer.o
 .glue_7t       0x10017ad0        0x0 ../../core/dynawa/timer.o
 .text          0x10017ad0      0xb7c ../../core/dynawa/bitmap.o
                0x100181cc                bitmap_mask
                0x10017ae4                bitmap_check_bounds
                0x10017b94                bitmap_op_mask
                0x10018104                bitmap_set_pixels
                0x10017cb8                bitmap_op_combine
                0x10018410                bitmap_copy
                0x10017adc                bitmap_set_header
                0x10017ad0                bitmap_size
                0x10017e88                bitmap_combine
                0x10017dcc                bitmap_copy2
 .glue_7        0x1001864c        0x0 ../../core/dynawa/bitmap.o
 .glue_7t       0x1001864c        0x0 ../../core/dynawa/bitmap.o
 .text          0x1001864c      0x490 ../../core/sdcard/sdcard.o
                0x100188a4                sd_info
                0x10018744                sd_writesector
                0x10018684                sd_get_response
                0x10018874                sd_read_n
                0x1001864c                sd_card_detect
                0x100186dc                sd_command
                0x10018650                sd_get_datatoken
                0x1001899c                sd_init
                0x100187f4                sd_readsector
                0x100186b8                sd_send_dummys
 .glue_7        0x10018adc        0x0 ../../core/sdcard/sdcard.o
 .glue_7t       0x10018adc        0x0 ../../core/sdcard/sdcard.o
 .text          0x10018adc       0xa4 ../../core/dynawa/fat.o
                0x10018b04                f_printerror
                0x10018adc                f_ferrorlookup
                0x10018b3c                get_fattime
 .glue_7        0x10018b80        0x0 ../../core/dynawa/fat.o
 .glue_7t       0x10018b80        0x0 ../../core/dynawa/fat.o
 .text          0x10018b80       0x70 ../../core/fatfs-0.07/src/option/ccsbcs.o
                0x10018bc4                ff_wtoupper
                0x10018b80                ff_convert
 .glue_7        0x10018bf0        0x0 ../../core/fatfs-0.07/src/option/ccsbcs.o
 .glue_7t       0x10018bf0        0x0 ../../core/fatfs-0.07/src/option/ccsbcs.o
 .text          0x10018bf0       0x9c ../../core/fatfs-0.07/src/diskio.o
                0x10018bf0                disk_initialize
                0x10018bf4                disk_status
                0x10018bf8                disk_ioctl
                0x10018bfc                disk_write
                0x10018c34                disk_read
 .glue_7        0x10018c8c        0x0 ../../core/fatfs-0.07/src/diskio.o
 .glue_7t       0x10018c8c        0x0 ../../core/fatfs-0.07/src/diskio.o
 .text          0x10018c8c     0x2994 ../../core/fatfs-0.07/src/ff.o
                0x10019730                get_fat
                0x1001ae00                f_rename
                0x1001a394                f_truncate
                0x10018ca8                gen_numname
                0x1001b24c                f_unlink
                0x1001a6d8                f_close
                0x1001a908                f_read
                0x1001a430                f_readdir
                0x1001afa8                f_chmod
                0x1001a638                f_sync
                0x1001aae4                chk_mounted
                0x10018d6c                f_mkfs
                0x10018d40                f_mount
                0x1001b448                f_opendir
                0x10019628                put_fat
                0x1001a494                f_lseek
                0x1001b3f8                f_stat
                0x10018c8c                clust2sect
                0x1001af48                f_utime
                0x1001a6ec                f_write
                0x1001b4b4                f_open
                0x1001b00c                f_mkdir
                0x1001b30c                f_getfree
 .glue_7        0x1001b620        0x0 ../../core/fatfs-0.07/src/ff.o
 .glue_7t       0x1001b620        0x0 ../../core/fatfs-0.07/src/ff.o
 .text          0x1001b620      0x1d0 ../../core/monitor/args.o
                0x1001b620                argsParse
                0x1001b70c                argsGetLine
 .glue_7        0x1001b7f0        0x0 ../../core/monitor/args.o
 .glue_7t       0x1001b7f0        0x0 ../../core/monitor/args.o
 .text          0x1001b7f0       0x94 ../../core/monitor/argsdispatch.o
                0x1001b7f0                argsDispatch
 .glue_7        0x1001b884        0x0 ../../core/monitor/argsdispatch.o
 .glue_7t       0x1001b884        0x0 ../../core/monitor/argsdispatch.o
 .text          0x1001b884      0xc74 ../../core/monitor/monitor.o
                0x1001b884                monitorTimevalSubtract
                0x1001c460                chmod
                0x1001b904                monitorTaskStart
                0x1001c4e0                sync
                0x1001c4d4                mkdir
 .glue_7        0x1001c4f8        0x0 ../../core/monitor/monitor.o
 .glue_7t       0x1001c4f8        0x0 ../../core/monitor/monitor.o
 .text          0x1001c4f8       0xd0 ../../core/yabcsp/src/crc.o
                0x1001c534                abcsp_crc_reverse
                0x1001c500                abcsp_crc_update
                0x1001c588                abcsp_crc_block
                0x1001c4f8                abcsp_crc_init
 .glue_7        0x1001c5c8        0x0 ../../core/yabcsp/src/crc.o
 .glue_7t       0x1001c5c8        0x0 ../../core/yabcsp/src/crc.o
 .text          0x1001c5c8       0x44 ../../core/yabcsp/src/init.o
                0x1001c5dc                abcsp_init
                0x1001c5c8                abcsp_deinit
 .glue_7        0x1001c60c        0x0 ../../core/yabcsp/src/init.o
 .glue_7t       0x1001c60c        0x0 ../../core/yabcsp/src/init.o
 .text          0x1001c60c      0x1d0 ../../core/yabcsp/src/le.o
                0x1001c7a0                abcsp_bcsple_putmsg
                0x1001c668                abcsp_bcsple_init
                0x1001c788                abcsp_tconf_timed_event
                0x1001c654                abcsp_bcsple_deinit
                0x1001c794                abcsp_tshy_timed_event
 .glue_7        0x1001c7dc        0x0 ../../core/yabcsp/src/le.o
 .glue_7t       0x1001c7dc        0x0 ../../core/yabcsp/src/le.o
 .text          0x1001c7dc      0x374 ../../core/yabcsp/src/rx.o
                0x1001c7f0                abcsp_uart_deliverbytes
                0x1001c7dc                abcsp_uart_init
 .glue_7        0x1001cb50        0x0 ../../core/yabcsp/src/rx.o
 .glue_7t       0x1001cb50        0x0 ../../core/yabcsp/src/rx.o
 .text          0x1001cb50      0x4ec ../../core/yabcsp/src/txmsg.o
                0x1001cbf8                abcsp_pumptxmsgs
                0x1001cb7c                abcsp_bcsp_timed_event
                0x1001cfb0                abcsp_sendmsg
                0x1001cb50                abcsp_txmsg_init
                0x1001cbac                abcsp_txmsg_deinit
 .glue_7        0x1001d03c        0x0 ../../core/yabcsp/src/txmsg.o
 .glue_7t       0x1001d03c        0x0 ../../core/yabcsp/src/txmsg.o
 .text          0x1001d03c      0x168 ../../core/yabcsp/src/txslip.o
                0x1001d03c                abcsp_txslip_init
                0x1001d048                abcsp_txslip_msgdelim
                0x1001d098                abcsp_txslip_sendbuf
                0x1001d07c                abcsp_txslip_flush
 .glue_7        0x1001d1a4        0x0 ../../core/yabcsp/src/txslip.o
 .glue_7t       0x1001d1a4        0x0 ../../core/yabcsp/src/txslip.o
 .text          0x1001d1a4      0x5a0 ../../core/dynawa/bcsp/main.o
                0x1001d3ac                queueMessage
                0x1001d648                phybusif_output
                0x1001d5cc                BgIntPump
                0x1001d1c8                bcsp_main
 .glue_7        0x1001d744        0x0 ../../core/dynawa/bcsp/main.o
 .glue_7t       0x1001d744        0x0 ../../core/dynawa/bcsp/main.o
 .text          0x1001d744      0x698 ../../core/dynawa/bcsp/abcsp_support_functions.o
                0x1001d970                abcsp_start_bcsp_timer
                0x1001d89c                abcsp_cancel_tconf_timer
                0x1001d93c                abcsp_start_tshy_timer
                0x1001d808                abcsp_txmsg_done
                0x1001d908                abcsp_start_tconf_timer
                0x1001d790                abcsp_txmsg_length
                0x1001d8e4                abcsp_cancel_bcsp_timer
                0x1001d760                abcsp_txmsg_getbuf
                0x1001db18                abcsp_delivermsg
                0x1001d7c0                abcsp_rxmsg_complete
                0x1001da98                buf2pbuf
                0x1001d848                abcsp_uart_sendbytes
                0x1001d744                abcsp_txmsg_taken
                0x1001d7ec                abcsp_rxmsg_getbuf
                0x1001d884                abcsp_panic
                0x1001d8c0                abcsp_cancel_tshy_timer
                0x1001d7a8                abcsp_txmsg_init_read
                0x1001da10                abcsp_req_pumptxmsgs
                0x1001d828                abcsp_rxmsg_destroy
                0x1001da6c                abcsp_rxmsg_create
                0x1001da24                abcsp_event
                0x1001d7d0                abcsp_rxmsg_write
 .glue_7        0x1001dddc        0x0 ../../core/dynawa/bcsp/abcsp_support_functions.o
 .glue_7t       0x1001dddc        0x0 ../../core/dynawa/bcsp/abcsp_support_functions.o
 .text          0x1001dddc      0x460 ../../core/dynawa/bcsp/uSched.o
                0x1001df90                InitMicroSched
                0x1001def8                bg_int1
                0x1001df54                StopTimer
                0x1001de9c                bg_int2
                0x1001dfec                GetTime
                0x1001e004                MicroSched
                0x1001ddf8                ScheduleTaskToRun
                0x1001dddc                TerminateMicroSched
                0x1001e1bc                register_bg_int
                0x1001e158                StartTimer
 .glue_7        0x1001e23c        0x0 ../../core/dynawa/bcsp/uSched.o
 .glue_7t       0x1001e23c        0x0 ../../core/dynawa/bcsp/uSched.o
 .text          0x1001e23c      0x870 ../../core/dynawa/bcsp/SerialCom.o
                0x1001e32c                UartDrv_GetTxSpace
                0x1001e2f0                UartDrv_GetRxAvailable
                0x1001e448                handleRxData
                0x1001e958                txThreadFunc
                0x1001e250                UartDrv_Configure
                0x1001e270                clearBuffer
                0x1001e610                UartDrv_Start
                0x1001e2c8                UartDrv_RegisterHandlers
                0x1001e4bc                errorHandler
                0x1001e70c                rxThreadFunc_old
                0x1001e82c                rxThreadFunc
                0x1001e23c                setComDefault
                0x1001e2b4                UartDrv_Reset
                0x1001e374                UartDrv_Rx
                0x1001e240                UartDrv_Stop
                0x1001e4e4                UartDrv_Tx
 .glue_7        0x1001eaac        0x0 ../../core/dynawa/bcsp/SerialCom.o
 .glue_7t       0x1001eaac        0x0 ../../core/dynawa/bcsp/SerialCom.o
 .text          0x1001eaac      0x164 ../../core/peripherals/usart/usart.o
                0x1001ead4                USART_SetTransmitterEnabled
                0x1001eb74                USART_Read
                0x1001eb64                USART_IsDataAvailable
                0x1001eaac                USART_Configure
                0x1001eb6c                USART_SetIrdaFilter
                0x1001ebc0                USART_Write
                0x1001eae4                USART_SetReceiverEnabled
                0x1001eaf4                USART_WriteBuffer
                0x1001eb2c                USART_ReadBuffer
 .glue_7        0x1001ec10        0x0 ../../core/peripherals/usart/usart.o
 .glue_7t       0x1001ec10        0x0 ../../core/peripherals/usart/usart.o
 .text          0x1001ec10       0x44 ../../core/peripherals/aic/aic.o
                0x1001ec44                AIC_DisableIT
                0x1001ec34                AIC_EnableIT
                0x1001ec10                AIC_ConfigureIT
 .glue_7        0x1001ec54        0x0 ../../core/peripherals/aic/aic.o
 .glue_7t       0x1001ec54        0x0 ../../core/peripherals/aic/aic.o
 .text          0x1001ec54      0x104 ../../core/peripherals/pio/pio.o
                0x1001ed20                PIO_Get
                0x1001ec54                PIO_Configure
                0x1001ed18                PIO_Clear
                0x1001ed40                PIO_GetOutputDataStatus
                0x1001ed10                PIO_Set
                0x1001ed50                PIO_GetISR
 .glue_7        0x1001ed58        0x0 ../../core/peripherals/pio/pio.o
 .glue_7t       0x1001ed58        0x0 ../../core/peripherals/pio/pio.o
 .text          0x1001ed58      0x3ac ../../core/lua-5.1.4/src/lnum.o
                0x1001f0d8                luaO_num2buf
                0x1001eee0                try_modint
                0x1001ed88                try_addint
                0x1001efa4                luaO_str2d
                0x1001edb0                try_subint
                0x1001ef90                try_unmint
                0x1001ee5c                try_divint
                0x1001ef28                try_powint
                0x1001edd4                try_mulint
                0x1001ed58                tt_integer_valued
 .glue_7        0x1001f104        0x0 ../../core/lua-5.1.4/src/lnum.o
 .glue_7t       0x1001f104        0x0 ../../core/lua-5.1.4/src/lnum.o
 .text          0x1001f104      0x178 ../../core/lwalkera-lwBT-f64e170/lwbt/fcs.o
                0x1001f14c                fcs8_crc_check
                0x1001f1f4                fcs16_crc
                0x1001f268                fcs16_crc_calc
                0x1001f24c                fcs16_crc_check
                0x1001f104                fcs8_crc
                0x1001f1a8                fcs8_crc_calc
 .glue_7        0x1001f27c        0x0 ../../core/lwalkera-lwBT-f64e170/lwbt/fcs.o
 .glue_7t       0x1001f27c        0x0 ../../core/lwalkera-lwBT-f64e170/lwbt/fcs.o
 .text          0x1001f27c     0x16e8 ../../core/lwalkera-lwBT-f64e170/lwbt/hci.o
                0x1001f27c                hci_arg
                0x1001f9a0                hci_write_link_policy_settings
                0x1001f95c                hci_reset
                0x1001fe78                hci_inquiry
                0x10020070                hci_init
                0x1001f63c                lp_write_flush_timeout
                0x100208c0                hci_acl_input
                0x1001fb58                hci_write_cod
                0x1001ff54                hci_new
                0x1001ff04                hci_close
                0x1001f700                hci_read_local_features
                0x1001fae8                hci_disconnect
                0x1001f800                hci_host_buffer_size
                0x1001f2b8                hci_wlp_complete
                0x1001f8c0                hci_write_scan_enable
                0x1001fc70                hci_set_event_filter
                0x1001fbac                hci_change_local_name
                0x1001fc08                hci_write_stored_link_key
                0x1001f534                lp_acl_write
                0x1001f288                hci_cmd_complete
                0x1001f43c                hci_cmd_ass
                0x10020104                hci_event_input
                0x1001fe00                hci_pin_code_request_reply
                0x1001fa18                hci_sniff_mode
                0x1001f2a0                hci_link_key_not
                0x1001fd30                hci_pin_code_request_neg_reply
                0x1001f90c                hci_write_page_timeout
                0x1001f788                hci_host_num_comp_packets
                0x1001f2ac                hci_connection_complete
                0x1001fd84                hci_reject_connection_request
                0x1001f294                hci_pin_req
                0x1001f878                hci_set_hc_to_h_fc
                0x1001f744                hci_read_buffer_size
                0x1001f6b4                hci_read_bd_addr
                0x1001f524                lp_is_connected
                0x1001f48c                hci_get_link
                0x1001ff80                lp_connect_req
                0x1001f2c4                hci_get_error_code
                0x100200b8                hci_reset_all
                0x1001f430                lp_pdu_maxsize
 .glue_7        0x10020964        0x0 ../../core/lwalkera-lwBT-f64e170/lwbt/hci.o
 .glue_7t       0x10020964        0x0 ../../core/lwalkera-lwBT-f64e170/lwbt/hci.o
 .text          0x10020964     0x1938 ../../core/lwalkera-lwBT-f64e170/lwbt/l2cap.o
                0x100209c4                l2cap_disconnect_ind
                0x10020f64                lp_connect_cfm
                0x10020d64                l2ca_datawrite
                0x10021438                l2cap_process_sig
                0x100209e0                l2cap_connect_ind
                0x100210ac                l2ca_disconnect_req
                0x10020964                l2cap_init
                0x10021124                l2cap_tmr
                0x10020b80                lp_disconnect_ind
                0x10020bf4                l2cap_new
                0x100209c0                l2cap_arg
                0x10021338                l2ca_connect_req
                0x100209d0                lp_connect_ind
                0x10020a30                l2cap_close
                0x100209c8                l2cap_timeout_ind
                0x10021264                l2ca_config_req
                0x10021fc8                l2cap_input
                0x100209a0                l2cap_next_sigid
                0x100209cc                l2cap_recv
                0x10020e10                l2cap_rexmit_signal
                0x10020e24                l2cap_signal
                0x10020ad8                l2cap_reset_all
                0x1002104c                l2ca_ping
                0x10020c44                l2cap_write
 .glue_7        0x1002229c        0x0 ../../core/lwalkera-lwBT-f64e170/lwbt/l2cap.o
 .glue_7t       0x1002229c        0x0 ../../core/lwalkera-lwBT-f64e170/lwbt/l2cap.o
 .text          0x1002229c       0xc4 ../../core/lwalkera-lwBT-f64e170/lwbt/lwbt_memp.o
                0x1002229c                lwbt_memp_init
                0x10022308                lwbt_memp_free
                0x10022320                lwbt_memp_malloc
 .glue_7        0x10022360        0x0 ../../core/lwalkera-lwBT-f64e170/lwbt/lwbt_memp.o
 .glue_7t       0x10022360        0x0 ../../core/lwalkera-lwBT-f64e170/lwbt/lwbt_memp.o
 .text          0x10022360     0x1318 ../../core/lwalkera-lwBT-f64e170/lwbt/rfcomm.o
                0x100224e4                rfcomm_lp_disconnected
                0x100229d8                rfcomm_rpn
                0x10022384                rfcomm_disc
                0x10022744                rfcomm_uih_credits
                0x10022360                rfcomm_init
                0x10022380                rfcomm_recv
                0x100224ac                rfcomm_get_active_pcb
                0x10022538                rfcomm_tmr
                0x100226b0                rfcomm_disconnect
                0x100231c4                rfcomm_input
                0x10022c08                rfcomm_new
                0x10022b00                rfcomm_test
                0x10022468                rfcomm_reset_all
                0x1002237c                rfcomm_arg
                0x10022898                rfcomm_uih
                0x100223d8                rfcomm_close
                0x10022388                rfcomm_listen
                0x10022d24                rfcomm_process_msg
                0x10022b6c                rfcomm_pn
                0x10022a70                rfcomm_msc
                0x10022c44                rfcomm_connect
 .glue_7        0x10023678        0x0 ../../core/lwalkera-lwBT-f64e170/lwbt/rfcomm.o
 .glue_7t       0x10023678        0x0 ../../core/lwalkera-lwBT-f64e170/lwbt/rfcomm.o
 .text          0x10023678      0xfd0 ../../core/lwalkera-lwBT-f64e170/lwbt/sdp.o
                0x10023678                sdp_init
                0x100244e0                sdp_lp_disconnected
                0x10023b30                sdp_service_attrib_req
                0x100238bc                sdp_service_search_req
                0x10023734                sdp_arg
                0x100244d0                sdp_free
                0x10023de0                sdp_service_search_attrib_rsp
                0x10023fc8                sdp_service_attrib_rsp
                0x100236c4                sdp_register_service
                0x100245e8                sdp_record_new
                0x10024528                sdp_reset_all
                0x10024110                sdp_recv
                0x100236a4                sdp_next_rhdl
                0x10024518                sdp_record_free
                0x10023720                sdp_next_transid
                0x10023c1c                sdp_attribute_search
                0x10023738                sdp_pattern_search
                0x100237ec                sdp_service_search_attrib_req
                0x10023980                sdp_service_search_rsp
                0x10024624                sdp_new
                0x100236e0                sdp_unregister_service
 .glue_7        0x10024648        0x0 ../../core/lwalkera-lwBT-f64e170/lwbt/sdp.o
 .glue_7t       0x10024648        0x0 ../../core/lwalkera-lwBT-f64e170/lwbt/sdp.o
 .text          0x10024648       0x60 ../../core/lwalkera-lwBT-f64e170/lwip/inet.o
                0x10024688                ntohl
                0x10024668                htonl
                0x10024658                ntohs
                0x10024648                htons
 .glue_7        0x100246a8        0x0 ../../core/lwalkera-lwBT-f64e170/lwip/inet.o
 .glue_7t       0x100246a8        0x0 ../../core/lwalkera-lwBT-f64e170/lwip/inet.o
 .text          0x100246a8      0x138 ../../core/lwalkera-lwBT-f64e170/lwip/memp.o
                0x10024730                memp_free
                0x10024770                memp_malloc
                0x100246a8                memp_init
 .glue_7        0x100247e0        0x0 ../../core/lwalkera-lwBT-f64e170/lwip/memp.o
 .glue_7t       0x100247e0        0x0 ../../core/lwalkera-lwBT-f64e170/lwip/memp.o
 .text          0x100247e0      0x5d4 ../../core/lwalkera-lwBT-f64e170/lwip/pbuf.o
                0x10024b8c                pbuf_realloc
                0x10024ab0                pbuf_free
                0x10024a30                pbuf_cat
                0x100247f4                pbuf_ref
                0x10024898                pbuf_copy_partial
                0x10024934                pbuf_copy
                0x10024c08                pbuf_alloc
                0x100247e0                pbuf_clen
                0x10024800                pbuf_header
                0x10024a98                pbuf_chain
                0x10024b30                pbuf_dechain
 .glue_7        0x10024db4        0x0 ../../core/lwalkera-lwBT-f64e170/lwip/pbuf.o
 .glue_7t       0x10024db4        0x0 ../../core/lwalkera-lwBT-f64e170/lwip/pbuf.o
 .text          0x10024db4        0x0 ../../core/lwalkera-lwBT-f64e170/lwip/stats.o
 .glue_7        0x10024db4        0x0 ../../core/lwalkera-lwBT-f64e170/lwip/stats.o
 .glue_7t       0x10024db4        0x0 ../../core/lwalkera-lwBT-f64e170/lwip/stats.o
 .text          0x10024db4      0x984 ../../core/lwalkera-lwBT-f64e170/bt_spp.o
                0x100250e0                bt_connect_ind
                0x10024dbc                acl_conn_complete
                0x1002513c                rfcomm_disconnected
                0x10025504                l2cap_connected
                0x100252f8                rfcomm_accept
                0x1002515c                get_rfcomm_cn
                0x10025624                sdp_attributes_recv
                0x10024dc0                read_bdaddr_complete
                0x1002501c                acl_wpl_complete
                0x10024e1c                command_complete
                0x10025038                inquiry_complete
                0x1002569c                rfcomm_connected
                0x10024db8                at_input
                0x100254ac                bt_spp_start
                0x10025120                l2cap_disconnected_cfm
                0x10024db4                bt_spp_tmr
                0x100251cc                pin_req
                0x100251a8                link_key_not
                0x10025330                spp_recv
                0x10025204                bt_spp_init
                0x100256e4                l2cap_disconnected_ind
 .glue_7        0x10025738        0x0 ../../core/lwalkera-lwBT-f64e170/bt_spp.o
 .glue_7t       0x10025738        0x0 ../../core/lwalkera-lwBT-f64e170/bt_spp.o
 .text          0x10025738      0x308 ../../libraries/zlib-1.2.3/adler32.o
                0x10025738                adler32
                0x100259c4                adler32_combine
 .glue_7        0x10025a40        0x0 ../../libraries/zlib-1.2.3/adler32.o
 .glue_7t       0x10025a40        0x0 ../../libraries/zlib-1.2.3/adler32.o
 .text          0x10025a40       0x8c ../../libraries/zlib-1.2.3/compress.o
                0x10025a50                compress2
                0x10025a40                compressBound
                0x10025ab4                compress
 .glue_7        0x10025acc        0x0 ../../libraries/zlib-1.2.3/compress.o
 .glue_7t       0x10025acc        0x0 ../../libraries/zlib-1.2.3/compress.o
 .text          0x10025acc      0x744 ../../libraries/zlib-1.2.3/crc32.o
                0x10025ad4                crc32
                0x100260ec                crc32_combine
                0x10025acc                get_crc_table
 .glue_7        0x10026210        0x0 ../../libraries/zlib-1.2.3/crc32.o
 .glue_7t       0x10026210        0x0 ../../libraries/zlib-1.2.3/crc32.o
 .text          0x10026210      0xc5c ../../libraries/zlib-1.2.3/gzio.o
                0x10026644                gzflush
                0x10026210                gzungetc
                0x10026bec                gzgetc
                0x10026e5c                gzopen
                0x100262b4                gzerror
                0x1002627c                gzdirect
                0x10026c10                gzsetparams
                0x10026b94                gztell
                0x10026294                gzclearerr
                0x10026a60                gzseek
                0x1002687c                gzread
                0x100265a8                gzputs
                0x10026e28                gzdopen
                0x10026488                gzclose
                0x10026514                gzwrite
                0x100265c4                gzputc
                0x10026254                gzeof
                0x10026ba4                gzgets
                0x100265ec                gzrewind
                0x10026668                gzprintf
 .glue_7        0x10026e6c        0x0 ../../libraries/zlib-1.2.3/gzio.o
 .glue_7t       0x10026e6c        0x0 ../../libraries/zlib-1.2.3/gzio.o
 .text          0x10026e6c       0x6c ../../libraries/zlib-1.2.3/uncompr.o
                0x10026e6c                uncompress
 .glue_7        0x10026ed8        0x0 ../../libraries/zlib-1.2.3/uncompr.o
 .glue_7t       0x10026ed8        0x0 ../../libraries/zlib-1.2.3/uncompr.o
 .text          0x10026ed8     0x16bc ../../libraries/zlib-1.2.3/deflate.o
                0x10027554                deflate
                0x10026f20                deflateTune
                0x10026ed8                deflateSetHeader
                0x1002749c                deflateSetDictionary
                0x100282b0                deflateBound
                0x10028570                deflateInit_
                0x100283bc                deflateInit2_
                0x100282e8                deflateReset
                0x10026ef4                deflatePrime
                0x100271f0                deflateCopy
                0x10027b64                deflateParams
                0x10026f50                deflateEnd
 .glue_7        0x10028594        0x0 ../../libraries/zlib-1.2.3/deflate.o
 .glue_7t       0x10028594        0x0 ../../libraries/zlib-1.2.3/deflate.o
 .text          0x10028594     0x14b0 ../../libraries/zlib-1.2.3/trees.o
                0x1002960c                _tr_flush_block
                0x10028f54                _tr_stored_block
                0x10028594                _tr_init
                0x10029274                _tr_tally
                0x10029050                _tr_align
 .glue_7        0x10029a44        0x0 ../../libraries/zlib-1.2.3/trees.o
 .glue_7t       0x10029a44        0x0 ../../libraries/zlib-1.2.3/trees.o
 .text          0x10029a44       0x38 ../../libraries/zlib-1.2.3/zutil.o
                0x10029a44                zlibVersion
                0x10029a4c                zlibCompileFlags
                0x10029a60                zcfree
                0x10029a50                zError
                0x10029a6c                zcalloc
 .glue_7        0x10029a7c        0x0 ../../libraries/zlib-1.2.3/zutil.o
 .glue_7t       0x10029a7c        0x0 ../../libraries/zlib-1.2.3/zutil.o
 .text          0x10029a7c     0x12e8 ../../libraries/zlib-1.2.3/inflate.o
                0x10029d44                inflateCopy
                0x10029f64                inflate
                0x10029d18                inflateSyncPoint
                0x10029bf4                inflateGetHeader
                0x10029ba4                inflateInit_
                0x10029ac4                inflatePrime
                0x10029a7c                inflateReset
                0x10029c14                inflateSync
                0x10029ed8                inflateSetDictionary
                0x10029bb8                inflateEnd
                0x10029b00                inflateInit2_
 .glue_7        0x1002ad64        0x0 ../../libraries/zlib-1.2.3/inflate.o
 .glue_7t       0x1002ad64        0x0 ../../libraries/zlib-1.2.3/inflate.o
 .text          0x1002ad64      0x970 ../../libraries/zlib-1.2.3/infback.o
                0x1002ad64                inflateBackInit_
                0x1002ae1c                inflateBack
                0x1002adf0                inflateBackEnd
 .glue_7        0x1002b6d4        0x0 ../../libraries/zlib-1.2.3/infback.o
 .glue_7t       0x1002b6d4        0x0 ../../libraries/zlib-1.2.3/infback.o
 .text          0x1002b6d4      0x394 ../../libraries/zlib-1.2.3/inftrees.o
                0x1002b6d4                inflate_table
 .glue_7        0x1002ba68        0x0 ../../libraries/zlib-1.2.3/inftrees.o
 .glue_7t       0x1002ba68        0x0 ../../libraries/zlib-1.2.3/inftrees.o
 .text          0x1002ba68      0x3ec ../../libraries/zlib-1.2.3/inffast.o
                0x1002ba68                inflate_fast
 .glue_7        0x1002be54        0x0 ../../libraries/zlib-1.2.3/inffast.o
 .glue_7t       0x1002be54        0x0 ../../libraries/zlib-1.2.3/inffast.o
 .text          0x1002be54      0x9b8 ../../libraries/libpng-1.4.0/png.o
                0x1002be74                png_get_header_ver
                0x1002c394                png_zfree
                0x1002be8c                png_64bit_product
                0x1002c2b0                png_zalloc
                0x1002be6c                png_get_libpng_ver
                0x1002c264                png_sig_cmp
                0x1002c1d8                png_set_sig_bytes
                0x1002c708                png_info_destroy
                0x1002be54                png_get_io_ptr
                0x1002c300                png_convert_to_rfc1123
                0x1002bec8                png_check_cHRM_fixed
                0x1002c21c                png_handle_as_unknown
                0x1002be84                png_access_version_number
                0x1002c6d8                png_info_init_3
                0x1002be64                png_get_copyright
                0x1002be7c                png_get_header_version
                0x1002c204                png_reset_zstream
                0x1002c008                png_check_IHDR
                0x1002c7b8                png_calculate_crc
                0x1002c7f4                png_reset_crc
                0x1002c784                png_create_info_struct
                0x1002c74c                png_destroy_info_struct
                0x1002c3a0                png_free_data
                0x1002bfcc                png_data_freer
                0x1002be5c                png_init_io
 .glue_7        0x1002c80c        0x0 ../../libraries/libpng-1.4.0/png.o
 .glue_7t       0x1002c80c        0x0 ../../libraries/libpng-1.4.0/png.o
 .text          0x1002c80c      0x1a8 ../../libraries/libpng-1.4.0/pngerror.o
                0x1002c93c                png_error
                0x1002c8b4                png_warning
                0x1002c80c                png_set_longjmp_fn