Archive member included because of file (symbol)

/usr/local/arm-elf-tools/gcc-4.3.3/lib/gcc/arm-elf/4.3.3/../../../../arm-elf/lib/interwork/libm.a(lib_a-s_atan.o)
                              ../../core/lua-5.1.4/src/lmathlib.o (atan)
/usr/local/arm-elf-tools/gcc-4.3.3/lib/gcc/arm-elf/4.3.3/../../../../arm-elf/lib/interwork/libm.a(lib_a-s_ceil.o)
                              ../../core/lua-5.1.4/src/lmathlib.o (ceil)
/usr/local/arm-elf-tools/gcc-4.3.3/lib/gcc/arm-elf/4.3.3/../../../../arm-elf/lib/interwork/libm.a(lib_a-s_cos.o)
                              ../../core/lua-5.1.4/src/lmathlib.o (cos)
/usr/local/arm-elf-tools/gcc-4.3.3/lib/gcc/arm-elf/4.3.3/../../../../arm-elf/lib/interwork/libm.a(lib_a-s_fabs.o)
                              /usr/local/arm-elf-tools/gcc-4.3.3/lib/gcc/arm-elf/4.3.3/../../../../arm-elf/lib/interwork/libm.a(lib_a-s_atan.o) (fabs)
/usr/local/arm-elf-tools/gcc-4.3.3/lib/gcc/arm-elf/4.3.3/../../../../arm-elf/lib/interwork/libm.a(lib_a-s_floor.o)
                              ../../core/lua-5.1.4/src/lcode.o (floor)
/usr/local/arm-elf-tools/gcc-4.3.3/lib/gcc/arm-elf/4.3.3/../../../../arm-elf/lib/interwork/libm.a(lib_a-s_frexp.o)
                              ../../core/lua-5.1.4/src/lmathlib.o (frexp)
/usr/local/arm-elf-tools/gcc-4.3.3/lib/gcc/arm-elf/4.3.3/../../../../arm-elf/lib/interwork/libm.a(lib_a-s_ldexp.o)
                              ../../core/lua-5.1.4/src/lmathlib.o (ldexp)
/usr/local/arm-elf-tools/gcc-4.3.3/lib/gcc/arm-elf/4.3.3/../../../../arm-elf/lib/interwork/libm.a(lib_a-s_modf.o)
                              ../../core/lua-5.1.4/src/lmathlib.o (modf)
/usr/local/arm-elf-tools/gcc-4.3.3/lib/gcc/arm-elf/4.3.3/../../../../arm-elf/lib/interwork/libm.a(lib_a-s_scalbn.o)
                              /usr/local/arm-elf-tools/gcc-4.3.3/lib/gcc/arm-elf/4.3.3/../../../../arm-elf/lib/interwork/libm.a(lib_a-s_ldexp.o) (scalbn)
/usr/local/arm-elf-tools/gcc-4.3.3/lib/gcc/arm-elf/4.3.3/../../../../arm-elf/lib/interwork/libm.a(lib_a-s_sin.o)
                              ../../core/lua-5.1.4/src/lmathlib.o (sin)
/usr/local/arm-elf-tools/gcc-4.3.3/lib/gcc/arm-elf/4.3.3/../../../../arm-elf/lib/interwork/libm.a(lib_a-s_tanh.o)
                              ../../core/lua-5.1.4/src/lmathlib.o (tanh)
/usr/local/arm-elf-tools/gcc-4.3.3/lib/gcc/arm-elf/4.3.3/../../../../arm-elf/lib/interwork/libm.a(lib_a-s_tan.o)
                              ../../core/lua-5.1.4/src/lmathlib.o (tan)
/usr/local/arm-elf-tools/gcc-4.3.3/lib/gcc/arm-elf/4.3.3/../../../../arm-elf/lib/interwork/libm.a(lib_a-w_acos.o)
                              ../../core/lua-5.1.4/src/lmathlib.o (acos)
/usr/local/arm-elf-tools/gcc-4.3.3/lib/gcc/arm-elf/4.3.3/../../../../arm-elf/lib/interwork/libm.a(lib_a-w_asin.o)
                              ../../core/lua-5.1.4/src/lmathlib.o (asin)
/usr/local/arm-elf-tools/gcc-4.3.3/lib/gcc/arm-elf/4.3.3/../../../../arm-elf/lib/interwork/libm.a(lib_a-w_atan2.o)
                              ../../core/lua-5.1.4/src/lmathlib.o (atan2)
/usr/local/arm-elf-tools/gcc-4.3.3/lib/gcc/arm-elf/4.3.3/../../../../arm-elf/lib/interwork/libm.a(lib_a-w_cosh.o)
                              ../../core/lua-5.1.4/src/lmathlib.o (cosh)
/usr/local/arm-elf-tools/gcc-4.3.3/lib/gcc/arm-elf/4.3.3/../../../../arm-elf/lib/interwork/libm.a(lib_a-w_exp.o)
                              ../../core/lua-5.1.4/src/lmathlib.o (exp)
/usr/local/arm-elf-tools/gcc-4.3.3/lib/gcc/arm-elf/4.3.3/../../../../arm-elf/lib/interwork/libm.a(lib_a-w_fmod.o)
                              ../../core/lua-5.1.4/src/lmathlib.o (fmod)
/usr/local/arm-elf-tools/gcc-4.3.3/lib/gcc/arm-elf/4.3.3/../../../../arm-elf/lib/interwork/libm.a(lib_a-w_log10.o)
                              ../../core/lua-5.1.4/src/lmathlib.o (log10)
/usr/local/arm-elf-tools/gcc-4.3.3/lib/gcc/arm-elf/4.3.3/../../../../arm-elf/lib/interwork/libm.a(lib_a-w_log.o)
                              ../../core/lua-5.1.4/src/lmathlib.o (log)
/usr/local/arm-elf-tools/gcc-4.3.3/lib/gcc/arm-elf/4.3.3/../../../../arm-elf/lib/interwork/libm.a(lib_a-w_pow.o)
                              ../../core/lua-5.1.4/src/lcode.o (pow)
/usr/local/arm-elf-tools/gcc-4.3.3/lib/gcc/arm-elf/4.3.3/../../../../arm-elf/lib/interwork/libm.a(lib_a-w_sinh.o)
                              ../../core/lua-5.1.4/src/lmathlib.o (sinh)
/usr/local/arm-elf-tools/gcc-4.3.3/lib/gcc/arm-elf/4.3.3/../../../../arm-elf/lib/interwork/libm.a(lib_a-w_sqrt.o)
                              ../../core/lua-5.1.4/src/lmathlib.o (sqrt)
/usr/local/arm-elf-tools/gcc-4.3.3/lib/gcc/arm-elf/4.3.3/../../../../arm-elf/lib/interwork/libm.a(lib_a-e_acos.o)
                              /usr/local/arm-elf-tools/gcc-4.3.3/lib/gcc/arm-elf/4.3.3/../../../../arm-elf/lib/interwork/libm.a(lib_a-w_acos.o) (__ieee754_acos)
/usr/local/arm-elf-tools/gcc-4.3.3/lib/gcc/arm-elf/4.3.3/../../../../arm-elf/lib/interwork/libm.a(lib_a-e_asin.o)
[...]
Memory Configuration

Name             Origin             Length             Attributes
xdatasram        0x10080000         0x00400000         w !xr
xcodesram        0x10000000         0x00070000         xr
sram             0x00000000         0x00008000         w !xr
*default*        0x00000000         0xffffffff

Linker script and memory map

LOAD ../../core/freertos/portable/GCC/ARM7_AT91SAM7S/portISR.o
LOAD ../../core/usb/device/core/USBD_UDP.o
LOAD ../../core/usb/device/core/USBD_OTGHS.o
LOAD ../../core/usb/device/core/USBD_UDPHS.o
LOAD ../../core/dynawa/serial_isr.o
LOAD ../../core/dynawa/button.o
LOAD ../../core/dynawa/timer_isr.o
LOAD ../../core/dynawa/io_isr.o
LOAD ../../core/startup/extras.o
LOAD ../../core/freertos/tasks.o
LOAD ../../core/freertos/queue.o
LOAD ../../core/freertos/list.o
LOAD ../../core/freertos/portable/GCC/ARM7_AT91SAM7S/port.o
LOAD ../../core/freertos/portable/MemMang/heap_3.o
LOAD ../../core/usb/common/cdc/CDCSetControlLineStateRequest.o
LOAD ../../core/usb/common/cdc/CDCLineCoding.o
LOAD ../../core/usb/device/cdc-serial/CDCDSerialDriver.o
LOAD ../../core/usb/device/cdc-serial/CDCDSerialDriverDescriptors.o
LOAD ../../core/usb/device/core/USBDCallbacks_Resumed.o
LOAD ../../core/usb/device/core/USBDCallbacks_Suspended.o
LOAD ../../core/usb/device/core/USBDDriverCb_CfgChanged.o
LOAD ../../core/usb/device/core/USBDDriverCb_IfSettingChanged.o
LOAD ../../core/usb/device/core/USBDCallbacks_Initialized.o
LOAD ../../core/usb/device/core/USBDCallbacks_Reset.o
LOAD ../../core/usb/device/core/USBDDriver.o
LOAD ../../core/usb/common/core/USBSetAddressRequest.o
LOAD ../../core/usb/common/core/USBGenericDescriptor.o
LOAD ../../core/usb/common/core/USBGenericRequest.o
LOAD ../../core/usb/common/core/USBGetDescriptorRequest.o
LOAD ../../core/usb/common/core/USBSetConfigurationRequest.o
LOAD ../../core/usb/common/core/USBFeatureRequest.o
LOAD ../../core/usb/common/core/USBEndpointDescriptor.o
LOAD ../../core/usb/common/core/USBConfigurationDescriptor.o
LOAD ../../core/usb/common/core/USBInterfaceRequest.o
LOAD ../../core/utils/rprintf.o
LOAD ../../core/utils/time.o
LOAD ../../core/utils/delay.o
LOAD ../../core/screen/screen.o
LOAD ../../core/screen/font.o
LOAD ../../core/lua-5.1.4/src/lapi.o
LOAD ../../core/lua-5.1.4/src/lauxlib.o
LOAD ../../core/lua-5.1.4/src/lbaselib.o
LOAD ../../core/lua-5.1.4/src/lcode.o
LOAD ../../core/lua-5.1.4/src/ldblib.o
LOAD ../../core/lua-5.1.4/src/ldebug.o
LOAD ../../core/lua-5.1.4/src/ldo.o
LOAD ../../core/lua-5.1.4/src/ldump.o
LOAD ../../core/lua-5.1.4/src/lfunc.o
LOAD ../../core/lua-5.1.4/src/lgc.o
LOAD ../../core/lua-5.1.4/src/linit.o
LOAD ../../core/lua-5.1.4/src/liolib.o
LOAD ../../core/lua-5.1.4/src/llex.o
LOAD ../../core/lua-5.1.4/src/lmathlib.o
LOAD ../../core/lua-5.1.4/src/lmem.o
LOAD ../../core/lua-5.1.4/src/loadlib.o
LOAD ../../core/lua-5.1.4/src/lobject.o
LOAD ../../core/lua-5.1.4/src/lopcodes.o
LOAD ../../core/lua-5.1.4/src/loslib.o
LOAD ../../core/lua-5.1.4/src/lparser.o
LOAD ../../core/lua-5.1.4/src/lstate.o
LOAD ../../core/lua-5.1.4/src/lstring.o
LOAD ../../core/lua-5.1.4/src/lstrlib.o
LOAD ../../core/lua-5.1.4/src/ltable.o
LOAD ../../core/lua-5.1.4/src/ltablib.o
LOAD ../../core/lua-5.1.4/src/ltm.o
LOAD ../../core/lua-5.1.4/src/lundump.o
LOAD ../../core/lua-5.1.4/src/lvm.o
LOAD ../../core/lua-5.1.4/src/lzio.o
LOAD ../../core/lua-5.1.4/src/print.o
LOAD ../../core/dynawa/rtos.o
LOAD ../../core/dynawa/usbserial.o
LOAD ../../core/dynawa/serial.o
LOAD ../../core/dynawa/main.o
LOAD ../../core/dynawa/io.o
LOAD ../../core/dynawa/led.o
LOAD ../../core/dynawa/lua/lua.o
LOAD ../../core/dynawa/lua/lua_isr.o
LOAD ../../core/dynawa/lua/lib_dynawa.o
LOAD ../../core/dynawa/lua/lib_dynawa_timer.o
LOAD ../../core/dynawa/lua/lib_dynawa_bitmap.o
LOAD ../../core/dynawa/event.o
LOAD ../../core/dynawa/timer.o
LOAD ../../core/dynawa/bitmap.o
LOAD ../../core/sdcard/sdcard.o
LOAD ../../core/dynawa/fat.o
LOAD ../../core/fatfs-0.07/src/option/ccsbcs.o
LOAD ../../core/fatfs-0.07/src/diskio.o
LOAD ../../core/fatfs-0.07/src/ff.o
LOAD ../../core/monitor/args.o
LOAD ../../core/monitor/argsdispatch.o
LOAD ../../core/monitor/monitor.o
LOAD ../../core/yabcsp/src/crc.o
LOAD ../../core/yabcsp/src/init.o
LOAD ../../core/yabcsp/src/le.o
LOAD ../../core/yabcsp/src/rx.o
LOAD ../../core/yabcsp/src/txmsg.o
LOAD ../../core/yabcsp/src/txslip.o
LOAD ../../core/dynawa/bcsp/main.o
LOAD ../../core/dynawa/bcsp/abcsp_support_functions.o
LOAD ../../core/dynawa/bcsp/uSched.o
LOAD ../../core/dynawa/bcsp/SerialCom.o
LOAD ../../core/peripherals/serial.o
LOAD ../../core/peripherals/oled/oled.o
LOAD ../../core/peripherals/spi.o
LOAD ../../core/peripherals/pmc/pmc.o
LOAD ../../core/peripherals/usart/usart.o
LOAD ../../core/peripherals/aic/aic.o
LOAD ../../core/peripherals/pio/pio.o
LOAD ../../core/peripherals/rtc.o
LOAD ../../core/peripherals/i2c.o
LOAD ../../core/peripherals/accel.o
LOAD ../../core/peripherals/gasgauge.o
LOAD ../../core/peripherals/amblightsensor.o
LOAD ../../core/peripherals/ledrgb.o
LOAD ../../core/lua-5.1.4/src/lnum.o
LOAD ../../core/lwalkera-lwBT-f64e170/lwbt/fcs.o
LOAD ../../core/lwalkera-lwBT-f64e170/lwbt/hci.o
LOAD ../../core/lwalkera-lwBT-f64e170/lwbt/l2cap.o
LOAD ../../core/lwalkera-lwBT-f64e170/lwbt/lwbt_memp.o
LOAD ../../core/lwalkera-lwBT-f64e170/lwbt/rfcomm.o
LOAD ../../core/lwalkera-lwBT-f64e170/lwbt/sdp.o
LOAD ../../core/lwalkera-lwBT-f64e170/lwip/inet.o
LOAD ../../core/lwalkera-lwBT-f64e170/lwip/memp.o
LOAD ../../core/lwalkera-lwBT-f64e170/lwip/pbuf.o
LOAD ../../core/lwalkera-lwBT-f64e170/lwip/stats.o
LOAD ../../core/lwalkera-lwBT-f64e170/bt_spp.o
LOAD ../../libraries/zlib-1.2.3/adler32.o
LOAD ../../libraries/zlib-1.2.3/compress.o
LOAD ../../libraries/zlib-1.2.3/crc32.o
LOAD ../../libraries/zlib-1.2.3/gzio.o
LOAD ../../libraries/zlib-1.2.3/uncompr.o
LOAD ../../libraries/zlib-1.2.3/deflate.o
LOAD ../../libraries/zlib-1.2.3/trees.o
LOAD ../../libraries/zlib-1.2.3/zutil.o
LOAD ../../libraries/zlib-1.2.3/inflate.o
LOAD ../../libraries/zlib-1.2.3/infback.o
LOAD ../../libraries/zlib-1.2.3/inftrees.o
LOAD ../../libraries/zlib-1.2.3/inffast.o
LOAD ../../libraries/libpng-1.4.0/png.o
LOAD ../../libraries/libpng-1.4.0/pngerror.o
LOAD ../../libraries/libpng-1.4.0/pngget.o
LOAD ../../libraries/libpng-1.4.0/pngmem.o
LOAD ../../libraries/libpng-1.4.0/pngpread.o
LOAD ../../libraries/libpng-1.4.0/pngread.o
LOAD ../../libraries/libpng-1.4.0/pngrio.o
LOAD ../../libraries/libpng-1.4.0/pngrtran.o
LOAD ../../libraries/libpng-1.4.0/pngrutil.o
LOAD ../../libraries/libpng-1.4.0/pngset.o
LOAD ../../libraries/libpng-1.4.0/pngtrans.o
LOAD ../../libraries/libpng-1.4.0/pngwio.o
LOAD ../../libraries/libpng-1.4.0/pngwrite.o
LOAD ../../libraries/libpng-1.4.0/pngwtran.o
LOAD ../../libraries/libpng-1.4.0/pngwutil.o
LOAD ../../core/dynawa/png.o
LOAD image.o
LOAD /tmp/ccIBIrH5.o
LOAD /tmp/ccAJfFnu.o
LOAD /usr/local/arm-elf-tools/gcc-4.3.3/lib/gcc/arm-elf/4.3.3/../../../../arm-elf/lib/interwork/libm.a
START GROUP
LOAD /usr/local/arm-elf-tools/gcc-4.3.3/lib/gcc/arm-elf/4.3.3/interwork/libgcc.a
LOAD /usr/local/arm-elf-tools/gcc-4.3.3/lib/gcc/arm-elf/4.3.3/../../../../arm-elf/lib/interwork/libc.a
END GROUP
                0x00100000                __HEAPSIZE__ = 0x100000
                0x000005dc                __STACKSIZE__ = 0x5dc
                0x00000200                __STACKSIZE_IRQ__ = 0x200
                0x00000200                __STACKSIZE_FIQ__ = 0x200
                0x00000100                __STACKSIZE_SVC__ = 0x100
                0x00000000                __STACKSIZE_ABT__ = 0x0
                0x00000000                __STACKSIZE_UND__ = 0x0

.init           0x10000000      0x238
 *(.init .init.*)
 .init          0x10000000       0x50 /tmp/ccIBIrH5.o
                0x10000028                undef_handler
                0x10000000                __boot_handler
                0x10000030                pabort_handler
                0x10000034                dabort_handler
                0x1000003c                fiq_handler
 .init          0x10000050      0x1e8 /tmp/ccAJfFnu.o
                0x10000050                __start
                0x10000050                _start
                0x10000238                . = ALIGN (0x4)

.imageboot      0x10000238        0x8
                0x10000238                __imageboot_start__ = .
 *(.imageboot .imageboot.*)
 .imageboot     0x10000238        0x8 /tmp/ccIBIrH5.o
                0x10000240                . = ALIGN (0x4)
                0x10000240                __imageboot_end__ = .

.text           0x10000240    0x58f60
                0x10000240                __text_start__ = .
                0x10000240                __text_load_start__ = .
 *(.text .text.* .glue_7t .glue_7 .gnu.linkonce.t.*)
 .text.stub     0x10000240      0x458 linker stubs
 .text          0x10000698      0x25c ../../core/freertos/portable/GCC/ARM7_AT91SAM7S/portISR.o
                0x10000794                vPreemptiveTick
                0x10000750                vPortExitCritical
                0x100006f4                vPortDisableInterruptsFromThumb
                0x10000848                swi_handler
                0x10000698                vPortISRStartFirstTask
                0x100006e4                vPortDisableAllInterrupts
                0x1000070c                vPortEnableInterruptsFromThumb
                0x10000724                vPortEnterCritical
 .glue_7        0x100008f4        0x0 ../../core/freertos/portable/GCC/ARM7_AT91SAM7S/portISR.o
 .glue_7t       0x100008f4        0x0 ../../core/freertos/portable/GCC/ARM7_AT91SAM7S/portISR.o
 .text          0x100008f4     0x1134 ../../core/usb/device/core/USBD_UDP.o
                0x10000e38                USBD_RemoteWakeUp
                0x10000d94                USBD_IsHalted
                0x10001064                USBD_ConfigureEndpoint
                0x10001980                UsbIsr_Wrapper
                0x1000118c                USBD_InterruptHandler
                0x10000e7c                USBD_SetAddress
                0x10000f54                USBD_Disconnect
                0x10000f3c                USBD_Connect
                0x10000fc4                USBD_Init
                0x10000dc4                USBD_Stall
                0x10000eb8                USBD_SetConfiguration
                0x10000dbc                USBD_IsHighSpeed
                0x10000cf8                USBD_Unhalt
                0x10000a2c                USBD_Write
                0x10000fb4                USBD_GetState
                0x10000bd4                USBD_Read
                0x10000c54                USBD_Halt
 .glue_7        0x10001a28        0x0 ../../core/usb/device/core/USBD_UDP.o
 .glue_7t       0x10001a28        0x0 ../../core/usb/device/core/USBD_UDP.o
 .text          0x10001a28        0x0 ../../core/usb/device/core/USBD_OTGHS.o
 .glue_7        0x10001a28        0x0 ../../core/usb/device/core/USBD_OTGHS.o
 .glue_7t       0x10001a28        0x0 ../../core/usb/device/core/USBD_OTGHS.o
 .text          0x10001a28        0x0 ../../core/usb/device/core/USBD_UDPHS.o
 .glue_7        0x10001a28        0x0 ../../core/usb/device/core/USBD_UDPHS.o
 .glue_7t       0x10001a28        0x0 ../../core/usb/device/core/USBD_UDPHS.o
 .text          0x10001a28      0x228 ../../core/dynawa/serial_isr.o
                0x10001ba4                Serial0Isr_Wrapper
                0x10001b00                Serial1Isr_Wrapper
                0x10001a28                SerialIsr_Handler
 .glue_7        0x10001c50        0x0 ../../core/dynawa/serial_isr.o
 .glue_7t       0x10001c50        0x0 ../../core/dynawa/serial_isr.o
 .text          0x10001c50      0x218 ../../core/dynawa/button.o
                0x10001c50                button_init
                0x10001cf0                button_timer_handler
                0x10001d80                button_isr
 .glue_7        0x10001e68        0x0 ../../core/dynawa/button.o
 .glue_7t       0x10001e68        0x0 ../../core/dynawa/button.o
 .text          0x10001e68      0x288 ../../core/dynawa/timer_isr.o
                0x10001e68                Timer_Isr
                0x10002048                TimerIsr_Wrapper
 .glue_7        0x100020f0        0x0 ../../core/dynawa/timer_isr.o
 .glue_7t       0x100020f0        0x0 ../../core/dynawa/timer_isr.o
 .text          0x100020f0      0x1fc ../../core/dynawa/io_isr.o
                0x10002194                IoAIsr_Wrapper
                0x100020f0                Io_Isr
                0x1000223c                IoBIsr_Wrapper
 .glue_7        0x100022ec        0x0 ../../core/dynawa/io_isr.o
 .glue_7t       0x100022ec        0x0 ../../core/dynawa/io_isr.o
 .text          0x100022ec      0x810 ../../core/startup/extras.o
                0x10002318                _getpid
                0x100022ec                _lseek_r
                0x100022fc                _kill_r
                0x10002ae8                _mkdir
                0x100022f4                _fstat_r
                0x1000240c                _fstat
                0x10002314                _getpid_r
                0x1000263c                _sbrk_r
                0x100029d0                _read_r
                0x10002338                _isatty
                0x1000231c                _raise
                0x10002440                _times
                0x100023d4                rename
                0x1000230c                _unlink_r
                0x100024b8                _stat
                0x10002470                syscallsInit
                0x1000281c                _lseek
                0x10002690                _open_r
                0x100025a8                _close_r
                0x100023f8                _link
                0x100023c0                _rename
                0x10002304                _link_r
                0x10002acc                _chmod
                0x100028c8                _write_r
                0x1000245c                _unlink
                0x10002348                _sync
                0x10002420                _kill
                0x10002320                _gettimeofday
                0x10002434                _exit
                0x100023e0                _system
 .glue_7        0x10002afc        0x0 ../../core/startup/extras.o
 .glue_7t       0x10002afc        0x0 ../../core/startup/extras.o
 .text          0x10002afc      0xe88 ../../core/freertos/tasks.o
                0x100032b8                uxTaskPriorityGet
                0x10002afc                TaskGetTimeouts
                0x10002c84                xTaskGetPriority
                0x10002ca8                xTaskGetName
                0x10003210                vTaskPrioritySet
                0x100035dc                vTaskEndScheduler
                0x1000335c                vTaskPlaceOnEventList
                0x10002b0c                xTaskIsTaskSuspended
                0x10002ccc                GetDelayedTaskList
                0x10002cd8                GetOverflowDelayedTaskList
                0x10002ef0                xTaskResumeFromISR
                0x10002cbc                GetReadyTaskByPriority
                0x10002c94                xTaskGetIDNumber
                0x10002fd0                ulTaskEndTrace
                0x10003038                xTaskGetTickCount
                0x10002dc0                xTaskRemoveFromEventList
                0x10002ffc                vTaskStartTrace
                0x100032e0                vTaskDelete
                0x10002f74                xTaskCheckForTimeOut
                0x10002ce4                GetListOfTasksWaitingTermination
                0x10002b30                vTaskSuspendAll
                0x10002d04                vTaskPriorityDisinherit
                0x10002c60                usVoidTaskCheckFreeStackSpace
                0x10002d54                vTaskPriorityInherit
                0x10003138                vTaskResume
                0x10002b4c                vTaskSwitchContext
                0x100031b8                vTaskSuspend
                0x10002b40                uxTaskGetNumberOfTasks
                0x10002e34                vTaskIncrementTick
                0x10002cec                GetSuspendedTaskList
                0x10002cf4                xTaskSetContext
                0x10003528                vTaskList
                0x10003418                vTaskDelayUntil
                0x10002c78                xTaskGetCurrentTaskHandle
                0x10002c48                usTaskCheckFreeStackSpace
                0x10003054                xTaskResumeAll
                0x10003940                vTaskStartScheduler
                0x10002cb0                xTaskGetTopUsedPriority
                0x10002c3c                vTaskMissedYield
                0x10003670                xTaskCreate
                0x100033bc                vTaskDelay
                0x10002cfc                xTaskGetContext
                0x10002c24                vTaskSetTimeOutState
 .glue_7        0x10003984        0x0 ../../core/freertos/tasks.o
 .glue_7t       0x10003984        0x0 ../../core/freertos/tasks.o
 .text          0x10003984      0x478 ../../core/freertos/queue.o
                0x10003c30                xQueueGenericSendFromISR
                0x10003d94                xQueueCreate
                0x1000399c                vQueueDelete
                0x10003c74                xQueueGenericSend
                0x100039cc                xQueueReceiveFromISR
                0x10003990                xQueueIsQueueFullFromISR
                0x10003aa0                xQueueGenericReceive
                0x100039b4                uxQueueMessagesWaiting
                0x10003984                uxQueueMessagesWaitingFromISR
                0x10003988                xQueueIsQueueEmptyFromISR
                0x10003d4c                xQueueCreateMutex
 .glue_7        0x10003dfc        0x0 ../../core/freertos/queue.o
 .glue_7t       0x10003dfc        0x0 ../../core/freertos/queue.o
 .text          0x10003dfc       0x90 ../../core/freertos/list.o
                0x10003e1c                vListInsertEnd
                0x10003e6c                vListRemove
                0x10003e14                vListInitialiseItem
                0x10003dfc                vListInitialise
                0x10003e38                vListInsert
 .glue_7        0x10003e8c        0x0 ../../core/freertos/list.o
 .glue_7t       0x10003e8c        0x0 ../../core/freertos/list.o
 .text          0x10003e8c       0xe8 ../../core/freertos/portable/GCC/ARM7_AT91SAM7S/port.o
                0x10003f34                xPortStartScheduler
                0x10003f30                vPortEndScheduler
                0x10003e8c                pxPortInitialiseStack
 .glue_7        0x10003f74        0x0 ../../core/freertos/portable/GCC/ARM7_AT91SAM7S/port.o
 .glue_7t       0x10003f74        0x0 ../../core/freertos/portable/GCC/ARM7_AT91SAM7S/port.o
 .text          0x10003f74       0x38 ../../core/freertos/portable/MemMang/heap_3.o
                0x10003f74                vPortFree
                0x10003f90                pvPortMalloc
 .glue_7        0x10003fac        0x0 ../../core/freertos/portable/MemMang/heap_3.o
 .glue_7t       0x10003fac        0x0 ../../core/freertos/portable/MemMang/heap_3.o
 .text          0x10003fac       0x20 ../../core/usb/common/cdc/CDCSetControlLineStateRequest.o
                0x10003fbc                CDCSetControlLineStateRequest_IsDtePresent
                0x10003fac                CDCSetControlLineStateRequest_ActivateCarrier
 .glue_7        0x10003fcc        0x0 ../../core/usb/common/cdc/CDCSetControlLineStateRequest.o
 .glue_7t       0x10003fcc        0x0 ../../core/usb/common/cdc/CDCSetControlLineStateRequest.o
 .text          0x10003fcc       0x20 ../../core/usb/common/cdc/CDCLineCoding.o
                0x10003fcc                CDCLineCoding_Initialize
 .glue_7        0x10003fec        0x0 ../../core/usb/common/cdc/CDCLineCoding.o
 .glue_7t       0x10003fec        0x0 ../../core/usb/common/cdc/CDCLineCoding.o
 .text          0x10003fec      0x15c ../../core/usb/device/cdc-serial/CDCDSerialDriver.o
                0x10004108                CDCDSerialDriver_Initialize
                0x10004088                CDCDSerialDriver_RequestHandler
                0x10003fec                CDCDSerialDriver_GetSerialState
                0x10004030                CDCDSerialDriver_Write
                0x10003ff8                CDCDSerialDriver_SetSerialState
                0x10004068                CDCDSerialDriver_Read
                0x100040fc                USBDCallbacks_RequestReceived
 .glue_7        0x10004148        0x0 ../../core/usb/device/cdc-serial/CDCDSerialDriver.o
 .glue_7t       0x10004148        0x0 ../../core/usb/device/cdc-serial/CDCDSerialDriver.o
 .text          0x10004148        0x0 ../../core/usb/device/cdc-serial/CDCDSerialDriverDescriptors.o
 .glue_7        0x10004148        0x0 ../../core/usb/device/cdc-serial/CDCDSerialDriverDescriptors.o
 .glue_7t       0x10004148        0x0 ../../core/usb/device/cdc-serial/CDCDSerialDriverDescriptors.o
 .text          0x10004148        0x4 ../../core/usb/device/core/USBDCallbacks_Resumed.o
                0x10004148                USBDCallbacks_Resumed
 .glue_7        0x1000414c        0x0 ../../core/usb/device/core/USBDCallbacks_Resumed.o
 .glue_7t       0x1000414c        0x0 ../../core/usb/device/core/USBDCallbacks_Resumed.o
 .text          0x1000414c        0x4 ../../core/usb/device/core/USBDCallbacks_Suspended.o
                0x1000414c                USBDCallbacks_Suspended
 .glue_7        0x10004150        0x0 ../../core/usb/device/core/USBDCallbacks_Suspended.o
 .glue_7t       0x10004150        0x0 ../../core/usb/device/core/USBDCallbacks_Suspended.o
 .text          0x10004150        0x4 ../../core/usb/device/core/USBDDriverCb_CfgChanged.o
                0x10004150                USBDDriverCallbacks_ConfigurationChanged
 .glue_7        0x10004154        0x0 ../../core/usb/device/core/USBDDriverCb_CfgChanged.o
 .glue_7t       0x10004154        0x0 ../../core/usb/device/core/USBDDriverCb_CfgChanged.o
 .text          0x10004154        0x4 ../../core/usb/device/core/USBDDriverCb_IfSettingChanged.o
                0x10004154                USBDDriverCallbacks_InterfaceSettingChanged
 .glue_7        0x10004158        0x0 ../../core/usb/device/core/USBDDriverCb_IfSettingChanged.o
 .glue_7t       0x10004158        0x0 ../../core/usb/device/core/USBDDriverCb_IfSettingChanged.o
 .text          0x10004158       0x38 ../../core/usb/device/core/USBDCallbacks_Initialized.o
                0x10004158                USBDCallbacks_Initialized
 .glue_7        0x10004190        0x0 ../../core/usb/device/core/USBDCallbacks_Initialized.o
 .glue_7t       0x10004190        0x0 ../../core/usb/device/core/USBDCallbacks_Initialized.o
 .text          0x10004190        0x4 ../../core/usb/device/core/USBDCallbacks_Reset.o
                0x10004190                USBDCallbacks_Reset
 .glue_7        0x10004194        0x0 ../../core/usb/device/core/USBDCallbacks_Reset.o
 .glue_7t       0x10004194        0x0 ../../core/usb/device/core/USBDCallbacks_Reset.o
 .text          0x10004194      0x2c8 ../../core/usb/device/core/USBDDriver.o
                0x100041a0                USBDDriver_IsRemoteWakeUpEnabled
                0x10004194                USBDDriver_Initialize
                0x100041a4                USBDDriver_RequestHandler
 .glue_7        0x1000445c        0x0 ../../core/usb/device/core/USBDDriver.o
 .glue_7t       0x1000445c        0x0 ../../core/usb/device/core/USBDDriver.o
 .text          0x1000445c       0x10 ../../core/usb/common/core/USBSetAddressRequest.o
                0x1000445c                USBSetAddressRequest_GetAddress
 .glue_7        0x1000446c        0x0 ../../core/usb/common/core/USBSetAddressRequest.o
 .glue_7t       0x1000446c        0x0 ../../core/usb/common/core/USBSetAddressRequest.o
 .text          0x1000446c       0x10 ../../core/usb/common/core/USBGenericDescriptor.o
                0x10004470                USBGenericDescriptor_GetType
                0x1000446c                USBGenericDescriptor_GetLength
                0x10004474                USBGenericDescriptor_GetNextDescriptor
 .glue_7        0x1000447c        0x0 ../../core/usb/common/core/USBGenericDescriptor.o
 .glue_7t       0x1000447c        0x0 ../../core/usb/common/core/USBGenericDescriptor.o
 .text          0x1000447c       0x30 ../../core/usb/common/core/USBGenericRequest.o
                0x10004488                USBGenericRequest_GetValue
                0x1000448c                USBGenericRequest_GetIndex
                0x1000449c                USBGenericRequest_GetRecipient
                0x10004484                USBGenericRequest_GetRequest
                0x10004490                USBGenericRequest_GetLength
                0x100044a4                USBGenericRequest_GetDirection
                0x1000447c                USBGenericRequest_GetType
                0x10004494                USBGenericRequest_GetEndpointNumber
 .glue_7        0x100044ac        0x0 ../../core/usb/common/core/USBGenericRequest.o
 .glue_7t       0x100044ac        0x0 ../../core/usb/common/core/USBGenericRequest.o
 .text          0x100044ac       0x20 ../../core/usb/common/core/USBGetDescriptorRequest.o
                0x100044bc                USBGetDescriptorRequest_GetDescriptorType
                0x100044ac                USBGetDescriptorRequest_GetDescriptorIndex
 .glue_7        0x100044cc        0x0 ../../core/usb/common/core/USBGetDescriptorRequest.o
 .glue_7t       0x100044cc        0x0 ../../core/usb/common/core/USBGetDescriptorRequest.o
 .text          0x100044cc       0x10 ../../core/usb/common/core/USBSetConfigurationRequest.o
                0x100044cc                USBSetConfigurationRequest_GetConfiguration
 .glue_7        0x100044dc        0x0 ../../core/usb/common/core/USBSetConfigurationRequest.o
 .glue_7t       0x100044dc        0x0 ../../core/usb/common/core/USBSetConfigurationRequest.o
 .text          0x100044dc       0x20 ../../core/usb/common/core/USBFeatureRequest.o
                0x100044ec                USBFeatureRequest_GetFeatureSelector
                0x100044dc                USBFeatureRequest_GetTestSelector
 .glue_7        0x100044fc        0x0 ../../core/usb/common/core/USBFeatureRequest.o
 .glue_7t       0x100044fc        0x0 ../../core/usb/common/core/USBFeatureRequest.o
 .text          0x100044fc       0x24 ../../core/usb/common/core/USBEndpointDescriptor.o
                0x10004504                USBEndpointDescriptor_GetDirection
                0x1000450c                USBEndpointDescriptor_GetType
                0x10004514                USBEndpointDescriptor_GetMaxPacketSize
                0x100044fc                USBEndpointDescriptor_GetNumber
 .glue_7        0x10004520        0x0 ../../core/usb/common/core/USBEndpointDescriptor.o
 .glue_7t       0x10004520        0x0 ../../core/usb/common/core/USBEndpointDescriptor.o
 .text          0x10004520       0x98 ../../core/usb/common/core/USBConfigurationDescriptor.o
                0x10004520                USBConfigurationDescriptor_GetTotalLength
                0x10004530                USBConfigurationDescriptor_IsSelfPowered
                0x10004538                USBConfigurationDescriptor_Parse
                0x1000452c                USBConfigurationDescriptor_GetNumInterfaces
 .glue_7        0x100045b8        0x0 ../../core/usb/common/core/USBConfigurationDescriptor.o
 .glue_7t       0x100045b8        0x0 ../../core/usb/common/core/USBConfigurationDescriptor.o
 .text          0x100045b8       0x20 ../../core/usb/common/core/USBInterfaceRequest.o
                0x100045b8                USBInterfaceRequest_GetAlternateSetting
                0x100045c8                USBInterfaceRequest_GetInterface
 .glue_7        0x100045d8        0x0 ../../core/usb/common/core/USBInterfaceRequest.o
 .glue_7t       0x100045d8        0x0 ../../core/usb/common/core/USBInterfaceRequest.o
 .text          0x100045d8      0x7c0 ../../core/utils/rprintf.o
                0x100045d8                usart_rprintf
                0x100049a0                rprintf
 .glue_7        0x10004d98        0x0 ../../core/utils/rprintf.o
 .glue_7t       0x10004d98        0x0 ../../core/utils/rprintf.o
 .text          0x10004d98       0xb8 ../../core/utils/time.o
                0x10004e44                timer_get_timer
                0x10004d98                timer_int
                0x10004df4                timer_init
 .glue_7        0x10004e50        0x0 ../../core/utils/time.o
 .glue_7t       0x10004e50        0x0 ../../core/utils/time.o
 .text          0x10004e50       0xa4 ../../core/utils/delay.o
                0x10004ea0                delayms
                0x10004e50                delay
 .glue_7        0x10004ef4        0x0 ../../core/utils/delay.o
 .glue_7t       0x10004ef4        0x0 ../../core/utils/delay.o
 .text          0x10004ef4      0x32c ../../core/screen/screen.o
                0x1000511c                scrWriteRect
                0x10005030                scrWriteBitmap
                0x10004f38                scrWriteBitmapRGBA
                0x10004ef4                scrInit
 .glue_7        0x10005220        0x0 ../../core/screen/screen.o
 .glue_7t       0x10005220        0x0 ../../core/screen/screen.o
 .text          0x10005220       0xd0 ../../core/screen/font.o
                0x10005234                fontPutChar
                0x10005220                fontSetCharPos
 .glue_7        0x100052f0        0x0 ../../core/screen/font.o
 .glue_7t       0x100052f0        0x0 ../../core/screen/font.o
 .text          0x100052f0     0x102c ../../core/lua-5.1.4/src/lapi.o
                0x10005748                lua_getupvalue
                0x1000547c                lua_insert
                0x100055ac                lua_touserdata
                0x10005668                lua_pushlightuserdata
                0x100053f0                lua_atpanic
                0x100058d8                lua_isnumber
                0x10005730                lua_getallocf
                0x10005bcc                lua_load
                0x10006084                lua_objlen
                0x10005c24                lua_pcall
                0x10005fd8                lua_getfield
                0x10005a38                lua_concat
                0x1000558c                lua_tocfunction
                0x10005ae0                lua_next
                0x100053f8                lua_gettop
                0x10006034                lua_pushvfstring
                0x100055d0                lua_tothread
                0x10005828                lua_tointeger
                0x10005694                lua_getmetatable
                0x10005628                lua_pushnumber
                0x10005450                lua_remove
                0x10005eec                lua_setfield
                0x100053e8                lua_setlevel
                0x10005aac                lua_pushlstring
                0x10005534                lua_isstring
                0x100054b4                lua_pushvalue
                0x1000561c                lua_pushnil
                0x1000585c                lua_tonumber
                0x10005740                lua_setallocf
                0x10005418                lua_settop
                0x10005c84                lua_pushcclosure
                0x1000605c                lua_pushfstring
                0x100060cc                lua_tolstring
                0x100054d4                lua_type
                0x10005510                lua_iscfunction
                0x10005654                lua_pushboolean
                0x100053a0                lua_xmove
                0x10005f2c                lua_settable
                0x10005d98                lua_setmetatable
                0x100055e8                lua_topointer
                0x10005e18                lua_rawseti
                0x10005fb0                lua_rawget
                0x10005b98                lua_dump
                0x100059f4                lua_newuserdata
                0x100058a0                lua_isinteger
                0x10005384                luaA_pushobject
                0x10006124                lua_lessthan
                0x10005d64                lua_call
                0x1000572c                lua_status
                0x10005b08                lua_error
                0x100062b0                lua_checkstack
                0x1000615c                lua_equal
                0x10006018                lua_gettable
                0x10005ec0                lua_pushstring
                0x10005c00                lua_cpcall
                0x100061e8                lua_replace
                0x10005b14                lua_gc
                0x10006284                lua_newthread
                0x10005998                lua_setfenv
                0x10005900                lua_setupvalue
                0x10005f84                lua_rawgeti
                0x10005678                lua_pushthread
                0x10005e6c                lua_rawset
                0x10005568                lua_toboolean
                0x100054f8                lua_typename
                0x100056dc                lua_getfenv
                0x1000554c                lua_isuserdata
                0x100057c0                lua_pushvalue_as_number
                0x100061b4                lua_rawequal
                0x10005f50                lua_createtable
                0x10005640                lua_pushinteger
 .glue_7        0x1000631c        0x0 ../../core/lua-5.1.4/src/lapi.o
 .glue_7t       0x1000631c        0x0 ../../core/lua-5.1.4/src/lapi.o
 .text          0x1000631c      0xc48 ../../core/lua-5.1.4/src/lauxlib.o
                0x10006664                luaL_ref
                0x10006b14                luaL_openlib
                0x100067ec                luaL_addlstring
                0x10006a50                luaL_callmeta
                0x10006618                luaL_unref
                0x10006c18                luaL_checkstack
                0x10006e18                luaL_checklstring
                0x10006874                luaL_findtable
                0x100063b0                luaL_loadbuffer
                0x100063cc                luaL_loadstring
                0x10006340                luaL_newstate
                0x10006ae0                luaL_error
                0x10006a00                luaL_getmetafield
                0x10006da0                luaL_checknumber
                0x10006934                luaL_gsub
                0x10006cc0                luaL_checkany
                0x1000631c                luaL_buffinit
                0x10006a94                luaL_where
                0x10006840                luaL_pushresult
                0x10006e3c                luaL_optlstring
                0x100069ac                luaL_newmetatable
                0x10006824                luaL_addstring
                0x10006744                luaL_addvalue
                0x10006c3c                luaL_argerror
                0x10006d40                luaL_checkinteger
                0x10006ea4                luaL_checkudata
                0x10006de4                luaL_optnumber
                0x10006d70                luaL_optinteger
                0x10006ce4                luaL_typerror
                0x100067bc                luaL_prepbuffer
                0x10006f04                luaL_checkoption
                0x10006e84                luaL_checktype
                0x10006c0c                luaL_register
                0x10006440                luaL_loadfile
 .glue_7        0x10006f64        0x0 ../../core/lua-5.1.4/src/lauxlib.o
 .glue_7t       0x10006f64        0x0 ../../core/lua-5.1.4/src/lauxlib.o
 .text          0x10006f64      0xe18 ../../core/lua-5.1.4/src/lbaselib.o
                0x10007240                luaopen_base
 .glue_7        0x10007d7c        0x0 ../../core/lua-5.1.4/src/lbaselib.o
 .glue_7t       0x10007d7c        0x0 ../../core/lua-5.1.4/src/lbaselib.o
 .text          0x10007d7c     0x1274 ../../core/lua-5.1.4/src/lcode.o
                0x100080b4                luaK_setlist
                0x1000875c                luaK_exp2val
                0x1000803c                luaK_nil
                0x10008774                luaK_exp2RK
                0x10007d7c                luaK_getlabel
                0x100086d8                luaK_exp2nextreg
                0x100084e4                luaK_goiftrue
                0x10007f98                luaK_dischargevars
                0x10008718                luaK_exp2anyreg
                0x10008f2c                luaK_storevar
                0x10008e98                luaK_indexed
                0x10008170                luaK_patchlist
                0x1000822c                luaK_setreturns
                0x1000801c                luaK_ret
                0x1000836c                luaK_integerK
                0x10008190                luaK_jump
                0x10008df4                luaK_infix
                0x10007f78                luaK_codeABC
                0x10008388                luaK_numberK
                0x1000815c                luaK_patchtohere
                0x100081e4                luaK_checkstack
                0x10008a7c                luaK_prefix
                0x10007dcc                luaK_fixline
                0x10008fd8                luaK_stringK
                0x10008214                luaK_reserveregs
                0x10007f5c                luaK_codeABx
                0x10008eb0                luaK_self
                0x10007d84                luaK_setoneret
                0x10008114                luaK_concat
                0x10008cd8                luaK_posfix
 .glue_7        0x10008ff0        0x0 ../../core/lua-5.1.4/src/lcode.o
 .glue_7t       0x10008ff0        0x0 ../../core/lua-5.1.4/src/lcode.o
 .text          0x10008ff0      0x960 ../../core/lua-5.1.4/src/ldblib.o
                0x10008ff0                luaopen_debug
 .glue_7        0x10009950        0x0 ../../core/lua-5.1.4/src/ldblib.o
 .glue_7t       0x10009950        0x0 ../../core/lua-5.1.4/src/ldblib.o
 .text          0x10009950      0xbac ../../core/lua-5.1.4/src/ldebug.o
                0x10009984                lua_sethook
                0x100099a4                lua_gethookmask
                0x10009f54                luaG_ordererror
                0x100099ac                lua_gethookcount
                0x1000a258                lua_getinfo
                0x1000a210                lua_setlocal
                0x1000a17c                luaG_concaterror
                0x10009e40                luaG_checkcode
                0x10009e54                luaG_errormsg
                0x10009ebc                luaG_runerror
                0x100099a0                lua_gethook
                0x100099b0                lua_getstack
                0x1000a14c                luaG_aritherror
                0x10009a14                luaG_checkopenop
                0x1000a0c0                luaG_typeerror
                0x1000a4c0                lua_getlocal
 .glue_7        0x1000a4fc        0x0 ../../core/lua-5.1.4/src/ldebug.o
 .glue_7t       0x1000a4fc        0x0 ../../core/lua-5.1.4/src/ldebug.o
 .text          0x1000a4fc      0xa6c ../../core/lua-5.1.4/src/ldo.o
                0x1000aa78                lua_resume
                0x1000a964                luaD_rawrunprotected
                0x1000aefc                luaD_call
                0x1000a828                luaD_callhook
                0x1000abb0                luaD_precall
                0x1000aa38                luaD_protectedparser
                0x1000aaf8                luaD_throw
                0x1000a8c0                luaD_poscall
                0x1000a5f4                luaD_reallocstack
                0x1000a4fc                lua_yield
                0x1000a58c                luaD_reallocCI
                0x1000a9a0                luaD_pcall
                0x1000a730                luaD_growstack
                0x1000a530                luaD_seterrorobj
 .glue_7        0x1000af68        0x0 ../../core/lua-5.1.4/src/ldo.o
 .glue_7t       0x1000af68        0x0 ../../core/lua-5.1.4/src/ldo.o
 .text          0x1000af68      0x2b8 ../../core/lua-5.1.4/src/ldump.o
                0x1000b1e4                luaU_dump
 .glue_7        0x1000b220        0x0 ../../core/lua-5.1.4/src/ldump.o
 .glue_7t       0x1000b220        0x0 ../../core/lua-5.1.4/src/ldump.o
 .text          0x1000b220      0x2c8 ../../core/lua-5.1.4/src/lfunc.o
                0x1000b48c                luaF_close
                0x1000b288                luaF_freeproto
                0x1000b320                luaF_findupval
                0x1000b410                luaF_newLclosure
                0x1000b3e4                luaF_newupval
                0x1000b260                luaF_freeclosure
                0x1000b2fc                luaF_freeupval
                0x1000b220                luaF_getlocalname
                0x1000b390                luaF_newproto
                0x1000b454                luaF_newCclosure
 .glue_7        0x1000b4e8        0x0 ../../core/lua-5.1.4/src/lfunc.o
 .glue_7t       0x1000b4e8        0x0 ../../core/lua-5.1.4/src/lfunc.o
 .text          0x1000b4e8      0xb4c ../../core/lua-5.1.4/src/lgc.o
                0x1000b61c                luaC_barrierback
                0x1000b5f0                luaC_barrierf
                0x1000bfa4                luaC_step
                0x1000bbbc                luaC_freeall
                0x1000b69c                luaC_separateudata
                0x1000c018                luaC_callGCTM
                0x1000b644                luaC_linkupval
                0x1000bf4c                luaC_fullgc
                0x1000b630                luaC_link
 .glue_7        0x1000c034        0x0 ../../core/lua-5.1.4/src/lgc.o
 .glue_7t       0x1000c034        0x0 ../../core/lua-5.1.4/src/lgc.o
 .text          0x1000c034       0x34 ../../core/lua-5.1.4/src/linit.o
                0x1000c034                luaL_openlibs
 .glue_7        0x1000c068        0x0 ../../core/lua-5.1.4/src/linit.o
 .glue_7t       0x1000c068        0x0 ../../core/lua-5.1.4/src/linit.o
 .text          0x1000c068      0xbc0 ../../core/lua-5.1.4/src/liolib.o
                0x1000cb0c                luaopen_io
 .glue_7        0x1000cc28        0x0 ../../core/lua-5.1.4/src/liolib.o
 .glue_7t       0x1000cc28        0x0 ../../core/lua-5.1.4/src/liolib.o
 .text          0x1000cc28      0xb58 ../../core/lua-5.1.4/src/llex.o
                0x1000cc28                luaX_setinput
                0x1000cc80                luaX_newstring
                0x1000d74c                luaX_init
                0x1000cfdc                luaX_syntaxerror
                0x1000ccb0                luaX_token2str
                0x1000d704                luaX_lookahead
                0x1000d718                luaX_next
                0x1000ccfc                luaX_lexerror
 .glue_7        0x1000d780        0x0 ../../core/lua-5.1.4/src/llex.o
 .glue_7t       0x1000d780        0x0 ../../core/lua-5.1.4/src/llex.o
 .text          0x1000d780      0x5b4 ../../core/lua-5.1.4/src/lmathlib.o
                0x1000d780                luaopen_math
 .glue_7        0x1000dd34        0x0 ../../core/lua-5.1.4/src/lmathlib.o
 .glue_7t       0x1000dd34        0x0 ../../core/lua-5.1.4/src/lmathlib.o
 .text          0x1000dd34       0xc4 ../../core/lua-5.1.4/src/lmem.o
                0x1000dd34                luaM_realloc_
                0x1000dd70                luaM_toobig
                0x1000dd84                luaM_growaux_
 .glue_7        0x1000ddf8        0x0 ../../core/lua-5.1.4/src/lmem.o
 .glue_7t       0x1000ddf8        0x0 ../../core/lua-5.1.4/src/lmem.o
 .text          0x1000ddf8      0x970 ../../core/lua-5.1.4/src/loadlib.o
                0x1000e604                luaopen_package
 .glue_7        0x1000e768        0x0 ../../core/lua-5.1.4/src/loadlib.o
 .glue_7t       0x1000e768        0x0 ../../core/lua-5.1.4/src/loadlib.o
 .text          0x1000e768      0x364 ../../core/lua-5.1.4/src/lobject.o
                0x1000ea2c                luaO_pushfstring
                0x1000e768                luaO_int2fb
                0x1000e788                luaO_fb2int
                0x1000e7bc                luaO_chunkid
                0x1000e8a0                luaO_pushvfstring
                0x1000ea44                luaO_rawequalObj
                0x1000e7a0                luaO_log2
 .glue_7        0x1000eacc        0x0 ../../core/lua-5.1.4/src/lobject.o
 .glue_7t       0x1000eacc        0x0 ../../core/lua-5.1.4/src/lobject.o
 .text          0x1000eacc        0x0 ../../core/lua-5.1.4/src/lopcodes.o
 .glue_7        0x1000eacc        0x0 ../../core/lua-5.1.4/src/lopcodes.o
 .glue_7t       0x1000eacc        0x0 ../../core/lua-5.1.4/src/lopcodes.o
 .text          0x1000eacc      0x560 ../../core/lua-5.1.4/src/loslib.o
                0x1000eacc                luaopen_os
 .glue_7        0x1000f02c        0x0 ../../core/lua-5.1.4/src/loslib.o
 .glue_7t       0x1000f02c        0x0 ../../core/lua-5.1.4/src/loslib.o
 .text          0x1000f02c     0x1a14 ../../core/lua-5.1.4/src/lparser.o
                0x100109cc                luaY_parser
 .glue_7        0x10010a40        0x0 ../../core/lua-5.1.4/src/lparser.o
 .glue_7t       0x10010a40        0x0 ../../core/lua-5.1.4/src/lparser.o
 .text          0x10010a40      0x354 ../../core/lua-5.1.4/src/lstate.o
                0x10010d10                luaE_newthread
                0x10010ab0                lua_close
                0x10010afc                lua_newstate
                0x10010c5c                luaE_freethread
 .glue_7        0x10010d94        0x0 ../../core/lua-5.1.4/src/lstate.o
 .glue_7t       0x10010d94        0x0 ../../core/lua-5.1.4/src/lstate.o
 .text          0x10010d94      0x1d4 ../../core/lua-5.1.4/src/lstring.o
                0x10010d94                luaS_newudata
                0x10010e6c                luaS_newlstr
                0x10010de0                luaS_resize
 .glue_7        0x10010f68        0x0 ../../core/lua-5.1.4/src/lstring.o
 .glue_7t       0x10010f68        0x0 ../../core/lua-5.1.4/src/lstring.o
 .text          0x10010f68     0x11dc ../../core/lua-5.1.4/src/lstrlib.o
                0x100120b8                luaopen_string
 .glue_7        0x10012144        0x0 ../../core/lua-5.1.4/src/lstrlib.o
 .glue_7t       0x10012144        0x0 ../../core/lua-5.1.4/src/lstrlib.o
 .text          0x10012144      0x918 ../../core/lua-5.1.4/src/ltable.o
                0x100128c8                luaH_resizearray
                0x10012188                luaH_getstr
                0x100128f0                luaH_next
                0x10012a08                luaH_new
                0x10012144                luaH_getint
                0x10012520                luaH_set
                0x10012738                luaH_setstr
                0x100121b8                luaH_getn
                0x10012368                luaH_free
                0x10012488                luaH_get
                0x10012790                luaH_setint
 .glue_7        0x10012a5c        0x0 ../../core/lua-5.1.4/src/ltable.o
 .glue_7t       0x10012a5c        0x0 ../../core/lua-5.1.4/src/ltable.o
 .text          0x10012a5c      0x674 ../../core/lua-5.1.4/src/ltablib.o
                0x10012a5c                luaopen_table
 .glue_7        0x100130d0        0x0 ../../core/lua-5.1.4/src/ltablib.o
 .glue_7t       0x100130d0        0x0 ../../core/lua-5.1.4/src/ltablib.o
 .text          0x100130d0       0xb4 ../../core/lua-5.1.4/src/ltm.o
                0x100130d0                luaT_gettmbyobj
                0x10013118                luaT_gettm
                0x1001313c                luaT_init
 .glue_7        0x10013184        0x0 ../../core/lua-5.1.4/src/ltm.o
 .glue_7t       0x10013184        0x0 ../../core/lua-5.1.4/src/ltm.o
 .text          0x10013184      0x4c4 ../../core/lua-5.1.4/src/lundump.o
                0x100135d0                luaU_undump
                0x10013184                luaU_header
 .glue_7        0x10013648        0x0 ../../core/lua-5.1.4/src/lundump.o
 .glue_7t       0x10013648        0x0 ../../core/lua-5.1.4/src/lundump.o
 .text          0x10013648     0x1aa8 ../../core/lua-5.1.4/src/lvm.o
                0x10013b8c                luaV_concat
                0x1001397c                luaV_settable
                0x100137b8                luaV_lessthan
                0x10013cd4                luaV_tonumber
                0x100138fc                luaV_equalval
                0x10013ebc                luaV_execute
                0x10013a98                luaV_gettable
                0x10013b4c                luaV_tostring
 .glue_7        0x100150f0        0x0 ../../core/lua-5.1.4/src/lvm.o
 .glue_7t       0x100150f0        0x0 ../../core/lua-5.1.4/src/lvm.o
 .text          0x100150f0       0xec ../../core/lua-5.1.4/src/lzio.o
                0x10015160                luaZ_openspace
                0x10015194                luaZ_read
                0x100150f0                luaZ_fill
                0x10015128                luaZ_lookahead
                0x10015150                luaZ_init
 .glue_7        0x100151dc        0x0 ../../core/lua-5.1.4/src/lzio.o
 .glue_7t       0x100151dc        0x0 ../../core/lua-5.1.4/src/lzio.o
 .text          0x100151dc      0x644 ../../core/lua-5.1.4/src/print.o
                0x100153f0                luaU_print
 .glue_7        0x10015820        0x0 ../../core/lua-5.1.4/src/print.o
 .glue_7t       0x10015820        0x0 ../../core/lua-5.1.4/src/print.o
 .text          0x10015820      0x580 ../../core/dynawa/rtos.o
                0x100158a4                Queue_receive
                0x100158d8                Semaphore_create
                0x10015cec                Task_nextTask
                0x10015884                Semaphore_take
                0x10015850                Semaphore_give
                0x10015918                Queue_msgsAvailable
                0x10015948                RTOS_currentTask
                0x10015d40                Task_exitCritical
                0x100158c0                Semaphore_delete
                0x10015d14                Task_setPriority
                0x10015958                Task_name
                0x10015d20                Task_priority
                0x10015908                Queue_receiveFromISR
                0x10015d58                Task_sleep
                0x10015924                RTOS_ticksSinceBoot
                0x100158cc                Queue_delete
                0x10015820                Task_yield
                0x100158fc                Queue_create
                0x100159c4                RTOS_iterateForNextTask
                0x10015bd0                RTOS_findTaskByName
                0x10015d4c                Task_enterCritical
                0x10015a9c                RTOS_findTask
                0x10015868                Queue_send
                0x1001583c                Queue_sendFromISR
                0x100159b8                Task_id
                0x10015a4c                RTOS_iterateByID
                0x10015ba4                RTOS_findTaskByID
                0x10015bfc                RTOS_getNextTaskControlBlock
                0x10015d64                Task_delete
                0x10015930                RTOS_topTaskPriority
                0x10015d70                Task_create
                0x1001593c                RTOS_numberOfTasks
                0x10015964                RTOS_iterateByName
                0x10015824                Semaphore_giveFromISR
                0x10015d2c                Task_remainingStack
 .glue_7        0x10015da0        0x0 ../../core/dynawa/rtos.o
 .glue_7t       0x10015da0        0x0 ../../core/dynawa/rtos.o
 .text          0x10015da0      0x290 ../../core/dynawa/usbserial.o
                0x10015e58                usbserial_onUsbData
                0x10015e90                UsbSerial_read
                0x10015da0                UsbSerial_isActive
                0x10015de0                UsbSerial_writeSlip
                0x10015db0                UsbSerial_write
                0x10015f38                UsbSerial_readSlip
                0x10016004                UsbSerial_init
 .glue_7        0x10016030        0x0 ../../core/dynawa/usbserial.o
 .glue_7t       0x10016030        0x0 ../../core/dynawa/usbserial.o
 .text          0x10016030      0x56c ../../core/dynawa/serial.o
                0x10016104                Serial_anyBytesAvailable
                0x10016064                Serial_parity
                0x10016030                Serial_baud
                0x100161ec                Serial_read
                0x100161bc                Serial_readChar
                0x10016228                Serial_readDMA
                0x100162a8                Serial_flush
                0x1001647c                Serial_setBaud
                0x1001609c                Serial_handshaking
                0x1001628c                Serial_bytesAvailable
                0x10016420                Serial_setParity
                0x1001611c                Serial_clearErrors
                0x100160b8                Serial_writeChar
                0x1001604c                Serial_dataBits
                0x100163ec                Serial_setStopBits
                0x10016450                Serial_setDataBits
                0x100160bc                Serial_writeDMA
                0x100163c8                Serial_setHandshaking
                0x100162c8                Serial_write
                0x1001649c                Serial_init
                0x10016080                Serial_stopBits
                0x10016194                Serial_startBreak
                0x1001613c                Serial_errors
                0x1001630c                Serial_setDetails
                0x100161a8                Serial_stopBreak
 .glue_7        0x1001659c        0x0 ../../core/dynawa/serial.o
 .glue_7t       0x1001659c        0x0 ../../core/dynawa/serial.o
 .text          0x1001659c       0xe8 ../../core/dynawa/main.o
                0x1001659c                kill
                0x10016674                MakeStarterTask
                0x100165bc                main
                0x100165ac                vApplicationIdleHook
 .glue_7        0x10016684        0x0 ../../core/dynawa/main.o
 .glue_7t       0x10016684        0x0 ../../core/dynawa/main.o
 .text          0x10016684      0x2b4 ../../core/dynawa/io.o
                0x1001682c                Io_initInterrupts
                0x100167c0                Io_init
                0x100166e8                Io_setValue
                0x1001676c                Io_setFilter
                0x10016748                Io_setPullup
                0x10016738                Io_pullup
                0x10016820                Io_removeInterruptHandler
                0x10016780                Io_setPeripheral
                0x100166d8                Io_value
                0x1001675c                Io_filter
                0x10016708                Io_off
                0x10016910                Io_new
                0x10016724                Io_setDirection
                0x10016684                Io_valid
                0x100166fc                Io_on
                0x100166c8                Io_pin
                0x10016714                Io_direction
                0x10016888                Io_addInterruptHandler
                0x10016694                Io_setPin
 .glue_7        0x10016938        0x0 ../../core/dynawa/io.o
 .glue_7t       0x10016938        0x0 ../../core/dynawa/io.o
 .text          0x10016938       0x60 ../../core/dynawa/led.o
                0x10016974                Led_init
                0x1001695c                Led_stateToggle
                0x10016944                Led_setState
                0x10016938                Led_state
 .glue_7        0x10016998        0x0 ../../core/dynawa/led.o
 .glue_7t       0x10016998        0x0 ../../core/dynawa/led.o
 .text          0x10016998      0x578 ../../core/dynawa/lua/lua.o
                0x100169fc                lua_main
                0x10016998                my_gets
                0x10016c58                lua_event_loop
 .glue_7        0x10016f10        0x0 ../../core/dynawa/lua/lua.o
 .glue_7t       0x10016f10        0x0 ../../core/dynawa/lua/lua.o
 .text          0x10016f10       0x28 ../../core/dynawa/lua/lua_isr.o
                0x10016f10                lua_timer_handler
 .glue_7        0x10016f38        0x0 ../../core/dynawa/lua/lua_isr.o
 .glue_7t       0x10016f38        0x0 ../../core/dynawa/lua/lua_isr.o
 .text          0x10016f38       0xe8 ../../core/dynawa/lua/lib_dynawa.o
                0x10016f38                luaopen_dynawa
 .glue_7        0x10017020        0x0 ../../core/dynawa/lua/lib_dynawa.o
 .glue_7t       0x10017020        0x0 ../../core/dynawa/lua/lib_dynawa.o
 .text          0x10017020       0xe4 ../../core/dynawa/lua/lib_dynawa_timer.o
                0x10017020                dynawa_timer_register
 .glue_7        0x10017104        0x0 ../../core/dynawa/lua/lib_dynawa_timer.o
 .glue_7t       0x10017104        0x0 ../../core/dynawa/lua/lib_dynawa_timer.o
 .text          0x10017104      0x4a0 ../../core/dynawa/lua/lib_dynawa_bitmap.o
                0x10017104                dynawa_bitmap_register
 .glue_7        0x100175a4        0x0 ../../core/dynawa/lua/lib_dynawa_bitmap.o
 .glue_7t       0x100175a4        0x0 ../../core/dynawa/lua/lib_dynawa_bitmap.o
 .text          0x100175a4       0x70 ../../core/dynawa/event.o
                0x100175e8                event_post
                0x100175a4                event_get
                0x100175c0                event_post_isr
                0x10017600                event_init
 .glue_7        0x10017614        0x0 ../../core/dynawa/event.o
 .glue_7t       0x10017614        0x0 ../../core/dynawa/event.o
 .text          0x10017614      0x340 ../../core/dynawa/timer.o
                0x1001763c                Timer_setHandler
                0x10017644                Timer_enable
                0x10017798                Timer_stop
                0x10017670                Timer_setTimeTarget
                0x10017658                Timer_getTimeTarget
                0x10017688                Timer_managerInit
                0x10017894                Timer_start
                0x1001772c                Timer_init
                0x10017614                Timer_closeStopped
                0x10017664                Timer_getTime
                0x10017768                Timer_setProcessingFlag
                0x10017748                Timer_managerDeinit
                0x10017864                Timer_close
 .glue_7        0x10017954        0x0 ../../core/dynawa/timer.o
 .glue_7t       0x10017954        0x0 ../../core/dynawa/timer.o
 .text          0x10017954      0xb7c ../../core/dynawa/bitmap.o
                0x10018050                bitmap_mask
                0x10017968                bitmap_check_bounds
                0x10017a18                bitmap_op_mask
                0x10017f88                bitmap_set_pixels
                0x10017b3c                bitmap_op_combine
                0x10018294                bitmap_copy
                0x10017960                bitmap_set_header
                0x10017954                bitmap_size
                0x10017d0c                bitmap_combine
                0x10017c50                bitmap_copy2
 .glue_7        0x100184d0        0x0 ../../core/dynawa/bitmap.o
 .glue_7t       0x100184d0        0x0 ../../core/dynawa/bitmap.o
 .text          0x100184d0      0x490 ../../core/sdcard/sdcard.o
                0x10018728                sd_info
                0x100185c8                sd_writesector
                0x10018508                sd_get_response
                0x100186f8                sd_read_n
                0x100184d0                sd_card_detect
                0x10018560                sd_command
                0x100184d4                sd_get_datatoken
                0x10018820                sd_init
                0x10018678                sd_readsector
                0x1001853c                sd_send_dummys
 .glue_7        0x10018960        0x0 ../../core/sdcard/sdcard.o
 .glue_7t       0x10018960        0x0 ../../core/sdcard/sdcard.o
 .text          0x10018960       0xa4 ../../core/dynawa/fat.o
                0x10018988                f_printerror
                0x10018960                f_ferrorlookup
                0x100189c0                get_fattime
 .glue_7        0x10018a04        0x0 ../../core/dynawa/fat.o
 .glue_7t       0x10018a04        0x0 ../../core/dynawa/fat.o
 .text          0x10018a04       0x70 ../../core/fatfs-0.07/src/option/ccsbcs.o
                0x10018a48                ff_wtoupper
                0x10018a04                ff_convert
 .glue_7        0x10018a74        0x0 ../../core/fatfs-0.07/src/option/ccsbcs.o
 .glue_7t       0x10018a74        0x0 ../../core/fatfs-0.07/src/option/ccsbcs.o
 .text          0x10018a74       0x9c ../../core/fatfs-0.07/src/diskio.o
                0x10018a74                disk_initialize
                0x10018a78                disk_status
                0x10018a7c                disk_ioctl
                0x10018a80                disk_write
                0x10018ab8                disk_read
 .glue_7        0x10018b10        0x0 ../../core/fatfs-0.07/src/diskio.o
 .glue_7t       0x10018b10        0x0 ../../core/fatfs-0.07/src/diskio.o
 .text          0x10018b10     0x2994 ../../core/fatfs-0.07/src/ff.o
                0x100195b4                get_fat
                0x1001ac84                f_rename
                0x1001a218                f_truncate
                0x10018b2c                gen_numname
                0x1001b0d0                f_unlink
                0x1001a55c                f_close
                0x1001a78c                f_read
                0x1001a2b4                f_readdir
                0x1001ae2c                f_chmod
                0x1001a4bc                f_sync
                0x1001a968                chk_mounted
                0x10018bf0                f_mkfs
                0x10018bc4                f_mount
                0x1001b2cc                f_opendir
                0x100194ac                put_fat
                0x1001a318                f_lseek
                0x1001b27c                f_stat
                0x10018b10                clust2sect
                0x1001adcc                f_utime
                0x1001a570                f_write
                0x1001b338                f_open
                0x1001ae90                f_mkdir
                0x1001b190                f_getfree
 .glue_7        0x1001b4a4        0x0 ../../core/fatfs-0.07/src/ff.o
 .glue_7t       0x1001b4a4        0x0 ../../core/fatfs-0.07/src/ff.o
 .text          0x1001b4a4      0x1d0 ../../core/monitor/args.o
                0x1001b4a4                argsParse
                0x1001b590                argsGetLine
 .glue_7        0x1001b674        0x0 ../../core/monitor/args.o
 .glue_7t       0x1001b674        0x0 ../../core/monitor/args.o
 .text          0x1001b674       0x94 ../../core/monitor/argsdispatch.o
                0x1001b674                argsDispatch
 .glue_7        0x1001b708        0x0 ../../core/monitor/argsdispatch.o
 .glue_7t       0x1001b708        0x0 ../../core/monitor/argsdispatch.o
 .text          0x1001b708      0xc74 ../../core/monitor/monitor.o
                0x1001b708                monitorTimevalSubtract
                0x1001c2e4                chmod
                0x1001b788                monitorTaskStart
                0x1001c364                sync
                0x1001c358                mkdir
 .glue_7        0x1001c37c        0x0 ../../core/monitor/monitor.o
 .glue_7t       0x1001c37c        0x0 ../../core/monitor/monitor.o
 .text          0x1001c37c       0xd0 ../../core/yabcsp/src/crc.o
                0x1001c3b8                abcsp_crc_reverse
                0x1001c384                abcsp_crc_update
                0x1001c40c                abcsp_crc_block
                0x1001c37c                abcsp_crc_init
 .glue_7        0x1001c44c        0x0 ../../core/yabcsp/src/crc.o
 .glue_7t       0x1001c44c        0x0 ../../core/yabcsp/src/crc.o
 .text          0x1001c44c       0x44 ../../core/yabcsp/src/init.o
                0x1001c460                abcsp_init
                0x1001c44c                abcsp_deinit
 .glue_7        0x1001c490        0x0 ../../core/yabcsp/src/init.o
 .glue_7t       0x1001c490        0x0 ../../core/yabcsp/src/init.o
 .text          0x1001c490      0x1d0 ../../core/yabcsp/src/le.o
                0x1001c624                abcsp_bcsple_putmsg
                0x1001c4ec                abcsp_bcsple_init
                0x1001c60c                abcsp_tconf_timed_event
                0x1001c4d8                abcsp_bcsple_deinit
                0x1001c618                abcsp_tshy_timed_event
 .glue_7        0x1001c660        0x0 ../../core/yabcsp/src/le.o
 .glue_7t       0x1001c660        0x0 ../../core/yabcsp/src/le.o
 .text          0x1001c660      0x374 ../../core/yabcsp/src/rx.o
                0x1001c674                abcsp_uart_deliverbytes
                0x1001c660                abcsp_uart_init
 .glue_7        0x1001c9d4        0x0 ../../core/yabcsp/src/rx.o
 .glue_7t       0x1001c9d4        0x0 ../../core/yabcsp/src/rx.o
 .text          0x1001c9d4      0x4ec ../../core/yabcsp/src/txmsg.o
                0x1001ca7c                abcsp_pumptxmsgs
                0x1001ca00                abcsp_bcsp_timed_event
                0x1001ce34                abcsp_sendmsg
                0x1001c9d4                abcsp_txmsg_init
                0x1001ca30                abcsp_txmsg_deinit
 .glue_7        0x1001cec0        0x0 ../../core/yabcsp/src/txmsg.o
 .glue_7t       0x1001cec0        0x0 ../../core/yabcsp/src/txmsg.o
 .text          0x1001cec0      0x168 ../../core/yabcsp/src/txslip.o
                0x1001cec0                abcsp_txslip_init
                0x1001cecc                abcsp_txslip_msgdelim
                0x1001cf1c                abcsp_txslip_sendbuf
                0x1001cf00                abcsp_txslip_flush
 .glue_7        0x1001d028        0x0 ../../core/yabcsp/src/txslip.o
 .glue_7t       0x1001d028        0x0 ../../core/yabcsp/src/txslip.o
 .text          0x1001d028      0x5a0 ../../core/dynawa/bcsp/main.o
                0x1001d230                queueMessage
                0x1001d4cc                phybusif_output
                0x1001d450                BgIntPump
                0x1001d04c                bcsp_main
 .glue_7        0x1001d5c8        0x0 ../../core/dynawa/bcsp/main.o
 .glue_7t       0x1001d5c8        0x0 ../../core/dynawa/bcsp/main.o
 .text          0x1001d5c8      0x698 ../../core/dynawa/bcsp/abcsp_support_functions.o
                0x1001d7f4                abcsp_start_bcsp_timer
                0x1001d720                abcsp_cancel_tconf_timer
                0x1001d7c0                abcsp_start_tshy_timer
                0x1001d68c                abcsp_txmsg_done
                0x1001d78c                abcsp_start_tconf_timer
                0x1001d614                abcsp_txmsg_length
                0x1001d768                abcsp_cancel_bcsp_timer
                0x1001d5e4                abcsp_txmsg_getbuf
                0x1001d99c                abcsp_delivermsg
                0x1001d644                abcsp_rxmsg_complete
                0x1001d91c                buf2pbuf
                0x1001d6cc                abcsp_uart_sendbytes
                0x1001d5c8                abcsp_txmsg_taken
                0x1001d670                abcsp_rxmsg_getbuf
                0x1001d708                abcsp_panic
                0x1001d744                abcsp_cancel_tshy_timer
                0x1001d62c                abcsp_txmsg_init_read
                0x1001d894                abcsp_req_pumptxmsgs
                0x1001d6ac                abcsp_rxmsg_destroy
                0x1001d8f0                abcsp_rxmsg_create
                0x1001d8a8                abcsp_event
                0x1001d654                abcsp_rxmsg_write
 .glue_7        0x1001dc60        0x0 ../../core/dynawa/bcsp/abcsp_support_functions.o
 .glue_7t       0x1001dc60        0x0 ../../core/dynawa/bcsp/abcsp_support_functions.o
 .text          0x1001dc60      0x460 ../../core/dynawa/bcsp/uSched.o
                0x1001de14                InitMicroSched
                0x1001dd7c                bg_int1
                0x1001ddd8                StopTimer
                0x1001dd20                bg_int2
                0x1001de70                GetTime
                0x1001de88                MicroSched
                0x1001dc7c                ScheduleTaskToRun
                0x1001dc60                TerminateMicroSched
                0x1001e040                register_bg_int
                0x1001dfdc                StartTimer
 .glue_7        0x1001e0c0        0x0 ../../core/dynawa/bcsp/uSched.o
 .glue_7t       0x1001e0c0        0x0 ../../core/dynawa/bcsp/uSched.o
 .text          0x1001e0c0      0x870 ../../core/dynawa/bcsp/SerialCom.o
                0x1001e1b0                UartDrv_GetTxSpace
                0x1001e174                UartDrv_GetRxAvailable
                0x1001e2cc                handleRxData
                0x1001e7dc                txThreadFunc
                0x1001e0d4                UartDrv_Configure
                0x1001e0f4                clearBuffer
                0x1001e494                UartDrv_Start
                0x1001e14c                UartDrv_RegisterHandlers
                0x1001e340                errorHandler
                0x1001e590                rxThreadFunc_old
                0x1001e6b0                rxThreadFunc
                0x1001e0c0                setComDefault
                0x1001e138                UartDrv_Reset
                0x1001e1f8                UartDrv_Rx
                0x1001e0c4                UartDrv_Stop
                0x1001e368                UartDrv_Tx
 .glue_7        0x1001e930        0x0 ../../core/dynawa/bcsp/SerialCom.o
 .glue_7t       0x1001e930        0x0 ../../core/dynawa/bcsp/SerialCom.o
 .text          0x1001e930       0x54 ../../core/peripherals/serial.o
                0x1001e964                dbg_usart_putchar
                0x1001e930                dbg_usart_init
 .glue_7        0x1001e984        0x0 ../../core/peripherals/serial.o
 .glue_7t       0x1001e984        0x0 ../../core/peripherals/serial.o
 .text          0x1001e984       0x38 ../../core/peripherals/oled/oled.o
                0x1001e984                oledWriteCommand
                0x1001e99c                oledWrite
                0x1001e9b8                oledScreen
 .glue_7        0x1001e9bc        0x0 ../../core/peripherals/oled/oled.o
 .glue_7t       0x1001e9bc        0x0 ../../core/peripherals/oled/oled.o
 .text          0x1001e9bc       0xa8 ../../core/peripherals/spi.o
                0x1001e9bc                spi_init
                0x1001ea10                spi_byte
 .glue_7        0x1001ea64        0x0 ../../core/peripherals/spi.o
 .glue_7t       0x1001ea64        0x0 ../../core/peripherals/spi.o
 .text          0x1001ea64      0x120 ../../core/peripherals/pmc/pmc.o
                0x1001ea64                PMC_DisableProcessorClock
                0x1001eb4c                PMC_EnablePeripheral
                0x1001eb14                PMC_DisablePeripheral
                0x1001ea78                PMC_IsAllPeriphEnabled
                0x1001eab8                PMC_DisableAllPeripherals
                0x1001ea90                PMC_IsPeriphEnabled
                0x1001eae4                PMC_EnableAllPeripherals
                0x1001eaa4                PMC_CPUInIdleMode
 .glue_7        0x1001eb84        0x0 ../../core/peripherals/pmc/pmc.o
 .glue_7t       0x1001eb84        0x0 ../../core/peripherals/pmc/pmc.o
 .text          0x1001eb84      0x164 ../../core/peripherals/usart/usart.o
                0x1001ebac                USART_SetTransmitterEnabled
                0x1001ec4c                USART_Read
                0x1001ec3c                USART_IsDataAvailable
                0x1001eb84                USART_Configure
                0x1001ec44                USART_SetIrdaFilter
                0x1001ec98                USART_Write
                0x1001ebbc                USART_SetReceiverEnabled
                0x1001ebcc                USART_WriteBuffer
                0x1001ec04                USART_ReadBuffer
 .glue_7        0x1001ece8        0x0 ../../core/peripherals/usart/usart.o
 .glue_7t       0x1001ece8        0x0 ../../core/peripherals/usart/usart.o
 .text          0x1001ece8       0x44 ../../core/peripherals/aic/aic.o
                0x1001ed1c                AIC_DisableIT
                0x1001ed0c                AIC_EnableIT
                0x1001ece8                AIC_ConfigureIT
 .glue_7        0x1001ed2c        0x0 ../../core/peripherals/aic/aic.o
 .glue_7t       0x1001ed2c        0x0 ../../core/peripherals/aic/aic.o
 .text          0x1001ed2c      0x104 ../../core/peripherals/pio/pio.o
                0x1001edf8                PIO_Get
                0x1001ed2c                PIO_Configure
                0x1001edf0                PIO_Clear
                0x1001ee18                PIO_GetOutputDataStatus
                0x1001ede8                PIO_Set
                0x1001ee28                PIO_GetISR
 .glue_7        0x1001ee30        0x0 ../../core/peripherals/pio/pio.o
 .glue_7t       0x1001ee30        0x0 ../../core/peripherals/pio/pio.o
 .text          0x1001ee30       0x8c ../../core/peripherals/rtc.o
                0x1001ee68                rtc_set
                0x1001ee30                rtc_get
 .glue_7        0x1001eebc        0x0 ../../core/peripherals/rtc.o
 .glue_7t       0x1001eebc        0x0 ../../core/peripherals/rtc.o
 .text          0x1001eebc      0x1f4 ../../core/peripherals/i2c.o
                0x1001f06c                i2cMasterWrite
                0x1001ef80                i2cMultipleWriteByteInit
                0x1001efb4                i2cMultipleWriteEnd
                0x1001f03c                i2cMultipleReadByteEnd
                0x1001eebc                i2cMasterConf
                0x1001f01c                i2cMultipleReadByteRead
                0x1001efcc                i2cReadByte
                0x1001ef94                i2cMultipleWriteByte
                0x1001effc                i2cMultipleReadByteStart
                0x1001ef50                i2cWriteByte
 .glue_7        0x1001f0b0        0x0 ../../core/peripherals/i2c.o
 .glue_7t       0x1001f0b0        0x0 ../../core/peripherals/i2c.o
 .text          0x1001f0b0      0x104 ../../core/peripherals/accel.o
                0x1001f110                spiAccelWrite8
                0x1001f180                accel_read
                0x1001f0b0                spiAccelRead16
                0x1001f14c                accel_start
 .glue_7        0x1001f1b4        0x0 ../../core/peripherals/accel.o
 .glue_7t       0x1001f1b4        0x0 ../../core/peripherals/accel.o
 .text          0x1001f1b4       0x34 ../../core/peripherals/gasgauge.o
                0x1001f1b4                gasgauge_init
 .glue_7        0x1001f1e8        0x0 ../../core/peripherals/gasgauge.o
 .glue_7t       0x1001f1e8        0x0 ../../core/peripherals/gasgauge.o
 .text          0x1001f1e8       0x64 ../../core/peripherals/amblightsensor.o
                0x1001f220                ambLightADC
                0x1001f1e8                ADCinit
 .glue_7        0x1001f24c        0x0 ../../core/peripherals/amblightsensor.o
 .glue_7t       0x1001f24c        0x0 ../../core/peripherals/amblightsensor.o
 .text          0x1001f24c       0xc0 ../../core/peripherals/ledrgb.o
                0x1001f2bc                ledrgb_set
                0x1001f26c                ledrgb_open
                0x1001f24c                ledrgb_close
 .glue_7        0x1001f30c        0x0 ../../core/peripherals/ledrgb.o
 .glue_7t       0x1001f30c        0x0 ../../core/peripherals/ledrgb.o
 .text          0x1001f30c      0x3ac ../../core/lua-5.1.4/src/lnum.o
                0x1001f68c                luaO_num2buf
                0x1001f494                try_modint
                0x1001f33c                try_addint
                0x1001f558                luaO_str2d
                0x1001f364                try_subint
                0x1001f544                try_unmint
                0x1001f410                try_divint
                0x1001f4dc                try_powint
                0x1001f388                try_mulint
                0x1001f30c                tt_integer_valued
 .glue_7        0x1001f6b8        0x0 ../../core/lua-5.1.4/src/lnum.o
 .glue_7t       0x1001f6b8        0x0 ../../core/lua-5.1.4/src/lnum.o
 .text          0x1001f6b8      0x178 ../../core/lwalkera-lwBT-f64e170/lwbt/fcs.o
                0x1001f700                fcs8_crc_check
                0x1001f7a8                fcs16_crc
                0x1001f81c                fcs16_crc_calc
                0x1001f800                fcs16_crc_check
                0x1001f6b8                fcs8_crc
                0x1001f75c                fcs8_crc_calc
 .glue_7        0x1001f830        0x0 ../../core/lwalkera-lwBT-f64e170/lwbt/fcs.o
 .glue_7t       0x1001f830        0x0 ../../core/lwalkera-lwBT-f64e170/lwbt/fcs.o
 .text          0x1001f830     0x16e8 ../../core/lwalkera-lwBT-f64e170/lwbt/hci.o
                0x1001f830                hci_arg
                0x1001ff54                hci_write_link_policy_settings
                0x1001ff10                hci_reset
                0x1002042c                hci_inquiry
                0x10020624                hci_init
                0x1001fbf0                lp_write_flush_timeout
                0x10020e74                hci_acl_input
                0x1002010c                hci_write_cod
                0x10020508                hci_new
                0x100204b8                hci_close
                0x1001fcb4                hci_read_local_features
                0x1002009c                hci_disconnect
                0x1001fdb4                hci_host_buffer_size
                0x1001f86c                hci_wlp_complete
                0x1001fe74                hci_write_scan_enable
                0x10020224                hci_set_event_filter
                0x10020160                hci_change_local_name
                0x100201bc                hci_write_stored_link_key
                0x1001fae8                lp_acl_write
                0x1001f83c                hci_cmd_complete
                0x1001f9f0                hci_cmd_ass
                0x100206b8                hci_event_input
                0x100203b4                hci_pin_code_request_reply
                0x1001ffcc                hci_sniff_mode
                0x1001f854                hci_link_key_not
                0x100202e4                hci_pin_code_request_neg_reply
                0x1001fec0                hci_write_page_timeout
                0x1001fd3c                hci_host_num_comp_packets
                0x1001f860                hci_connection_complete
                0x10020338                hci_reject_connection_request
                0x1001f848                hci_pin_req
                0x1001fe2c                hci_set_hc_to_h_fc
                0x1001fcf8                hci_read_buffer_size
                0x1001fc68                hci_read_bd_addr
                0x1001fad8                lp_is_connected
                0x1001fa40                hci_get_link
                0x10020534                lp_connect_req
                0x1001f878                hci_get_error_code
                0x1002066c                hci_reset_all
                0x1001f9e4                lp_pdu_maxsize
 .glue_7        0x10020f18        0x0 ../../core/lwalkera-lwBT-f64e170/lwbt/hci.o
 .glue_7t       0x10020f18        0x0 ../../core/lwalkera-lwBT-f64e170/lwbt/hci.o
 .text          0x10020f18     0x1938 ../../core/lwalkera-lwBT-f64e170/lwbt/l2cap.o
                0x10020f78                l2cap_disconnect_ind
                0x10021518                lp_connect_cfm
                0x10021318                l2ca_datawrite
                0x100219ec                l2cap_process_sig
                0x10020f94                l2cap_connect_ind
                0x10021660                l2ca_disconnect_req
                0x10020f18                l2cap_init
                0x100216d8                l2cap_tmr
                0x10021134                lp_disconnect_ind
                0x100211a8                l2cap_new
                0x10020f74                l2cap_arg
                0x100218ec                l2ca_connect_req
                0x10020f84                lp_connect_ind
                0x10020fe4                l2cap_close
                0x10020f7c                l2cap_timeout_ind
                0x10021818                l2ca_config_req
                0x1002257c                l2cap_input
                0x10020f54                l2cap_next_sigid
                0x10020f80                l2cap_recv
                0x100213c4                l2cap_rexmit_signal
                0x100213d8                l2cap_signal
                0x1002108c                l2cap_reset_all
                0x10021600                l2ca_ping
                0x100211f8                l2cap_write
 .glue_7        0x10022850        0x0 ../../core/lwalkera-lwBT-f64e170/lwbt/l2cap.o
 .glue_7t       0x10022850        0x0 ../../core/lwalkera-lwBT-f64e170/lwbt/l2cap.o
 .text          0x10022850       0xc4 ../../core/lwalkera-lwBT-f64e170/lwbt/lwbt_memp.o
                0x10022850                lwbt_memp_init
                0x100228bc                lwbt_memp_free
                0x100228d4                lwbt_memp_malloc
 .glue_7        0x10022914        0x0 ../../core/lwalkera-lwBT-f64e170/lwbt/lwbt_memp.o
 .glue_7t       0x10022914        0x0 ../../core/lwalkera-lwBT-f64e170/lwbt/lwbt_memp.o
 .text          0x10022914     0x1318 ../../core/lwalkera-lwBT-f64e170/lwbt/rfcomm.o
                0x10022a98                rfcomm_lp_disconnected
                0x10022f8c                rfcomm_rpn
                0x10022938                rfcomm_disc
                0x10022cf8                rfcomm_uih_credits
                0x10022914                rfcomm_init
                0x10022934                rfcomm_recv
                0x10022a60                rfcomm_get_active_pcb
                0x10022aec                rfcomm_tmr
                0x10022c64                rfcomm_disconnect
                0x10023778                rfcomm_input
                0x100231bc                rfcomm_new
                0x100230b4                rfcomm_test
                0x10022a1c                rfcomm_reset_all
                0x10022930                rfcomm_arg
                0x10022e4c                rfcomm_uih
                0x1002298c                rfcomm_close
                0x1002293c                rfcomm_listen
                0x100232d8                rfcomm_process_msg
                0x10023120                rfcomm_pn
                0x10023024                rfcomm_msc
                0x100231f8                rfcomm_connect
 .glue_7        0x10023c2c        0x0 ../../core/lwalkera-lwBT-f64e170/lwbt/rfcomm.o
 .glue_7t       0x10023c2c        0x0 ../../core/lwalkera-lwBT-f64e170/lwbt/rfcomm.o
 .text          0x10023c2c      0xfd0 ../../core/lwalkera-lwBT-f64e170/lwbt/sdp.o
                0x10023c2c                sdp_init
                0x10024a94                sdp_lp_disconnected
                0x100240e4                sdp_service_attrib_req
                0x10023e70                sdp_service_search_req
                0x10023ce8                sdp_arg
                0x10024a84                sdp_free
                0x10024394                sdp_service_search_attrib_rsp
                0x1002457c                sdp_service_attrib_rsp
                0x10023c78                sdp_register_service
                0x10024b9c                sdp_record_new
                0x10024adc                sdp_reset_all
                0x100246c4                sdp_recv
                0x10023c58                sdp_next_rhdl
                0x10024acc                sdp_record_free
                0x10023cd4                sdp_next_transid
                0x100241d0                sdp_attribute_search
                0x10023cec                sdp_pattern_search
                0x10023da0                sdp_service_search_attrib_req
                0x10023f34                sdp_service_search_rsp
                0x10024bd8                sdp_new
                0x10023c94                sdp_unregister_service
 .glue_7        0x10024bfc        0x0 ../../core/lwalkera-lwBT-f64e170/lwbt/sdp.o
 .glue_7t       0x10024bfc        0x0 ../../core/lwalkera-lwBT-f64e170/lwbt/sdp.o
 .text          0x10024bfc       0x60 ../../core/lwalkera-lwBT-f64e170/lwip/inet.o
                0x10024c3c                ntohl
                0x10024c1c                htonl
                0x10024c0c                ntohs
                0x10024bfc                htons
 .glue_7        0x10024c5c        0x0 ../../core/lwalkera-lwBT-f64e170/lwip/inet.o
 .glue_7t       0x10024c5c        0x0 ../../core/lwalkera-lwBT-f64e170/lwip/inet.o
 .text          0x10024c5c      0x138 ../../core/lwalkera-lwBT-f64e170/lwip/memp.o
                0x10024ce4                memp_free
                0x10024d24                memp_malloc
                0x10024c5c                memp_init
 .glue_7        0x10024d94        0x0 ../../core/lwalkera-lwBT-f64e170/lwip/memp.o
 .glue_7t       0x10024d94        0x0 ../../core/lwalkera-lwBT-f64e170/lwip/memp.o
 .text          0x10024d94      0x5d4 ../../core/lwalkera-lwBT-f64e170/lwip/pbuf.o
                0x10025140                pbuf_realloc
                0x10025064                pbuf_free
                0x10024fe4                pbuf_cat
                0x10024da8                pbuf_ref
                0x10024e4c                pbuf_copy_partial
                0x10024ee8                pbuf_copy
                0x100251bc                pbuf_alloc
                0x10024d94                pbuf_clen
                0x10024db4                pbuf_header
                0x1002504c                pbuf_chain
                0x100250e4                pbuf_dechain
 .glue_7        0x10025368        0x0 ../../core/lwalkera-lwBT-f64e170/lwip/pbuf.o
 .glue_7t       0x10025368        0x0 ../../core/lwalkera-lwBT-f64e170/lwip/pbuf.o
 .text          0x10025368        0x0 ../../core/lwalkera-lwBT-f64e170/lwip/stats.o
 .glue_7        0x10025368        0x0 ../../core/lwalkera-lwBT-f64e170/lwip/stats.o
 .glue_7t       0x10025368        0x0 ../../core/lwalkera-lwBT-f64e170/lwip/stats.o
 .text          0x10025368      0x984 ../../core/lwalkera-lwBT-f64e170/bt_spp.o
                0x10025694                bt_connect_ind
                0x10025370                acl_conn_complete
                0x100256f0                rfcomm_disconnected
                0x10025ab8                l2cap_connected
                0x100258ac                rfcomm_accept
                0x10025710                get_rfcomm_cn
                0x10025bd8                sdp_attributes_recv
                0x10025374                read_bdaddr_complete
                0x100255d0                acl_wpl_complete
                0x100253d0                command_complete
                0x100255ec                inquiry_complete
                0x10025c50                rfcomm_connected
                0x1002536c                at_input
                0x10025a60                bt_spp_start
                0x100256d4                l2cap_disconnected_cfm
                0x10025368                bt_spp_tmr
                0x10025780                pin_req
                0x1002575c                link_key_not
                0x100258e4                spp_recv
                0x100257b8                bt_spp_init
                0x10025c98                l2cap_disconnected_ind
 .glue_7        0x10025cec        0x0 ../../core/lwalkera-lwBT-f64e170/bt_spp.o
 .glue_7t       0x10025cec        0x0 ../../core/lwalkera-lwBT-f64e170/bt_spp.o
 .text          0x10025cec      0x308 ../../libraries/zlib-1.2.3/adler32.o
                0x10025cec                adler32
                0x10025f78                adler32_combine
 .glue_7        0x10025ff4        0x0 ../../libraries/zlib-1.2.3/adler32.o
 .glue_7t       0x10025ff4        0x0 ../../libraries/zlib-1.2.3/adler32.o
 .text          0x10025ff4       0x8c ../../libraries/zlib-1.2.3/compress.o
                0x10026004                compress2
                0x10025ff4                compressBound
                0x10026068                compress
 .glue_7        0x10026080        0x0 ../../libraries/zlib-1.2.3/compress.o
 .glue_7t       0x10026080        0x0 ../../libraries/zlib-1.2.3/compress.o
 .text          0x10026080      0x744 ../../libraries/zlib-1.2.3/crc32.o
                0x10026088                crc32
                0x100266a0                crc32_combine
                0x10026080                get_crc_table
 .glue_7        0x100267c4        0x0 ../../libraries/zlib-1.2.3/crc32.o
 .glue_7t       0x100267c4        0x0 ../../libraries/zlib-1.2.3/crc32.o
 .text          0x100267c4      0xc5c ../../libraries/zlib-1.2.3/gzio.o
                0x10026bf8                gzflush
                0x100267c4                gzungetc
                0x100271a0                gzgetc
                0x10027410                gzopen
                0x10026868                gzerror
                0x10026830                gzdirect
                0x100271c4                gzsetparams
                0x10027148                gztell
                0x10026848                gzclearerr
                0x10027014                gzseek
                0x10026e30                gzread
                0x10026b5c                gzputs
                0x100273dc                gzdopen
                0x10026a3c                gzclose
                0x10026ac8                gzwrite
                0x10026b78                gzputc
                0x10026808                gzeof
                0x10027158                gzgets
                0x10026ba0                gzrewind
                0x10026c1c                gzprintf
 .glue_7        0x10027420        0x0 ../../libraries/zlib-1.2.3/gzio.o
 .glue_7t       0x10027420        0x0 ../../libraries/zlib-1.2.3/gzio.o
 .text          0x10027420       0x6c ../../libraries/zlib-1.2.3/uncompr.o
                0x10027420                uncompress
 .glue_7        0x1002748c        0x0 ../../libraries/zlib-1.2.3/uncompr.o
 .glue_7t       0x1002748c        0x0 ../../libraries/zlib-1.2.3/uncompr.o
 .text          0x1002748c     0x16bc ../../libraries/zlib-1.2.3/deflate.o
                0x10027b08                deflate
                0x100274d4                deflateTune
                0x1002748c                deflateSetHeader
                0x10027a50                deflateSetDictionary
                0x10028864                deflateBound
                0x10028b24                deflateInit_
                0x10028970                deflateInit2_
                0x1002889c                deflateReset
                0x100274a8                deflatePrime
                0x100277a4                deflateCopy
                0x10028118                deflateParams
                0x10027504                deflateEnd
 .glue_7        0x10028b48        0x0 ../../libraries/zlib-1.2.3/deflate.o
 .glue_7t       0x10028b48        0x0 ../../libraries/zlib-1.2.3/deflate.o
 .text          0x10028b48     0x14b0 ../../libraries/zlib-1.2.3/trees.o
                0x10029bc0                _tr_flush_block
                0x10029508                _tr_stored_block
                0x10028b48                _tr_init
                0x10029828                _tr_tally
                0x10029604                _tr_align
 .glue_7        0x10029ff8        0x0 ../../libraries/zlib-1.2.3/trees.o
 .glue_7t       0x10029ff8        0x0 ../../libraries/zlib-1.2.3/trees.o
 .text          0x10029ff8       0x38 ../../libraries/zlib-1.2.3/zutil.o
                0x10029ff8                zlibVersion
                0x1002a000                zlibCompileFlags
                0x1002a014                zcfree
                0x1002a004                zError
                0x1002a020                zcalloc
 .glue_7        0x1002a030        0x0 ../../libraries/zlib-1.2.3/zutil.o
 .glue_7t       0x1002a030        0x0 ../../libraries/zlib-1.2.3/zutil.o
 .text          0x1002a030     0x12e8 ../../libraries/zlib-1.2.3/inflate.o
                0x1002a2f8                inflateCopy
                0x1002a518                inflate
                0x1002a2cc                inflateSyncPoint
                0x1002a1a8                inflateGetHeader
                0x1002a158                inflateInit_
                0x1002a078                inflatePrime
                0x1002a030                inflateReset
                0x1002a1c8                inflateSync
                0x1002a48c                inflateSetDictionary
                0x1002a16c                inflateEnd
                0x1002a0b4                inflateInit2_
 .glue_7        0x1002b318        0x0 ../../libraries/zlib-1.2.3/inflate.o
 .glue_7t       0x1002b318        0x0 ../../libraries/zlib-1.2.3/inflate.o
 .text          0x1002b318      0x970 ../../libraries/zlib-1.2.3/infback.o
                0x1002b318                inflateBackInit_
                0x1002b3d0                inflateBack